Component: ARM Compiler 5.06 update 5 (build 528) Tool: armlink [4d35e2]

==============================================================================

Section Cross References

    main.o(.text) refers to motion.o(.text) for invokecenter
    main.o(.text) refers to misc.o(.text) for NVIC_PriorityGroupConfig
    main.o(.text) refers to delay.o(.text) for delay_init
    main.o(.text) refers to usart.o(.text) for uart_init
    main.o(.text) refers to pwmdac.o(.text) for bujin_Init
    main.o(.text) refers to relays.o(.text) for Electromagnets
    main.o(.text) refers to stm32f4xx_usart.o(.text) for USART_ReceiveData
    main.o(.text) refers to main.o(.data) for j
    main.o(.text) refers to motion.o(.data) for stage
    main.o(.text) refers to main.o(.bss) for received_data
    system_stm32f4xx.o(.text) refers to system_stm32f4xx.o(.data) for SystemCoreClock
    pwmdac.o(.text) refers to stm32f4xx_rcc.o(.text) for RCC_AHB1PeriphClockCmd
    pwmdac.o(.text) refers to stm32f4xx_gpio.o(.text) for GPIO_Init
    pwmdac.o(.text) refers to stm32f4xx_tim.o(.text) for TIM_TimeBaseInit
    pwmdac.o(.text) refers to misc.o(.text) for NVIC_Init
    pwmdac.o(.text) refers to pwmdac.o(.data) for choice
    pwmdac.o(.text) refers to dflt_clz.o(x$fpl$dflt) for __aeabi_i2d
    pwmdac.o(.text) refers to dmul.o(x$fpl$dmul) for __aeabi_dmul
    pwmdac.o(.text) refers to daddsub_clz.o(x$fpl$drsb) for __aeabi_drsub
    pwmdac.o(.text) refers to dfixu.o(x$fpl$dfixu) for __aeabi_d2uiz
    pwmdac.o(.text) refers to delay.o(.text) for delay_us
    pwmdac.o(.text) refers to daddsub_clz.o(x$fpl$dadd) for __aeabi_dadd
    pwmdac.o(.text) refers to dfix.o(x$fpl$dfix) for __aeabi_d2iz
    relays.o(.text) refers to stm32f4xx_rcc.o(.text) for RCC_AHB1PeriphClockCmd
    relays.o(.text) refers to stm32f4xx_gpio.o(.text) for GPIO_Init
    motion.o(.text) refers to relays.o(.text) for close_left
    motion.o(.text) refers to delay.o(.text) for delay_ms
    motion.o(.text) refers to pwmdac.o(.text) for Lphase
    motion.o(.text) refers to pwmdac.o(.data) for flag
    motion.o(.text) refers to motion.o(.data) for Ras
    motion.o(.text) refers to motion2.o(.text) for D1coordinate
    motion.o(.text) refers to motion3.o(.text) for B1coordinate
    motion.o(.text) refers to motion4.o(.text) for L1coordinate
    motion.o(.text) refers to motion5.o(.text) for F1coordinate
    motion.o(.text) refers to motion6.o(.text) for R1coordinate
    motion2.o(.text) refers to motion.o(.text) for stepconversion
    motion2.o(.text) refers to motion.o(.data) for stage
    motion2.o(.text) refers to pwmdac.o(.data) for Ra
    motion3.o(.text) refers to motion.o(.text) for stepconversion
    motion3.o(.text) refers to motion.o(.data) for stage
    motion3.o(.text) refers to pwmdac.o(.data) for Ra
    motion4.o(.text) refers to motion.o(.text) for stepconversion
    motion4.o(.text) refers to motion.o(.data) for stage
    motion4.o(.text) refers to pwmdac.o(.data) for Ra
    motion5.o(.text) refers to motion.o(.text) for stepconversion
    motion5.o(.text) refers to motion.o(.data) for stage
    motion5.o(.text) refers to pwmdac.o(.data) for Ra
    motion6.o(.text) refers to motion.o(.text) for stepconversion
    motion6.o(.text) refers to motion.o(.data) for stage
    motion6.o(.text) refers to pwmdac.o(.data) for Ra
    delay.o(.text) refers to misc.o(.text) for SysTick_CLKSourceConfig
    delay.o(.text) refers to delay.o(.data) for fac_us
    usart.o(.rev16_text) refers (Special) to use_no_semi_2.o(.text) for __use_no_semihosting
    usart.o(.revsh_text) refers (Special) to use_no_semi_2.o(.text) for __use_no_semihosting
    usart.o(.text) refers (Special) to use_no_semi_2.o(.text) for __use_no_semihosting
    usart.o(.text) refers to stm32f4xx_rcc.o(.text) for RCC_AHB1PeriphClockCmd
    usart.o(.text) refers to stm32f4xx_gpio.o(.text) for GPIO_PinAFConfig
    usart.o(.text) refers to stm32f4xx_usart.o(.text) for USART_Init
    usart.o(.text) refers to misc.o(.text) for NVIC_Init
    usart.o(.text) refers to usart.o(.data) for serial_RxData
    usart.o(.text) refers to usart.o(.bss) for USART_RX_BUF
    usart.o(.bss) refers (Special) to use_no_semi_2.o(.text) for __use_no_semihosting
    usart.o(.data) refers (Special) to use_no_semi_2.o(.text) for __use_no_semihosting
    startup_stm32f40_41xxx.o(STACK) refers (Special) to heapauxi.o(.text) for __use_two_region_memory
    startup_stm32f40_41xxx.o(HEAP) refers (Special) to heapauxi.o(.text) for __use_two_region_memory
    startup_stm32f40_41xxx.o(RESET) refers (Special) to heapauxi.o(.text) for __use_two_region_memory
    startup_stm32f40_41xxx.o(RESET) refers to startup_stm32f40_41xxx.o(STACK) for __initial_sp
    startup_stm32f40_41xxx.o(RESET) refers to startup_stm32f40_41xxx.o(.text) for Reset_Handler
    startup_stm32f40_41xxx.o(RESET) refers to stm32f4xx_it.o(.text) for NMI_Handler
    startup_stm32f40_41xxx.o(RESET) refers to usart.o(.text) for USART1_IRQHandler
[...]


==============================================================================

Removing Unused input sections from the image.

    Removing main.o(.rev16_text), (4 bytes).
    Removing main.o(.revsh_text), (4 bytes).
    Removing stm32f4xx_it.o(.rev16_text), (4 bytes).
    Removing stm32f4xx_it.o(.revsh_text), (4 bytes).
    Removing system_stm32f4xx.o(.rev16_text), (4 bytes).
    Removing system_stm32f4xx.o(.revsh_text), (4 bytes).
    Removing pwmdac.o(.rev16_text), (4 bytes).
    Removing pwmdac.o(.revsh_text), (4 bytes).
    Removing relays.o(.rev16_text), (4 bytes).
    Removing relays.o(.revsh_text), (4 bytes).
    Removing motion.o(.rev16_text), (4 bytes).
    Removing motion.o(.revsh_text), (4 bytes).
    Removing motion2.o(.rev16_text), (4 bytes).
    Removing motion2.o(.revsh_text), (4 bytes).
    Removing motion3.o(.rev16_text), (4 bytes).
    Removing motion3.o(.revsh_text), (4 bytes).
    Removing motion4.o(.rev16_text), (4 bytes).
    Removing motion4.o(.revsh_text), (4 bytes).
    Removing motion5.o(.rev16_text), (4 bytes).
    Removing motion5.o(.revsh_text), (4 bytes).
    Removing motion6.o(.rev16_text), (4 bytes).
    Removing motion6.o(.revsh_text), (4 bytes).
    Removing delay.o(.rev16_text), (4 bytes).
    Removing delay.o(.revsh_text), (4 bytes).
    Removing sys.o(.rev16_text), (4 bytes).
    Removing sys.o(.revsh_text), (4 bytes).
    Removing sys.o(.emb_text), (16 bytes).
    Removing usart.o(.rev16_text), (4 bytes).
    Removing usart.o(.revsh_text), (4 bytes).
    Removing misc.o(.rev16_text), (4 bytes).
    Removing misc.o(.revsh_text), (4 bytes).
    Removing stm32f4xx_dbgmcu.o(.rev16_text), (4 bytes).
    Removing stm32f4xx_dbgmcu.o(.revsh_text), (4 bytes).
    Removing stm32f4xx_dbgmcu.o(.text), (100 bytes).
    Removing stm32f4xx_gpio.o(.rev16_text), (4 bytes).
    Removing stm32f4xx_gpio.o(.revsh_text), (4 bytes).
    Removing stm32f4xx_fsmc.o(.rev16_text), (4 bytes).
    Removing stm32f4xx_fsmc.o(.revsh_text), (4 bytes).
    Removing stm32f4xx_fsmc.o(.text), (1480 bytes).
    Removing stm32f4xx_fsmc.o(.constdata), (28 bytes).
    Removing stm32f4xx_syscfg.o(.rev16_text), (4 bytes).
    Removing stm32f4xx_syscfg.o(.revsh_text), (4 bytes).
    Removing stm32f4xx_syscfg.o(.text), (148 bytes).
    Removing stm32f4xx_tim.o(.rev16_text), (4 bytes).
    Removing stm32f4xx_tim.o(.revsh_text), (4 bytes).
    Removing stm32f4xx_usart.o(.rev16_text), (4 bytes).
    Removing stm32f4xx_usart.o(.revsh_text), (4 bytes).
    Removing stm32f4xx_adc.o(.rev16_text), (4 bytes).
    Removing stm32f4xx_adc.o(.revsh_text), (4 bytes).
    Removing stm32f4xx_adc.o(.text), (1124 bytes).
    Removing stm32f4xx_rcc.o(.rev16_text), (4 bytes).
    Removing stm32f4xx_rcc.o(.revsh_text), (4 bytes).

52 unused section(s) (total 3080 bytes) removed from the image.

==============================================================================

Image Symbol Table

    Local Symbols

    Symbol Name                              Value     Ov Type        Size  Object(Section)

    ../clib/angel/boardlib.s                 0x00000000   Number         0  boardinit1.o ABSOLUTE
    ../clib/angel/boardlib.s                 0x00000000   Number         0  boardinit3.o ABSOLUTE
    ../clib/angel/boardlib.s                 0x00000000   Number         0  boardshut.o ABSOLUTE
    ../clib/angel/boardlib.s                 0x00000000   Number         0  boardinit2.o ABSOLUTE
    ../clib/angel/handlers.s                 0x00000000   Number         0  __scatter_zi.o ABSOLUTE
    ../clib/angel/handlers.s                 0x00000000   Number         0  __scatter_copy.o ABSOLUTE
    ../clib/angel/kernel.s                   0x00000000   Number         0  __rtentry4.o ABSOLUTE
    ../clib/angel/kernel.s                   0x00000000   Number         0  __rtentry2.o ABSOLUTE
    ../clib/angel/kernel.s                   0x00000000   Number         0  __rtentry.o ABSOLUTE
    ../clib/angel/kernel.s                   0x00000000   Number         0  rtexit.o ABSOLUTE
    ../clib/angel/kernel.s                   0x00000000   Number         0  rtexit2.o ABSOLUTE
    ../clib/angel/rt.s                       0x00000000   Number         0  rt_raise.o ABSOLUTE
    ../clib/angel/scatter.s                  0x00000000   Number         0  __scatter.o ABSOLUTE
    ../clib/angel/startup.s                  0x00000000   Number         0  __main.o ABSOLUTE
    ../clib/angel/sys.s                      0x00000000   Number         0  use_no_semi.o ABSOLUTE
    ../clib/angel/sys.s                      0x00000000   Number         0  use_no_semi_2.o ABSOLUTE
    ../clib/angel/sys.s                      0x00000000   Number         0  sys_stackheap_outer.o ABSOLUTE
    ../clib/angel/sys.s                      0x00000000   Number         0  libspace.o ABSOLUTE
    ../clib/angel/sys.s                      0x00000000   Number         0  indicate_semi.o ABSOLUTE
    ../clib/angel/sysapp.c                   0x00000000   Number         0  sys_command.o ABSOLUTE
    ../clib/angel/sysapp.c                   0x00000000   Number         0  sys_wrch.o ABSOLUTE
    ../clib/armsys.c                         0x00000000   Number         0  argv_veneer.o ABSOLUTE
    ../clib/armsys.c                         0x00000000   Number         0  argv_veneer.o ABSOLUTE
    ../clib/armsys.c                         0x00000000   Number         0  _get_argv_nomalloc.o ABSOLUTE
    ../clib/armsys.c                         0x00000000   Number         0  no_argv.o ABSOLUTE
    ../clib/heapalloc.c                      0x00000000   Number         0  hrguard.o ABSOLUTE
    ../clib/heapaux.c                        0x00000000   Number         0  heapauxi.o ABSOLUTE
    ../clib/libinit.s                        0x00000000   Number         0  libinit.o ABSOLUTE
    ../clib/libinit.s                        0x00000000   Number         0  libinit2.o ABSOLUTE
    ../clib/libinit.s                        0x00000000   Number         0  libshutdown2.o ABSOLUTE
    ../clib/libinit.s                        0x00000000   Number         0  libshutdown.o ABSOLUTE
    ../clib/signal.c                         0x00000000   Number         0  defsig_rtmem_outer.o ABSOLUTE
    ../clib/signal.c                         0x00000000   Number         0  defsig_other.o ABSOLUTE
    ../clib/signal.c                         0x00000000   Number         0  defsig_segv_inner.o ABSOLUTE
    ../clib/signal.c                         0x00000000   Number         0  defsig_cppl_inner.o ABSOLUTE
    ../clib/signal.c                         0x00000000   Number         0  defsig_fpe_inner.o ABSOLUTE
    ../clib/signal.c                         0x00000000   Number         0  defsig_pvfn_inner.o ABSOLUTE
    ../clib/signal.c                         0x00000000   Number         0  defsig_stak_inner.o ABSOLUTE
    ../clib/signal.c                         0x00000000   Number         0  defsig_exit.o ABSOLUTE
    ../clib/signal.c                         0x00000000   Number         0  defsig_general.o ABSOLUTE
    ../clib/signal.c                         0x00000000   Number         0  defsig_rtred_inner.o ABSOLUTE
    ../clib/signal.c                         0x00000000   Number         0  defsig_rtmem_formal.o ABSOLUTE
    ../clib/signal.c                         0x00000000   Number         0  defsig_abrt_inner.o ABSOLUTE
    ../clib/signal.c                         0x00000000   Number         0  defsig_rtmem_inner.o ABSOLUTE
    ../clib/signal.c                         0x00000000   Number         0  __raise.o ABSOLUTE
    ../clib/signal.s                         0x00000000   Number         0  defsig.o ABSOLUTE
    ../clib/stdlib.c                         0x00000000   Number         0  exit.o ABSOLUTE
    ../fplib/daddsub.s                       0x00000000   Number         0  daddsub_clz.o ABSOLUTE
    ../fplib/dfix.s                          0x00000000   Number         0  dfix.o ABSOLUTE
    ../fplib/dfixu.s                         0x00000000   Number         0  dfixu.o ABSOLUTE
    ../fplib/dflt.s                          0x00000000   Number         0  dflt_clz.o ABSOLUTE
    ../fplib/dmul.s                          0x00000000   Number         0  dmul.o ABSOLUTE
    ../fplib/dnaninf.s                       0x00000000   Number         0  dnaninf.o ABSOLUTE
    ../fplib/dretinf.s                       0x00000000   Number         0  dretinf.o ABSOLUTE
    ../fplib/fpinit.s                        0x00000000   Number         0  fpinit.o ABSOLUTE
    ../fplib/usenofp.s                       0x00000000   Number         0  usenofp.o ABSOLUTE
    ..\CORE\startup_stm32f40_41xxx.s         0x00000000   Number         0  startup_stm32f40_41xxx.o ABSOLUTE
    ..\FWLIB\src\misc.c                      0x00000000   Number         0  misc.o ABSOLUTE
    ..\FWLIB\src\stm32f4xx_adc.c             0x00000000   Number         0  stm32f4xx_adc.o ABSOLUTE
    ..\FWLIB\src\stm32f4xx_dbgmcu.c          0x00000000   Number         0  stm32f4xx_dbgmcu.o ABSOLUTE
    ..\FWLIB\src\stm32f4xx_fsmc.c            0x00000000   Number         0  stm32f4xx_fsmc.o ABSOLUTE
    ..\FWLIB\src\stm32f4xx_gpio.c            0x00000000   Number         0  stm32f4xx_gpio.o ABSOLUTE
    ..\FWLIB\src\stm32f4xx_rcc.c             0x00000000   Number         0  stm32f4xx_rcc.o ABSOLUTE
    ..\FWLIB\src\stm32f4xx_syscfg.c          0x00000000   Number         0  stm32f4xx_syscfg.o ABSOLUTE
    ..\FWLIB\src\stm32f4xx_tim.c             0x00000000   Number         0  stm32f4xx_tim.o ABSOLUTE
    ..\FWLIB\src\stm32f4xx_usart.c           0x00000000   Number         0  stm32f4xx_usart.o ABSOLUTE
    ..\HARDWARE\PWM_DAC\pwmdac.c             0x00000000   Number         0  pwmdac.o ABSOLUTE
    ..\HARDWARE\Relays\Relays.c              0x00000000   Number         0  relays.o ABSOLUTE
    ..\HARDWARE\motion2\motion2.c            0x00000000   Number         0  motion2.o ABSOLUTE
    ..\HARDWARE\motion3\motion3.c            0x00000000   Number         0  motion3.o ABSOLUTE
    ..\HARDWARE\motion4\motion4.c            0x00000000   Number         0  motion4.o ABSOLUTE
    ..\HARDWARE\motion5\motion5.c            0x00000000   Number         0  motion5.o ABSOLUTE
    ..\HARDWARE\motion6\motion6.c            0x00000000   Number         0  motion6.o ABSOLUTE
    ..\HARDWARE\motion\motion.c              0x00000000   Number         0  motion.o ABSOLUTE
    ..\SYSTEM\delay\delay.c                  0x00000000   Number         0  delay.o ABSOLUTE
    ..\SYSTEM\sys\sys.c                      0x00000000   Number         0  sys.o ABSOLUTE
    ..\SYSTEM\usart\usart.c                  0x00000000   Number         0  usart.o ABSOLUTE
    ..\\FWLIB\\src\\misc.c                   0x00000000   Number         0  misc.o ABSOLUTE
    ..\\FWLIB\\src\\stm32f4xx_adc.c          0x00000000   Number         0  stm32f4xx_adc.o ABSOLUTE
    ..\\FWLIB\\src\\stm32f4xx_dbgmcu.c       0x00000000   Number         0  stm32f4xx_dbgmcu.o ABSOLUTE
    ..\\FWLIB\\src\\stm32f4xx_fsmc.c         0x00000000   Number         0  stm32f4xx_fsmc.o ABSOLUTE
    ..\\FWLIB\\src\\stm32f4xx_gpio.c         0x00000000   Number         0  stm32f4xx_gpio.o ABSOLUTE
    ..\\FWLIB\\src\\stm32f4xx_rcc.c          0x00000000   Number         0  stm32f4xx_rcc.o ABSOLUTE
    ..\\FWLIB\\src\\stm32f4xx_syscfg.c       0x00000000   Number         0  stm32f4xx_syscfg.o ABSOLUTE
    ..\\FWLIB\\src\\stm32f4xx_tim.c          0x00000000   Number         0  stm32f4xx_tim.o ABSOLUTE
    ..\\FWLIB\\src\\stm32f4xx_usart.c        0x00000000   Number         0  stm32f4xx_usart.o ABSOLUTE
    ..\\HARDWARE\\PWM_DAC\\pwmdac.c          0x00000000   Number         0  pwmdac.o ABSOLUTE
    ..\\HARDWARE\\Relays\\Relays.c           0x00000000   Number         0  relays.o ABSOLUTE
    ..\\HARDWARE\\motion2\\motion2.c         0x00000000   Number         0  motion2.o ABSOLUTE
    ..\\HARDWARE\\motion3\\motion3.c         0x00000000   Number         0  motion3.o ABSOLUTE
    ..\\HARDWARE\\motion4\\motion4.c         0x00000000   Number         0  motion4.o ABSOLUTE
    ..\\HARDWARE\\motion5\\motion5.c         0x00000000   Number         0  motion5.o ABSOLUTE
    ..\\HARDWARE\\motion6\\motion6.c         0x00000000   Number         0  motion6.o ABSOLUTE
    ..\\HARDWARE\\motion\\motion.c           0x00000000   Number         0  motion.o ABSOLUTE
    ..\\SYSTEM\\delay\\delay.c               0x00000000   Number         0  delay.o ABSOLUTE
    ..\\SYSTEM\\sys\\sys.c                   0x00000000   Number         0  sys.o ABSOLUTE
    ..\\SYSTEM\\usart\\usart.c               0x00000000   Number         0  usart.o ABSOLUTE
    dc.s                                     0x00000000   Number         0  dc.o ABSOLUTE
    main.c                                   0x00000000   Number         0  main.o ABSOLUTE
    main.c                                   0x00000000   Number         0  main.o ABSOLUTE
    stm32f4xx_it.c                           0x00000000   Number         0  stm32f4xx_it.o ABSOLUTE
    stm32f4xx_it.c                           0x00000000   Number         0  stm32f4xx_it.o ABSOLUTE
    system_stm32f4xx.c                       0x00000000   Number         0  system_stm32f4xx.o ABSOLUTE
    system_stm32f4xx.c                       0x00000000   Number         0  system_stm32f4xx.o ABSOLUTE
    RESET                                    0x08000000   Section      392  startup_stm32f40_41xxx.o(RESET)
    !!!main                                  0x08000188   Section        8  __main.o(!!!main)
    !!!scatter                               0x08000190   Section       52  __scatter.o(!!!scatter)
    !!handler_copy                           0x080001c4   Section       26  __scatter_copy.o(!!handler_copy)
    !!handler_zi                             0x080001e0   Section       28  __scatter_zi.o(!!handler_zi)
    .ARM.Collect$$libinit$$00000000          0x080001fc   Section        2  libinit.o(.ARM.Collect$$libinit$$00000000)
    .ARM.Collect$$libinit$$00000001          0x080001fe   Section        4  libinit2.o(.ARM.Collect$$libinit$$00000001)
    .ARM.Collect$$libinit$$00000004          0x08000202   Section        0  libinit2.o(.ARM.Collect$$libinit$$00000004)
    .ARM.Collect$$libinit$$0000000A          0x08000202   Section        0  libinit2.o(.ARM.Collect$$libinit$$0000000A)
    .ARM.Collect$$libinit$$0000000C          0x08000202   Section        0  libinit2.o(.ARM.Collect$$libinit$$0000000C)
    .ARM.Collect$$libinit$$0000000E          0x08000202   Section        0  libinit2.o(.ARM.Collect$$libinit$$0000000E)
    .ARM.Collect$$libinit$$00000011          0x08000202   Section        0  libinit2.o(.ARM.Collect$$libinit$$00000011)
    .ARM.Collect$$libinit$$00000013          0x08000202   Section        0  libinit2.o(.ARM.Collect$$libinit$$00000013)
    .ARM.Collect$$libinit$$00000015          0x08000202   Section        0  libinit2.o(.ARM.Collect$$libinit$$00000015)
    .ARM.Collect$$libinit$$00000017          0x08000202   Section        0  libinit2.o(.ARM.Collect$$libinit$$00000017)
    .ARM.Collect$$libinit$$00000019          0x08000202   Section        0  libinit2.o(.ARM.Collect$$libinit$$00000019)
    .ARM.Collect$$libinit$$0000001B          0x08000202   Section        0  libinit2.o(.ARM.Collect$$libinit$$0000001B)
    .ARM.Collect$$libinit$$0000001D          0x08000202   Section        0  libinit2.o(.ARM.Collect$$libinit$$0000001D)
    .ARM.Collect$$libinit$$0000001F          0x08000202   Section        0  libinit2.o(.ARM.Collect$$libinit$$0000001F)
    .ARM.Collect$$libinit$$00000021          0x08000202   Section        0  libinit2.o(.ARM.Collect$$libinit$$00000021)
    .ARM.Collect$$libinit$$00000023          0x08000202   Section        0  libinit2.o(.ARM.Collect$$libinit$$00000023)
    .ARM.Collect$$libinit$$00000025          0x08000202   Section        0  libinit2.o(.ARM.Collect$$libinit$$00000025)
    .ARM.Collect$$libinit$$0000002C          0x08000202   Section        0  libinit2.o(.ARM.Collect$$libinit$$0000002C)
    .ARM.Collect$$libinit$$0000002E          0x08000202   Section        0  libinit2.o(.ARM.Collect$$libinit$$0000002E)
    .ARM.Collect$$libinit$$00000030          0x08000202   Section        0  libinit2.o(.ARM.Collect$$libinit$$00000030)
    .ARM.Collect$$libinit$$00000032          0x08000202   Section        0  libinit2.o(.ARM.Collect$$libinit$$00000032)
    .ARM.Collect$$libinit$$00000033          0x08000202   Section        2  libinit2.o(.ARM.Collect$$libinit$$00000033)
    .ARM.Collect$$libshutdown$$00000000      0x08000204   Section        2  libshutdown.o(.ARM.Collect$$libshutdown$$00000000)
    .ARM.Collect$$libshutdown$$00000002      0x08000206   Section        0  libshutdown2.o(.ARM.Collect$$libshutdown$$00000002)
    .ARM.Collect$$libshutdown$$00000004      0x08000206   Section        0  libshutdown2.o(.ARM.Collect$$libshutdown$$00000004)
    .ARM.Collect$$libshutdown$$00000007      0x08000206   Section        0  libshutdown2.o(.ARM.Collect$$libshutdown$$00000007)
    .ARM.Collect$$libshutdown$$0000000A      0x08000206   Section        0  libshutdown2.o(.ARM.Collect$$libshutdown$$0000000A)
    .ARM.Collect$$libshutdown$$0000000C      0x08000206   Section        0  libshutdown2.o(.ARM.Collect$$libshutdown$$0000000C)
    .ARM.Collect$$libshutdown$$0000000F      0x08000206   Section        0  libshutdown2.o(.ARM.Collect$$libshutdown$$0000000F)
    .ARM.Collect$$libshutdown$$00000010      0x08000206   Section        2  libshutdown2.o(.ARM.Collect$$libshutdown$$00000010)
    .ARM.Collect$$rtentry$$00000000          0x08000208   Section        0  __rtentry.o(.ARM.Collect$$rtentry$$00000000)
    .ARM.Collect$$rtentry$$00000002          0x08000208   Section        0  __rtentry2.o(.ARM.Collect$$rtentry$$00000002)
    .ARM.Collect$$rtentry$$00000004          0x08000208   Section        6  __rtentry4.o(.ARM.Collect$$rtentry$$00000004)
    .ARM.Collect$$rtentry$$00000009          0x0800020e   Section        0  __rtentry2.o(.ARM.Collect$$rtentry$$00000009)
    .ARM.Collect$$rtentry$$0000000A          0x0800020e   Section        4  __rtentry2.o(.ARM.Collect$$rtentry$$0000000A)
    .ARM.Collect$$rtentry$$0000000C          0x08000212   Section        0  __rtentry2.o(.ARM.Collect$$rtentry$$0000000C)
    .ARM.Collect$$rtentry$$0000000D          0x08000212   Section        8  __rtentry2.o(.ARM.Collect$$rtentry$$0000000D)
    .ARM.Collect$$rtexit$$00000000           0x0800021a   Section        2  rtexit.o(.ARM.Collect$$rtexit$$00000000)
    .ARM.Collect$$rtexit$$00000002           0x0800021c   Section        0  rtexit2.o(.ARM.Collect$$rtexit$$00000002)
    .ARM.Collect$$rtexit$$00000003           0x0800021c   Section        4  rtexit2.o(.ARM.Collect$$rtexit$$00000003)
    .ARM.Collect$$rtexit$$00000004           0x08000220   Section        6  rtexit2.o(.ARM.Collect$$rtexit$$00000004)
    .text                                    0x08000228   Section        0  main.o(.text)
    .text                                    0x0800039c   Section        0  stm32f4xx_it.o(.text)
    .text                                    0x080003b8   Section        0  system_stm32f4xx.o(.text)
    SetSysClock                              0x080003b9   Thumb Code   220  system_stm32f4xx.o(.text)
    .text                                    0x080005c8   Section        0  pwmdac.o(.text)
    .text                                    0x08000cf8   Section        0  relays.o(.text)
    .text                                    0x08000d64   Section        0  motion.o(.text)
    .text                                    0x0800192c   Section        0  motion2.o(.text)
    .text                                    0x08001ca0   Section        0  motion3.o(.text)
    .text                                    0x08002014   Section        0  motion4.o(.text)
    .text                                    0x08002388   Section        0  motion5.o(.text)
    .text                                    0x080026fc   Section        0  motion6.o(.text)
    .text                                    0x08002a70   Section        0  delay.o(.text)
    .text                                    0x08002b74   Section        0  usart.o(.text)
    .text                                    0x08002d04   Section       64  startup_stm32f40_41xxx.o(.text)
    $v0                                      0x08002d04   Number         0  startup_stm32f40_41xxx.o(.text)
    .text                                    0x08002d44   Section        0  misc.o(.text)
    .text                                    0x08002e24   Section        0  stm32f4xx_gpio.o(.text)
    .text                                    0x080030b8   Section        0  stm32f4xx_tim.o(.text)
    TI4_Config                               0x08003857   Thumb Code    80  stm32f4xx_tim.o(.text)
    TI3_Config                               0x080038b9   Thumb Code    72  stm32f4xx_tim.o(.text)
    TI2_Config                               0x0800391b   Thumb Code    90  stm32f4xx_tim.o(.text)
    TI1_Config                               0x08003987   Thumb Code    58  stm32f4xx_tim.o(.text)
    .text                                    0x08003d5c   Section        0  stm32f4xx_usart.o(.text)
    .text                                    0x080041b0   Section        0  stm32f4xx_rcc.o(.text)
    .text                                    0x0800480c   Section        2  use_no_semi_2.o(.text)
    .text                                    0x0800480e   Section        0  heapauxi.o(.text)
    .text                                    0x08004814   Section        2  use_no_semi.o(.text)
    .text                                    0x08004816   Section       74  sys_stackheap_outer.o(.text)
    .text                                    0x08004860   Section        0  exit.o(.text)
    .text                                    0x08004874   Section        8  libspace.o(.text)
    x$fpl$dadd                               0x0800487c   Section      336  daddsub_clz.o(x$fpl$dadd)
    $v0                                      0x0800487c   Number         0  daddsub_clz.o(x$fpl$dadd)
    _dadd1                                   0x0800488d   Thumb Code     0  daddsub_clz.o(x$fpl$dadd)
    x$fpl$dfix                               0x080049cc   Section       94  dfix.o(x$fpl$dfix)
    $v0                                      0x080049cc   Number         0  dfix.o(x$fpl$dfix)
    x$fpl$dfixu                              0x08004a2c   Section       90  dfixu.o(x$fpl$dfixu)
    $v0                                      0x08004a2c   Number         0  dfixu.o(x$fpl$dfixu)
    x$fpl$dflt                               0x08004a86   Section       46  dflt_clz.o(x$fpl$dflt)
    $v0                                      0x08004a86   Number         0  dflt_clz.o(x$fpl$dflt)
    x$fpl$dmul                               0x08004ab4   Section      340  dmul.o(x$fpl$dmul)
    $v0                                      0x08004ab4   Number         0  dmul.o(x$fpl$dmul)
    x$fpl$dnaninf                            0x08004c08   Section      156  dnaninf.o(x$fpl$dnaninf)
    $v0                                      0x08004c08   Number         0  dnaninf.o(x$fpl$dnaninf)
    x$fpl$dretinf                            0x08004ca4   Section       12  dretinf.o(x$fpl$dretinf)
    $v0                                      0x08004ca4   Number         0  dretinf.o(x$fpl$dretinf)
    x$fpl$drsb                               0x08004cb0   Section       22  daddsub_clz.o(x$fpl$drsb)
    $v0                                      0x08004cb0   Number         0  daddsub_clz.o(x$fpl$drsb)
    x$fpl$dsub                               0x08004cc8   Section      468  daddsub_clz.o(x$fpl$dsub)
    $v0                                      0x08004cc8   Number         0  daddsub_clz.o(x$fpl$dsub)
    _dsub1                                   0x08004cd9   Thumb Code     0  daddsub_clz.o(x$fpl$dsub)
    x$fpl$fpinit                             0x08004e9c   Section       10  fpinit.o(x$fpl$fpinit)
    $v0                                      0x08004e9c   Number         0  fpinit.o(x$fpl$fpinit)
    x$fpl$usenofp                            0x08004ea6   Section        0  usenofp.o(x$fpl$usenofp)
    .data                                    0x20000000   Section       24  main.o(.data)
    .data                                    0x20000018   Section       20  system_stm32f4xx.o(.data)
    .data                                    0x2000002c   Section       40  pwmdac.o(.data)
    .data                                    0x20000054   Section       28  motion.o(.data)
    .data                                    0x20000070   Section        4  delay.o(.data)
    fac_us                                   0x20000070   Data           1  delay.o(.data)
    fac_ms                                   0x20000072   Data           2  delay.o(.data)
    .data                                    0x20000074   Section        8  usart.o(.data)
    .data                                    0x2000007c   Section       16  stm32f4xx_rcc.o(.data)
    APBAHBPrescTable                         0x2000007c   Data          16  stm32f4xx_rcc.o(.data)
    .bss                                     0x2000008c   Section      256  main.o(.bss)
    .bss                                     0x2000018c   Section      200  usart.o(.bss)
    .bss                                     0x20000254   Section       96  libspace.o(.bss)
    HEAP                                     0x200002b8   Section      512  startup_stm32f40_41xxx.o(HEAP)
    Heap_Mem                                 0x200002b8   Data         512  startup_stm32f40_41xxx.o(HEAP)
    STACK                                    0x200004b8   Section     1024  startup_stm32f40_41xxx.o(STACK)
    Stack_Mem                                0x200004b8   Data        1024  startup_stm32f40_41xxx.o(STACK)
    __initial_sp                             0x200008b8   Data           0  startup_stm32f40_41xxx.o(STACK)

    Global Symbols

    Symbol Name                              Value     Ov Type        Size  Object(Section)

    BuildAttributes$$THM_ISAv4$E$P$D$K$B$S$7EM$VFPi3$EXTD16$VFPS$VFMA$PE$A:L22UL41UL21$X:L11$S22US41US21$IEEE1$IW$USESV6$~STKCKD$USESV7$~SHL$OSPACE$ROPI$EBA8$UX$STANDARDLIB$REQ8$PRES8$EABIv2 0x00000000   Number         0  anon$$obj.o ABSOLUTE
    __ARM_use_no_argv                        0x00000000   Number         0  main.o ABSOLUTE
    __ARM_exceptions_init                     - Undefined Weak Reference
    __alloca_initialize                       - Undefined Weak Reference
    __arm_preinit_                            - Undefined Weak Reference
    __cpp_initialize__aeabi_                  - Undefined Weak Reference
    __cxa_finalize                            - Undefined Weak Reference
    __rt_locale                               - Undefined Weak Reference
    __sigvec_lookup                           - Undefined Weak Reference
    _atexit_init                              - Undefined Weak Reference
    _call_atexit_fns                          - Undefined Weak Reference
    _clock_init                               - Undefined Weak Reference
    _fp_trap_init                             - Undefined Weak Reference
    _fp_trap_shutdown                         - Undefined Weak Reference
    _get_lc_collate                           - Undefined Weak Reference
    _get_lc_ctype                             - Undefined Weak Reference
    _get_lc_monetary                          - Undefined Weak Reference
    _get_lc_numeric                           - Undefined Weak Reference
    _get_lc_time                              - Undefined Weak Reference
    _getenv_init                              - Undefined Weak Reference
    _handle_redirection                       - Undefined Weak Reference
    _init_alloc                               - Undefined Weak Reference
    _init_user_alloc                          - Undefined Weak Reference
    _initio                                   - Undefined Weak Reference
    _rand_init                                - Undefined Weak Reference
    _signal_finish                            - Undefined Weak Reference
    _signal_init                              - Undefined Weak Reference
    _terminate_alloc                          - Undefined Weak Reference
    _terminate_user_alloc                     - Undefined Weak Reference
    _terminateio                              - Undefined Weak Reference
    __Vectors_Size                           0x00000188   Number         0  startup_stm32f40_41xxx.o ABSOLUTE
    __Vectors                                0x08000000   Data           4  startup_stm32f40_41xxx.o(RESET)
    __Vectors_End                            0x08000188   Data           0  startup_stm32f40_41xxx.o(RESET)
    __main                                   0x08000189   Thumb Code     8  __main.o(!!!main)
    __scatterload                            0x08000191   Thumb Code     0  __scatter.o(!!!scatter)
    __scatterload_rt2                        0x08000191   Thumb Code    44  __scatter.o(!!!scatter)
    __scatterload_rt2_thumb_only             0x08000191   Thumb Code     0  __scatter.o(!!!scatter)
    __scatterload_null                       0x0800019f   Thumb Code     0  __scatter.o(!!!scatter)
    __scatterload_copy                       0x080001c5   Thumb Code    26  __scatter_copy.o(!!handler_copy)
    __scatterload_zeroinit                   0x080001e1   Thumb Code    28  __scatter_zi.o(!!handler_zi)
    __rt_lib_init                            0x080001fd   Thumb Code     0  libinit.o(.ARM.Collect$$libinit$$00000000)
    __rt_lib_init_fp_1                       0x080001ff   Thumb Code     0  libinit2.o(.ARM.Collect$$libinit$$00000001)
    __rt_lib_init_alloca_1                   0x08000203   Thumb Code     0  libinit2.o(.ARM.Collect$$libinit$$0000002E)
    __rt_lib_init_argv_1                     0x08000203   Thumb Code     0  libinit2.o(.ARM.Collect$$libinit$$0000002C)
    __rt_lib_init_atexit_1                   0x08000203   Thumb Code     0  libinit2.o(.ARM.Collect$$libinit$$0000001B)
    __rt_lib_init_clock_1                    0x08000203   Thumb Code     0  libinit2.o(.ARM.Collect$$libinit$$00000021)
    __rt_lib_init_cpp_1                      0x08000203   Thumb Code     0  libinit2.o(.ARM.Collect$$libinit$$00000032)
    __rt_lib_init_exceptions_1               0x08000203   Thumb Code     0  libinit2.o(.ARM.Collect$$libinit$$00000030)
    __rt_lib_init_fp_trap_1                  0x08000203   Thumb Code     0  libinit2.o(.ARM.Collect$$libinit$$0000001F)
    __rt_lib_init_getenv_1                   0x08000203   Thumb Code     0  libinit2.o(.ARM.Collect$$libinit$$00000023)
    __rt_lib_init_heap_1                     0x08000203   Thumb Code     0  libinit2.o(.ARM.Collect$$libinit$$0000000A)
    __rt_lib_init_lc_collate_1               0x08000203   Thumb Code     0  libinit2.o(.ARM.Collect$$libinit$$00000011)
    __rt_lib_init_lc_ctype_1                 0x08000203   Thumb Code     0  libinit2.o(.ARM.Collect$$libinit$$00000013)
    __rt_lib_init_lc_monetary_1              0x08000203   Thumb Code     0  libinit2.o(.ARM.Collect$$libinit$$00000015)
    __rt_lib_init_lc_numeric_1               0x08000203   Thumb Code     0  libinit2.o(.ARM.Collect$$libinit$$00000017)
    __rt_lib_init_lc_time_1                  0x08000203   Thumb Code     0  libinit2.o(.ARM.Collect$$libinit$$00000019)
    __rt_lib_init_preinit_1                  0x08000203   Thumb Code     0  libinit2.o(.ARM.Collect$$libinit$$00000004)
    __rt_lib_init_rand_1                     0x08000203   Thumb Code     0  libinit2.o(.ARM.Collect$$libinit$$0000000E)
    __rt_lib_init_return                     0x08000203   Thumb Code     0  libinit2.o(.ARM.Collect$$libinit$$00000033)
    __rt_lib_init_signal_1                   0x08000203   Thumb Code     0  libinit2.o(.ARM.Collect$$libinit$$0000001D)
    __rt_lib_init_stdio_1                    0x08000203   Thumb Code     0  libinit2.o(.ARM.Collect$$libinit$$00000025)
    __rt_lib_init_user_alloc_1               0x08000203   Thumb Code     0  libinit2.o(.ARM.Collect$$libinit$$0000000C)
    __rt_lib_shutdown                        0x08000205   Thumb Code     0  libshutdown.o(.ARM.Collect$$libshutdown$$00000000)
    __rt_lib_shutdown_cpp_1                  0x08000207   Thumb Code     0  libshutdown2.o(.ARM.Collect$$libshutdown$$00000002)
    __rt_lib_shutdown_fp_trap_1              0x08000207   Thumb Code     0  libshutdown2.o(.ARM.Collect$$libshutdown$$00000007)
    __rt_lib_shutdown_heap_1                 0x08000207   Thumb Code     0  libshutdown2.o(.ARM.Collect$$libshutdown$$0000000F)
    __rt_lib_shutdown_return                 0x08000207   Thumb Code     0  libshutdown2.o(.ARM.Collect$$libshutdown$$00000010)
    __rt_lib_shutdown_signal_1               0x08000207   Thumb Code     0  libshutdown2.o(.ARM.Collect$$libshutdown$$0000000A)
    __rt_lib_shutdown_stdio_1                0x08000207   Thumb Code     0  libshutdown2.o(.ARM.Collect$$libshutdown$$00000004)
    __rt_lib_shutdown_user_alloc_1           0x08000207   Thumb Code     0  libshutdown2.o(.ARM.Collect$$libshutdown$$0000000C)
    __rt_entry                               0x08000209   Thumb Code     0  __rtentry.o(.ARM.Collect$$rtentry$$00000000)
    __rt_entry_presh_1                       0x08000209   Thumb Code     0  __rtentry2.o(.ARM.Collect$$rtentry$$00000002)
    __rt_entry_sh                            0x08000209   Thumb Code     0  __rtentry4.o(.ARM.Collect$$rtentry$$00000004)
    __rt_entry_li                            0x0800020f   Thumb Code     0  __rtentry2.o(.ARM.Collect$$rtentry$$0000000A)
    __rt_entry_postsh_1                      0x0800020f   Thumb Code     0  __rtentry2.o(.ARM.Collect$$rtentry$$00000009)
    __rt_entry_main                          0x08000213   Thumb Code     0  __rtentry2.o(.ARM.Collect$$rtentry$$0000000D)
    __rt_entry_postli_1                      0x08000213   Thumb Code     0  __rtentry2.o(.ARM.Collect$$rtentry$$0000000C)
    __rt_exit                                0x0800021b   Thumb Code     0  rtexit.o(.ARM.Collect$$rtexit$$00000000)
    __rt_exit_ls                             0x0800021d   Thumb Code     0  rtexit2.o(.ARM.Collect$$rtexit$$00000003)
    __rt_exit_prels_1                        0x0800021d   Thumb Code     0  rtexit2.o(.ARM.Collect$$rtexit$$00000002)
    __rt_exit_exit                           0x08000221   Thumb Code     0  rtexit2.o(.ARM.Collect$$rtexit$$00000004)
    process_received_data                    0x08000229   Thumb Code    78  main.o(.text)
    main                                     0x08000277   Thumb Code   248  main.o(.text)
    NMI_Handler                              0x0800039d   Thumb Code     2  stm32f4xx_it.o(.text)
    HardFault_Handler                        0x0800039f   Thumb Code     4  stm32f4xx_it.o(.text)
    MemManage_Handler                        0x080003a3   Thumb Code     4  stm32f4xx_it.o(.text)
    BusFault_Handler                         0x080003a7   Thumb Code     4  stm32f4xx_it.o(.text)
    UsageFault_Handler                       0x080003ab   Thumb Code     4  stm32f4xx_it.o(.text)
    SVC_Handler                              0x080003af   Thumb Code     2  stm32f4xx_it.o(.text)
    DebugMon_Handler                         0x080003b1   Thumb Code     2  stm32f4xx_it.o(.text)
    PendSV_Handler                           0x080003b3   Thumb Code     2  stm32f4xx_it.o(.text)
    SysTick_Handler                          0x080003b5   Thumb Code     2  stm32f4xx_it.o(.text)
    SystemInit                               0x08000495   Thumb Code    88  system_stm32f4xx.o(.text)
    SystemCoreClockUpdate                    0x080004ed   Thumb Code   174  system_stm32f4xx.o(.text)
    bujin_Init                               0x080005c9   Thumb Code    80  pwmdac.o(.text)
    counter_Init                             0x08000619   Thumb Code   204  pwmdac.o(.text)
    TIM7_Int_Init                            0x080006e5   Thumb Code    58  pwmdac.o(.text)
    close_timer7                             0x0800071f   Thumb Code    34  pwmdac.o(.text)
    open_timer7                              0x08000741   Thumb Code    34  pwmdac.o(.text)
    Rspeed                                   0x08000763   Thumb Code    14  pwmdac.o(.text)
    Lspeed                                   0x08000771   Thumb Code    14  pwmdac.o(.text)
    Rbujincontral                            0x0800077f   Thumb Code   102  pwmdac.o(.text)
    Lbujincontral                            0x080007e5   Thumb Code   110  pwmdac.o(.text)
    Rpulse_get                               0x08000853   Thumb Code    32  pwmdac.o(.text)
    Lpulse_get                               0x08000873   Thumb Code    32  pwmdac.o(.text)
    Rphase                                   0x08000893   Thumb Code   180  pwmdac.o(.text)
    Lphase                                   0x08000947   Thumb Code   238  pwmdac.o(.text)
    reposition                               0x08000a35   Thumb Code    48  pwmdac.o(.text)
    TIM7_IRQHandler                          0x08000a65   Thumb Code   564  pwmdac.o(.text)
    Electromagnets                           0x08000cf9   Thumb Code    64  relays.o(.text)
    open_left                                0x08000d39   Thumb Code     8  relays.o(.text)
    close_left                               0x08000d41   Thumb Code     8  relays.o(.text)
    open_right                               0x08000d49   Thumb Code    10  relays.o(.text)
    close_right                              0x08000d53   Thumb Code    10  relays.o(.text)
    LcRo                                     0x08000d65   Thumb Code    24  motion.o(.text)
    RcLo                                     0x08000d7d   Thumb Code    24  motion.o(.text)
    RcLc                                     0x08000d95   Thumb Code    24  motion.o(.text)
    RoLo                                     0x08000dad   Thumb Code    18  motion.o(.text)
    LRoute1                                  0x08000dbf   Thumb Code    30  motion.o(.text)
    LRoute2                                  0x08000ddd   Thumb Code    18  motion.o(.text)
    LRoute3                                  0x08000def   Thumb Code    30  motion.o(.text)
    RRoute1                                  0x08000e0d   Thumb Code    30  motion.o(.text)
    RRoute2                                  0x08000e2b   Thumb Code    18  motion.o(.text)
    RRoute3                                  0x08000e3d   Thumb Code    30  motion.o(.text)
    Lrouter1                                 0x08000e5b   Thumb Code    18  motion.o(.text)
    Lrouter3                                 0x08000e6d   Thumb Code    20  motion.o(.text)
    Rrouter1                                 0x08000e81   Thumb Code    18  motion.o(.text)
    Rrouter3                                 0x08000e93   Thumb Code    20  motion.o(.text)
    Lturn1                                   0x08000ea7   Thumb Code    14  motion.o(.text)
    Lturn2                                   0x08000eb5   Thumb Code    14  motion.o(.text)
    Lturn3                                   0x08000ec3   Thumb Code    16  motion.o(.text)
    Rturn1                                   0x08000ed3   Thumb Code    14  motion.o(.text)
    Rturn2                                   0x08000ee1   Thumb Code    14  motion.o(.text)
    Rturn3                                   0x08000eef   Thumb Code    16  motion.o(.text)
    RHoming                                  0x08000eff   Thumb Code    20  motion.o(.text)
    LHoming                                  0x08000f13   Thumb Code    20  motion.o(.text)
    cubesolve5                               0x08000f27   Thumb Code   184  motion.o(.text)
    cubesolve4                               0x08000fdf   Thumb Code   200  motion.o(.text)
    cubesolve3                               0x080010a7   Thumb Code   220  motion.o(.text)
    cubesolve6                               0x08001183   Thumb Code   184  motion.o(.text)
    cubesolve2                               0x0800123b   Thumb Code   196  motion.o(.text)
    cubesolve1                               0x080012ff   Thumb Code   196  motion.o(.text)
    stepconversion                           0x080013c3   Thumb Code   224  motion.o(.text)
    U4coordinate                             0x080014a3   Thumb Code   242  motion.o(.text)
    U3coordinate                             0x08001595   Thumb Code   214  motion.o(.text)
    U2coordinate                             0x0800166b   Thumb Code   214  motion.o(.text)
    U1coordinate                             0x08001741   Thumb Code   214  motion.o(.text)
    invokecenter                             0x08001817   Thumb Code   248  motion.o(.text)
    D1coordinate                             0x0800192d   Thumb Code   214  motion2.o(.text)
    D2coordinate                             0x08001a03   Thumb Code   214  motion2.o(.text)
    D3coordinate                             0x08001ad9   Thumb Code   214  motion2.o(.text)
    D4coordinate                             0x08001baf   Thumb Code   214  motion2.o(.text)
    B1coordinate                             0x08001ca1   Thumb Code   214  motion3.o(.text)
    B2coordinate                             0x08001d77   Thumb Code   214  motion3.o(.text)
    B3coordinate                             0x08001e4d   Thumb Code   214  motion3.o(.text)
    B4coordinate                             0x08001f23   Thumb Code   214  motion3.o(.text)
    L1coordinate                             0x08002015   Thumb Code   214  motion4.o(.text)
    L2coordinate                             0x080020eb   Thumb Code   214  motion4.o(.text)
    L3coordinate                             0x080021c1   Thumb Code   214  motion4.o(.text)
    L4coordinate                             0x08002297   Thumb Code   214  motion4.o(.text)
    F1coordinate                             0x08002389   Thumb Code   214  motion5.o(.text)
    F2coordinate                             0x0800245f   Thumb Code   214  motion5.o(.text)
    F3coordinate                             0x08002535   Thumb Code   214  motion5.o(.text)
    F4coordinate                             0x0800260b   Thumb Code   214  motion5.o(.text)
    R1coordinate                             0x080026fd   Thumb Code   214  motion6.o(.text)
    R2coordinate                             0x080027d3   Thumb Code   214  motion6.o(.text)
    R3coordinate                             0x080028a9   Thumb Code   214  motion6.o(.text)
    R4coordinate                             0x0800297f   Thumb Code   214  motion6.o(.text)
    delay_init                               0x08002a71   Thumb Code    52  delay.o(.text)
    delay_us                                 0x08002aa5   Thumb Code    72  delay.o(.text)
    delay_xms                                0x08002aed   Thumb Code    72  delay.o(.text)
    delay_ms                                 0x08002b35   Thumb Code    56  delay.o(.text)
    _sys_exit                                0x08002b75   Thumb Code     4  usart.o(.text)
    fputc                                    0x08002b79   Thumb Code    22  usart.o(.text)
    uart_init                                0x08002b8f   Thumb Code   164  usart.o(.text)
    serial_Sendbyte                          0x08002c33   Thumb Code    28  usart.o(.text)
    serial_GetRxData                         0x08002c4f   Thumb Code     6  usart.o(.text)
    serial_GetRxFlag                         0x08002c55   Thumb Code    22  usart.o(.text)
    USART1_IRQHandler                        0x08002c6b   Thumb Code   128  usart.o(.text)
    Reset_Handler                            0x08002d05   Thumb Code     8  startup_stm32f40_41xxx.o(.text)
    ADC_IRQHandler                           0x08002d1f   Thumb Code     0  startup_stm32f40_41xxx.o(.text)
    CAN1_RX0_IRQHandler                      0x08002d1f   Thumb Code     0  startup_stm32f40_41xxx.o(.text)
    CAN1_RX1_IRQHandler                      0x08002d1f   Thumb Code     0  startup_stm32f40_41xxx.o(.text)
    CAN1_SCE_IRQHandler                      0x08002d1f   Thumb Code     0  startup_stm32f40_41xxx.o(.text)
    CAN1_TX_IRQHandler                       0x08002d1f   Thumb Code     0  startup_stm32f40_41xxx.o(.text)
    CAN2_RX0_IRQHandler                      0x08002d1f   Thumb Code     0  startup_stm32f40_41xxx.o(.text)
    CAN2_RX1_IRQHandler                      0x08002d1f   Thumb Code     0  startup_stm32f40_41xxx.o(.text)
    CAN2_SCE_IRQHandler                      0x08002d1f   Thumb Code     0  startup_stm32f40_41xxx.o(.text)
    CAN2_TX_IRQHandler                       0x08002d1f   Thumb Code     0  startup_stm32f40_41xxx.o(.text)
    CRYP_IRQHandler                          0x08002d1f   Thumb Code     0  startup_stm32f40_41xxx.o(.text)
    DCMI_IRQHandler                          0x08002d1f   Thumb Code     0  startup_stm32f40_41xxx.o(.text)
    DMA1_Stream0_IRQHandler                  0x08002d1f   Thumb Code     0  startup_stm32f40_41xxx.o(.text)
    DMA1_Stream1_IRQHandler                  0x08002d1f   Thumb Code     0  startup_stm32f40_41xxx.o(.text)
    DMA1_Stream2_IRQHandler                  0x08002d1f   Thumb Code     0  startup_stm32f40_41xxx.o(.text)
    DMA1_Stream3_IRQHandler                  0x08002d1f   Thumb Code     0  startup_stm32f40_41xxx.o(.text)
    DMA1_Stream4_IRQHandler                  0x08002d1f   Thumb Code     0  startup_stm32f40_41xxx.o(.text)
    DMA1_Stream5_IRQHandler                  0x08002d1f   Thumb Code     0  startup_stm32f40_41xxx.o(.text)
    DMA1_Stream6_IRQHandler                  0x08002d1f   Thumb Code     0  startup_stm32f40_41xxx.o(.text)
    DMA1_Stream7_IRQHandler                  0x08002d1f   Thumb Code     0  startup_stm32f40_41xxx.o(.text)
    DMA2_Stream0_IRQHandler                  0x08002d1f   Thumb Code     0  startup_stm32f40_41xxx.o(.text)
    DMA2_Stream1_IRQHandler                  0x08002d1f   Thumb Code     0  startup_stm32f40_41xxx.o(.text)
    DMA2_Stream2_IRQHandler                  0x08002d1f   Thumb Code     0  startup_stm32f40_41xxx.o(.text)
    DMA2_Stream3_IRQHandler                  0x08002d1f   Thumb Code     0  startup_stm32f40_41xxx.o(.text)
    DMA2_Stream4_IRQHandler                  0x08002d1f   Thumb Code     0  startup_stm32f40_41xxx.o(.text)
    DMA2_Stream5_IRQHandler                  0x08002d1f   Thumb Code     0  startup_stm32f40_41xxx.o(.text)
    DMA2_Stream6_IRQHandler                  0x08002d1f   Thumb Code     0  startup_stm32f40_41xxx.o(.text)
    DMA2_Stream7_IRQHandler                  0x08002d1f   Thumb Code     0  startup_stm32f40_41xxx.o(.text)
    ETH_IRQHandler                           0x08002d1f   Thumb Code     0  startup_stm32f40_41xxx.o(.text)
    ETH_WKUP_IRQHandler                      0x08002d1f   Thumb Code     0  startup_stm32f40_41xxx.o(.text)
    EXTI0_IRQHandler                         0x08002d1f   Thumb Code     0  startup_stm32f40_41xxx.o(.text)
    EXTI15_10_IRQHandler                     0x08002d1f   Thumb Code     0  startup_stm32f40_41xxx.o(.text)
    EXTI1_IRQHandler                         0x08002d1f   Thumb Code     0  startup_stm32f40_41xxx.o(.text)
    EXTI2_IRQHandler                         0x08002d1f   Thumb Code     0  startup_stm32f40_41xxx.o(.text)
    EXTI3_IRQHandler                         0x08002d1f   Thumb Code     0  startup_stm32f40_41xxx.o(.text)
    EXTI4_IRQHandler                         0x08002d1f   Thumb Code     0  startup_stm32f40_41xxx.o(.text)
    EXTI9_5_IRQHandler                       0x08002d1f   Thumb Code     0  startup_stm32f40_41xxx.o(.text)
    FLASH_IRQHandler                         0x08002d1f   Thumb Code     0  startup_stm32f40_41xxx.o(.text)
    FPU_IRQHandler                           0x08002d1f   Thumb Code     0  startup_stm32f40_41xxx.o(.text)
    FSMC_IRQHandler                          0x08002d1f   Thumb Code     0  startup_stm32f40_41xxx.o(.text)
    HASH_RNG_IRQHandler                      0x08002d1f   Thumb Code     0  startup_stm32f40_41xxx.o(.text)
    I2C1_ER_IRQHandler                       0x08002d1f   Thumb Code     0  startup_stm32f40_41xxx.o(.text)
    I2C1_EV_IRQHandler                       0x08002d1f   Thumb Code     0  startup_stm32f40_41xxx.o(.text)
    I2C2_ER_IRQHandler                       0x08002d1f   Thumb Code     0  startup_stm32f40_41xxx.o(.text)
    I2C2_EV_IRQHandler                       0x08002d1f   Thumb Code     0  startup_stm32f40_41xxx.o(.text)
    I2C3_ER_IRQHandler                       0x08002d1f   Thumb Code     0  startup_stm32f40_41xxx.o(.text)
    I2C3_EV_IRQHandler                       0x08002d1f   Thumb Code     0  startup_stm32f40_41xxx.o(.text)
    OTG_FS_IRQHandler                        0x08002d1f   Thumb Code     0  startup_stm32f40_41xxx.o(.text)
    OTG_FS_WKUP_IRQHandler                   0x08002d1f   Thumb Code     0  startup_stm32f40_41xxx.o(.text)
    OTG_HS_EP1_IN_IRQHandler                 0x08002d1f   Thumb Code     0  startup_stm32f40_41xxx.o(.text)
    OTG_HS_EP1_OUT_IRQHandler                0x08002d1f   Thumb Code     0  startup_stm32f40_41xxx.o(.text)
    OTG_HS_IRQHandler                        0x08002d1f   Thumb Code     0  startup_stm32f40_41xxx.o(.text)
    OTG_HS_WKUP_IRQHandler                   0x08002d1f   Thumb Code     0  startup_stm32f40_41xxx.o(.text)
    PVD_IRQHandler                           0x08002d1f   Thumb Code     0  startup_stm32f40_41xxx.o(.text)
    RCC_IRQHandler                           0x08002d1f   Thumb Code     0  startup_stm32f40_41xxx.o(.text)
    RTC_Alarm_IRQHandler                     0x08002d1f   Thumb Code     0  startup_stm32f40_41xxx.o(.text)
    RTC_WKUP_IRQHandler                      0x08002d1f   Thumb Code     0  startup_stm32f40_41xxx.o(.text)
    SDIO_IRQHandler                          0x08002d1f   Thumb Code     0  startup_stm32f40_41xxx.o(.text)
    SPI1_IRQHandler                          0x08002d1f   Thumb Code     0  startup_stm32f40_41xxx.o(.text)
    SPI2_IRQHandler                          0x08002d1f   Thumb Code     0  startup_stm32f40_41xxx.o(.text)
    SPI3_IRQHandler                          0x08002d1f   Thumb Code     0  startup_stm32f40_41xxx.o(.text)
    TAMP_STAMP_IRQHandler                    0x08002d1f   Thumb Code     0  startup_stm32f40_41xxx.o(.text)
    TIM1_BRK_TIM9_IRQHandler                 0x08002d1f   Thumb Code     0  startup_stm32f40_41xxx.o(.text)
    TIM1_CC_IRQHandler                       0x08002d1f   Thumb Code     0  startup_stm32f40_41xxx.o(.text)
    TIM1_TRG_COM_TIM11_IRQHandler            0x08002d1f   Thumb Code     0  startup_stm32f40_41xxx.o(.text)
    TIM1_UP_TIM10_IRQHandler                 0x08002d1f   Thumb Code     0  startup_stm32f40_41xxx.o(.text)
    TIM2_IRQHandler                          0x08002d1f   Thumb Code     0  startup_stm32f40_41xxx.o(.text)
    TIM3_IRQHandler                          0x08002d1f   Thumb Code     0  startup_stm32f40_41xxx.o(.text)
    TIM4_IRQHandler                          0x08002d1f   Thumb Code     0  startup_stm32f40_41xxx.o(.text)
    TIM5_IRQHandler                          0x08002d1f   Thumb Code     0  startup_stm32f40_41xxx.o(.text)
    TIM6_DAC_IRQHandler                      0x08002d1f   Thumb Code     0  startup_stm32f40_41xxx.o(.text)
    TIM8_BRK_TIM12_IRQHandler                0x08002d1f   Thumb Code     0  startup_stm32f40_41xxx.o(.text)
    TIM8_CC_IRQHandler                       0x08002d1f   Thumb Code     0  startup_stm32f40_41xxx.o(.text)
    TIM8_TRG_COM_TIM14_IRQHandler            0x08002d1f   Thumb Code     0  startup_stm32f40_41xxx.o(.text)
    TIM8_UP_TIM13_IRQHandler                 0x08002d1f   Thumb Code     0  startup_stm32f40_41xxx.o(.text)
    UART4_IRQHandler                         0x08002d1f   Thumb Code     0  startup_stm32f40_41xxx.o(.text)
    UART5_IRQHandler                         0x08002d1f   Thumb Code     0  startup_stm32f40_41xxx.o(.text)
    USART2_IRQHandler                        0x08002d1f   Thumb Code     0  startup_stm32f40_41xxx.o(.text)
    USART3_IRQHandler                        0x08002d1f   Thumb Code     0  startup_stm32f40_41xxx.o(.text)
    USART6_IRQHandler                        0x08002d1f   Thumb Code     0  startup_stm32f40_41xxx.o(.text)
    WWDG_IRQHandler                          0x08002d1f   Thumb Code     0  startup_stm32f40_41xxx.o(.text)
    __user_initial_stackheap                 0x08002d21   Thumb Code     0  startup_stm32f40_41xxx.o(.text)
    NVIC_PriorityGroupConfig                 0x08002d45   Thumb Code    10  misc.o(.text)
    NVIC_Init                                0x08002d4f   Thumb Code   106  misc.o(.text)
    NVIC_SetVectorTable                      0x08002db9   Thumb Code    14  misc.o(.text)
    NVIC_SystemLPConfig                      0x08002dc7   Thumb Code    34  misc.o(.text)
    SysTick_CLKSourceConfig                  0x08002de9   Thumb Code    40  misc.o(.text)
    GPIO_DeInit                              0x08002e25   Thumb Code   268  stm32f4xx_gpio.o(.text)
    GPIO_Init                                0x08002f31   Thumb Code   144  stm32f4xx_gpio.o(.text)
    GPIO_StructInit                          0x08002fc1   Thumb Code    18  stm32f4xx_gpio.o(.text)
    GPIO_PinLockConfig                       0x08002fd3   Thumb Code    34  stm32f4xx_gpio.o(.text)
    GPIO_ReadInputDataBit                    0x08002ff5   Thumb Code    18  stm32f4xx_gpio.o(.text)
    GPIO_ReadInputData                       0x08003007   Thumb Code     8  stm32f4xx_gpio.o(.text)
    GPIO_ReadOutputDataBit                   0x0800300f   Thumb Code    18  stm32f4xx_gpio.o(.text)
    GPIO_ReadOutputData                      0x08003021   Thumb Code     8  stm32f4xx_gpio.o(.text)
    GPIO_SetBits                             0x08003029   Thumb Code     4  stm32f4xx_gpio.o(.text)
    GPIO_ResetBits                           0x0800302d   Thumb Code     4  stm32f4xx_gpio.o(.text)
    GPIO_WriteBit                            0x08003031   Thumb Code    10  stm32f4xx_gpio.o(.text)
    GPIO_Write                               0x0800303b   Thumb Code     4  stm32f4xx_gpio.o(.text)
    GPIO_ToggleBits                          0x0800303f   Thumb Code     8  stm32f4xx_gpio.o(.text)
    GPIO_PinAFConfig                         0x08003047   Thumb Code    70  stm32f4xx_gpio.o(.text)
    TIM_DeInit                               0x080030b9   Thumb Code   346  stm32f4xx_tim.o(.text)
    TIM_TimeBaseInit                         0x08003213   Thumb Code   104  stm32f4xx_tim.o(.text)
    TIM_TimeBaseStructInit                   0x0800327b   Thumb Code    18  stm32f4xx_tim.o(.text)
    TIM_PrescalerConfig                      0x0800328d   Thumb Code     6  stm32f4xx_tim.o(.text)
    TIM_CounterModeConfig                    0x08003293   Thumb Code    18  stm32f4xx_tim.o(.text)
    TIM_SetCounter                           0x080032a5   Thumb Code     4  stm32f4xx_tim.o(.text)
    TIM_SetAutoreload                        0x080032a9   Thumb Code     4  stm32f4xx_tim.o(.text)
    TIM_GetCounter                           0x080032ad   Thumb Code     6  stm32f4xx_tim.o(.text)
    TIM_GetPrescaler                         0x080032b3   Thumb Code     6  stm32f4xx_tim.o(.text)
    TIM_UpdateDisableConfig                  0x080032b9   Thumb Code    24  stm32f4xx_tim.o(.text)
    TIM_UpdateRequestConfig                  0x080032d1   Thumb Code    24  stm32f4xx_tim.o(.text)
    TIM_ARRPreloadConfig                     0x080032e9   Thumb Code    24  stm32f4xx_tim.o(.text)
    TIM_SelectOnePulseMode                   0x08003301   Thumb Code    18  stm32f4xx_tim.o(.text)
    TIM_SetClockDivision                     0x08003313   Thumb Code    18  stm32f4xx_tim.o(.text)
    TIM_Cmd                                  0x08003325   Thumb Code    24  stm32f4xx_tim.o(.text)
    TIM_OC1Init                              0x0800333d   Thumb Code   114  stm32f4xx_tim.o(.text)
    TIM_OC2Init                              0x080033af   Thumb Code   154  stm32f4xx_tim.o(.text)
    TIM_OC3Init                              0x08003449   Thumb Code   204  stm32f4xx_tim.o(.text)
    TIM_OC4Init                              0x08003515   Thumb Code   112  stm32f4xx_tim.o(.text)
    TIM_OCStructInit                         0x08003585   Thumb Code    20  stm32f4xx_tim.o(.text)
    TIM_SelectOCxM                           0x08003599   Thumb Code    86  stm32f4xx_tim.o(.text)
    TIM_SetCompare1                          0x080035ef   Thumb Code     4  stm32f4xx_tim.o(.text)
    TIM_SetCompare2                          0x080035f3   Thumb Code     4  stm32f4xx_tim.o(.text)
    TIM_SetCompare3                          0x080035f7   Thumb Code     4  stm32f4xx_tim.o(.text)
    TIM_SetCompare4                          0x080035fb   Thumb Code     4  stm32f4xx_tim.o(.text)
    TIM_ForcedOC1Config                      0x080035ff   Thumb Code    18  stm32f4xx_tim.o(.text)
    TIM_ForcedOC2Config                      0x08003611   Thumb Code    26  stm32f4xx_tim.o(.text)
    TIM_ForcedOC3Config                      0x0800362b   Thumb Code    18  stm32f4xx_tim.o(.text)
    TIM_ForcedOC4Config                      0x0800363d   Thumb Code    26  stm32f4xx_tim.o(.text)
    TIM_OC1PreloadConfig                     0x08003657   Thumb Code    18  stm32f4xx_tim.o(.text)
    TIM_OC2PreloadConfig                     0x08003669   Thumb Code    26  stm32f4xx_tim.o(.text)
    TIM_OC3PreloadConfig                     0x08003683   Thumb Code    18  stm32f4xx_tim.o(.text)
    TIM_OC4PreloadConfig                     0x08003695   Thumb Code    26  stm32f4xx_tim.o(.text)
    TIM_OC1FastConfig                        0x080036af   Thumb Code    18  stm32f4xx_tim.o(.text)
    TIM_OC2FastConfig                        0x080036c1   Thumb Code    26  stm32f4xx_tim.o(.text)
    TIM_OC3FastConfig                        0x080036db   Thumb Code    18  stm32f4xx_tim.o(.text)
    TIM_OC4FastConfig                        0x080036ed   Thumb Code    26  stm32f4xx_tim.o(.text)
    TIM_ClearOC1Ref                          0x08003707   Thumb Code    18  stm32f4xx_tim.o(.text)
    TIM_ClearOC2Ref                          0x08003719   Thumb Code    24  stm32f4xx_tim.o(.text)
    TIM_ClearOC3Ref                          0x08003731   Thumb Code    18  stm32f4xx_tim.o(.text)
    TIM_ClearOC4Ref                          0x08003743   Thumb Code    24  stm32f4xx_tim.o(.text)
    TIM_OC1PolarityConfig                    0x0800375b   Thumb Code    18  stm32f4xx_tim.o(.text)
    TIM_OC1NPolarityConfig                   0x0800376d   Thumb Code    18  stm32f4xx_tim.o(.text)
    TIM_OC2PolarityConfig                    0x0800377f   Thumb Code    26  stm32f4xx_tim.o(.text)
    TIM_OC2NPolarityConfig                   0x08003799   Thumb Code    26  stm32f4xx_tim.o(.text)
    TIM_OC3PolarityConfig                    0x080037b3   Thumb Code    26  stm32f4xx_tim.o(.text)
    TIM_OC3NPolarityConfig                   0x080037cd   Thumb Code    26  stm32f4xx_tim.o(.text)
    TIM_OC4PolarityConfig                    0x080037e7   Thumb Code    26  stm32f4xx_tim.o(.text)
    TIM_CCxCmd                               0x08003801   Thumb Code    30  stm32f4xx_tim.o(.text)
    TIM_CCxNCmd                              0x0800381f   Thumb Code    30  stm32f4xx_tim.o(.text)
    TIM_SetIC4Prescaler                      0x0800383d   Thumb Code    26  stm32f4xx_tim.o(.text)
    TIM_SetIC3Prescaler                      0x080038a7   Thumb Code    18  stm32f4xx_tim.o(.text)
    TIM_SetIC2Prescaler                      0x08003901   Thumb Code    26  stm32f4xx_tim.o(.text)
    TIM_SetIC1Prescaler                      0x08003975   Thumb Code    18  stm32f4xx_tim.o(.text)
    TIM_ICInit                               0x080039c1   Thumb Code   110  stm32f4xx_tim.o(.text)
    TIM_ICStructInit                         0x08003a2f   Thumb Code    18  stm32f4xx_tim.o(.text)
    TIM_PWMIConfig                           0x08003a41   Thumb Code   124  stm32f4xx_tim.o(.text)
    TIM_GetCapture1                          0x08003abd   Thumb Code     6  stm32f4xx_tim.o(.text)
    TIM_GetCapture2                          0x08003ac3   Thumb Code     6  stm32f4xx_tim.o(.text)
    TIM_GetCapture3                          0x08003ac9   Thumb Code     6  stm32f4xx_tim.o(.text)
    TIM_GetCapture4                          0x08003acf   Thumb Code     6  stm32f4xx_tim.o(.text)
    TIM_BDTRConfig                           0x08003ad5   Thumb Code    32  stm32f4xx_tim.o(.text)
    TIM_BDTRStructInit                       0x08003af5   Thumb Code    18  stm32f4xx_tim.o(.text)
    TIM_CtrlPWMOutputs                       0x08003b07   Thumb Code    30  stm32f4xx_tim.o(.text)
    TIM_SelectCOM                            0x08003b25   Thumb Code    24  stm32f4xx_tim.o(.text)
    TIM_CCPreloadControl                     0x08003b3d   Thumb Code    24  stm32f4xx_tim.o(.text)
    TIM_ITConfig                             0x08003b55   Thumb Code    18  stm32f4xx_tim.o(.text)
    TIM_GenerateEvent                        0x08003b67   Thumb Code     4  stm32f4xx_tim.o(.text)
    TIM_GetFlagStatus                        0x08003b6b   Thumb Code    18  stm32f4xx_tim.o(.text)
    TIM_ClearFlag                            0x08003b7d   Thumb Code     6  stm32f4xx_tim.o(.text)
    TIM_GetITStatus                          0x08003b83   Thumb Code    34  stm32f4xx_tim.o(.text)
    TIM_ClearITPendingBit                    0x08003ba5   Thumb Code     6  stm32f4xx_tim.o(.text)
    TIM_DMAConfig                            0x08003bab   Thumb Code    10  stm32f4xx_tim.o(.text)
    TIM_DMACmd                               0x08003bb5   Thumb Code    18  stm32f4xx_tim.o(.text)
    TIM_SelectCCDMA                          0x08003bc7   Thumb Code    24  stm32f4xx_tim.o(.text)
    TIM_InternalClockConfig                  0x08003bdf   Thumb Code    12  stm32f4xx_tim.o(.text)
    TIM_SelectInputTrigger                   0x08003beb   Thumb Code    18  stm32f4xx_tim.o(.text)
    TIM_ITRxExternalClockConfig              0x08003bfd   Thumb Code    24  stm32f4xx_tim.o(.text)
    TIM_TIxExternalClockConfig               0x08003c15   Thumb Code    62  stm32f4xx_tim.o(.text)
    TIM_ETRConfig                            0x08003c53   Thumb Code    28  stm32f4xx_tim.o(.text)
    TIM_ETRClockMode1Config                  0x08003c6f   Thumb Code    54  stm32f4xx_tim.o(.text)
    TIM_ETRClockMode2Config                  0x08003ca5   Thumb Code    32  stm32f4xx_tim.o(.text)
    TIM_SelectOutputTrigger                  0x08003cc5   Thumb Code    18  stm32f4xx_tim.o(.text)
    TIM_SelectSlaveMode                      0x08003cd7   Thumb Code    18  stm32f4xx_tim.o(.text)
    TIM_SelectMasterSlaveMode                0x08003ce9   Thumb Code    18  stm32f4xx_tim.o(.text)
    TIM_EncoderInterfaceConfig               0x08003cfb   Thumb Code    66  stm32f4xx_tim.o(.text)
    TIM_SelectHallSensor                     0x08003d3d   Thumb Code    24  stm32f4xx_tim.o(.text)
    TIM_RemapConfig                          0x08003d55   Thumb Code     6  stm32f4xx_tim.o(.text)
    USART_DeInit                             0x08003d5d   Thumb Code   206  stm32f4xx_usart.o(.text)
    USART_Init                               0x08003e2b   Thumb Code   204  stm32f4xx_usart.o(.text)
    USART_StructInit                         0x08003ef7   Thumb Code    24  stm32f4xx_usart.o(.text)
    USART_ClockInit                          0x08003f0f   Thumb Code    32  stm32f4xx_usart.o(.text)
    USART_ClockStructInit                    0x08003f2f   Thumb Code    12  stm32f4xx_usart.o(.text)
    USART_Cmd                                0x08003f3b   Thumb Code    24  stm32f4xx_usart.o(.text)
    USART_SetPrescaler                       0x08003f53   Thumb Code    16  stm32f4xx_usart.o(.text)
    USART_OverSampling8Cmd                   0x08003f63   Thumb Code    22  stm32f4xx_usart.o(.text)
    USART_OneBitMethodCmd                    0x08003f79   Thumb Code    24  stm32f4xx_usart.o(.text)
    USART_SendData                           0x08003f91   Thumb Code     8  stm32f4xx_usart.o(.text)
    USART_ReceiveData                        0x08003f99   Thumb Code    10  stm32f4xx_usart.o(.text)
    USART_SetAddress                         0x08003fa3   Thumb Code    18  stm32f4xx_usart.o(.text)
    USART_ReceiverWakeUpCmd                  0x08003fb5   Thumb Code    24  stm32f4xx_usart.o(.text)
    USART_WakeUpConfig                       0x08003fcd   Thumb Code    18  stm32f4xx_usart.o(.text)
    USART_LINBreakDetectLengthConfig         0x08003fdf   Thumb Code    18  stm32f4xx_usart.o(.text)
    USART_LINCmd                             0x08003ff1   Thumb Code    24  stm32f4xx_usart.o(.text)
    USART_SendBreak                          0x08004009   Thumb Code    10  stm32f4xx_usart.o(.text)
    USART_HalfDuplexCmd                      0x08004013   Thumb Code    24  stm32f4xx_usart.o(.text)
    USART_SetGuardTime                       0x0800402b   Thumb Code    16  stm32f4xx_usart.o(.text)
    USART_SmartCardCmd                       0x0800403b   Thumb Code    24  stm32f4xx_usart.o(.text)
    USART_SmartCardNACKCmd                   0x08004053   Thumb Code    24  stm32f4xx_usart.o(.text)
    USART_IrDAConfig                         0x0800406b   Thumb Code    18  stm32f4xx_usart.o(.text)
    USART_IrDACmd                            0x0800407d   Thumb Code    24  stm32f4xx_usart.o(.text)
    USART_DMACmd                             0x08004095   Thumb Code    18  stm32f4xx_usart.o(.text)
    USART_ITConfig                           0x080040a7   Thumb Code    74  stm32f4xx_usart.o(.text)
    USART_GetFlagStatus                      0x080040f1   Thumb Code    26  stm32f4xx_usart.o(.text)
    USART_ClearFlag                          0x0800410b   Thumb Code    18  stm32f4xx_usart.o(.text)
    USART_GetITStatus                        0x0800411d   Thumb Code   118  stm32f4xx_usart.o(.text)
    USART_ClearITPendingBit                  0x08004193   Thumb Code    30  stm32f4xx_usart.o(.text)
    RCC_DeInit                               0x080041b1   Thumb Code    82  stm32f4xx_rcc.o(.text)
    RCC_HSEConfig                            0x08004203   Thumb Code    14  stm32f4xx_rcc.o(.text)
    RCC_GetFlagStatus                        0x08004211   Thumb Code    60  stm32f4xx_rcc.o(.text)
    RCC_WaitForHSEStartUp                    0x0800424d   Thumb Code    56  stm32f4xx_rcc.o(.text)
    RCC_AdjustHSICalibrationValue            0x08004285   Thumb Code    20  stm32f4xx_rcc.o(.text)
    RCC_HSICmd                               0x08004299   Thumb Code     6  stm32f4xx_rcc.o(.text)
    RCC_LSEConfig                            0x0800429f   Thumb Code    46  stm32f4xx_rcc.o(.text)
    RCC_LSICmd                               0x080042cd   Thumb Code     6  stm32f4xx_rcc.o(.text)
    RCC_PLLConfig                            0x080042d3   Thumb Code    32  stm32f4xx_rcc.o(.text)
    RCC_PLLCmd                               0x080042f3   Thumb Code     6  stm32f4xx_rcc.o(.text)
    RCC_PLLI2SConfig                         0x080042f9   Thumb Code    14  stm32f4xx_rcc.o(.text)
    RCC_PLLI2SCmd                            0x08004307   Thumb Code     6  stm32f4xx_rcc.o(.text)
    RCC_PLLSAIConfig                         0x0800430d   Thumb Code    20  stm32f4xx_rcc.o(.text)
    RCC_PLLSAICmd                            0x08004321   Thumb Code     6  stm32f4xx_rcc.o(.text)
    RCC_ClockSecuritySystemCmd               0x08004327   Thumb Code     6  stm32f4xx_rcc.o(.text)
    RCC_MCO1Config                           0x0800432d   Thumb Code    28  stm32f4xx_rcc.o(.text)
    RCC_MCO2Config                           0x08004349   Thumb Code    28  stm32f4xx_rcc.o(.text)
    RCC_SYSCLKConfig                         0x08004365   Thumb Code    20  stm32f4xx_rcc.o(.text)
    RCC_GetSYSCLKSource                      0x08004379   Thumb Code    12  stm32f4xx_rcc.o(.text)
    RCC_HCLKConfig                           0x08004385   Thumb Code    20  stm32f4xx_rcc.o(.text)
    RCC_PCLK1Config                          0x08004399   Thumb Code    20  stm32f4xx_rcc.o(.text)
    RCC_PCLK2Config                          0x080043ad   Thumb Code    22  stm32f4xx_rcc.o(.text)
    RCC_GetClocksFreq                        0x080043c3   Thumb Code   222  stm32f4xx_rcc.o(.text)
    RCC_RTCCLKConfig                         0x080044a1   Thumb Code    54  stm32f4xx_rcc.o(.text)
    RCC_RTCCLKCmd                            0x080044d7   Thumb Code     8  stm32f4xx_rcc.o(.text)
    RCC_BackupResetCmd                       0x080044df   Thumb Code     8  stm32f4xx_rcc.o(.text)
    RCC_I2SCLKConfig                         0x080044e7   Thumb Code     6  stm32f4xx_rcc.o(.text)
    RCC_SAIPLLI2SClkDivConfig                0x080044ed   Thumb Code    26  stm32f4xx_rcc.o(.text)
    RCC_SAIPLLSAIClkDivConfig                0x08004507   Thumb Code    28  stm32f4xx_rcc.o(.text)
    RCC_SAIBlockACLKConfig                   0x08004523   Thumb Code    20  stm32f4xx_rcc.o(.text)
    RCC_SAIBlockBCLKConfig                   0x08004537   Thumb Code    20  stm32f4xx_rcc.o(.text)
    RCC_LTDCCLKDivConfig                     0x0800454b   Thumb Code    20  stm32f4xx_rcc.o(.text)
    RCC_TIMCLKPresConfig                     0x0800455f   Thumb Code     6  stm32f4xx_rcc.o(.text)
    RCC_AHB1PeriphClockCmd                   0x08004565   Thumb Code    34  stm32f4xx_rcc.o(.text)
    RCC_AHB2PeriphClockCmd                   0x08004587   Thumb Code    78  stm32f4xx_rcc.o(.text)
    RCC_AHB3PeriphClockCmd                   0x080045d5   Thumb Code    34  stm32f4xx_rcc.o(.text)
    RCC_APB1PeriphClockCmd                   0x080045f7   Thumb Code    34  stm32f4xx_rcc.o(.text)
    RCC_APB2PeriphClockCmd                   0x08004619   Thumb Code    34  stm32f4xx_rcc.o(.text)
    RCC_AHB1PeriphResetCmd                   0x0800463b   Thumb Code    34  stm32f4xx_rcc.o(.text)
    RCC_AHB2PeriphResetCmd                   0x0800465d   Thumb Code    34  stm32f4xx_rcc.o(.text)
    RCC_AHB3PeriphResetCmd                   0x0800467f   Thumb Code    34  stm32f4xx_rcc.o(.text)
    RCC_APB1PeriphResetCmd                   0x080046a1   Thumb Code    34  stm32f4xx_rcc.o(.text)
    RCC_APB2PeriphResetCmd                   0x080046c3   Thumb Code    34  stm32f4xx_rcc.o(.text)
    RCC_AHB1PeriphClockLPModeCmd             0x080046e5   Thumb Code    34  stm32f4xx_rcc.o(.text)
    RCC_AHB2PeriphClockLPModeCmd             0x08004707   Thumb Code    34  stm32f4xx_rcc.o(.text)
    RCC_AHB3PeriphClockLPModeCmd             0x08004729   Thumb Code    34  stm32f4xx_rcc.o(.text)
    RCC_APB1PeriphClockLPModeCmd             0x0800474b   Thumb Code    34  stm32f4xx_rcc.o(.text)
    RCC_APB2PeriphClockLPModeCmd             0x0800476d   Thumb Code    34  stm32f4xx_rcc.o(.text)
    RCC_LSEModeConfig                        0x0800478f   Thumb Code    40  stm32f4xx_rcc.o(.text)
    RCC_ITConfig                             0x080047b7   Thumb Code    34  stm32f4xx_rcc.o(.text)
    RCC_ClearFlag                            0x080047d9   Thumb Code    18  stm32f4xx_rcc.o(.text)
    RCC_GetITStatus                          0x080047eb   Thumb Code    22  stm32f4xx_rcc.o(.text)
    RCC_ClearITPendingBit                    0x08004801   Thumb Code     8  stm32f4xx_rcc.o(.text)
    __use_no_semihosting                     0x0800480d   Thumb Code     2  use_no_semi_2.o(.text)
    __use_two_region_memory                  0x0800480f   Thumb Code     2  heapauxi.o(.text)
    __rt_heap_escrow$2region                 0x08004811   Thumb Code     2  heapauxi.o(.text)
    __rt_heap_expand$2region                 0x08004813   Thumb Code     2  heapauxi.o(.text)
    __I$use$semihosting                      0x08004815   Thumb Code     0  use_no_semi.o(.text)
    __use_no_semihosting_swi                 0x08004815   Thumb Code     2  use_no_semi.o(.text)
    __user_setup_stackheap                   0x08004817   Thumb Code    74  sys_stackheap_outer.o(.text)
    exit                                     0x08004861   Thumb Code    18  exit.o(.text)
    __user_libspace                          0x08004875   Thumb Code     8  libspace.o(.text)
    __user_perproc_libspace                  0x08004875   Thumb Code     0  libspace.o(.text)
    __user_perthread_libspace                0x08004875   Thumb Code     0  libspace.o(.text)
    __aeabi_dadd                             0x0800487d   Thumb Code     0  daddsub_clz.o(x$fpl$dadd)
    _dadd                                    0x0800487d   Thumb Code   332  daddsub_clz.o(x$fpl$dadd)
    __aeabi_d2iz                             0x080049cd   Thumb Code     0  dfix.o(x$fpl$dfix)
    _dfix                                    0x080049cd   Thumb Code    94  dfix.o(x$fpl$dfix)
    __aeabi_d2uiz                            0x08004a2d   Thumb Code     0  dfixu.o(x$fpl$dfixu)
    _dfixu                                   0x08004a2d   Thumb Code    90  dfixu.o(x$fpl$dfixu)
    __aeabi_i2d                              0x08004a87   Thumb Code     0  dflt_clz.o(x$fpl$dflt)
    _dflt                                    0x08004a87   Thumb Code    46  dflt_clz.o(x$fpl$dflt)
    __aeabi_dmul                             0x08004ab5   Thumb Code     0  dmul.o(x$fpl$dmul)
    _dmul                                    0x08004ab5   Thumb Code   332  dmul.o(x$fpl$dmul)
    __fpl_dnaninf                            0x08004c09   Thumb Code   156  dnaninf.o(x$fpl$dnaninf)
    __fpl_dretinf                            0x08004ca5   Thumb Code    12  dretinf.o(x$fpl$dretinf)
    __aeabi_drsub                            0x08004cb1   Thumb Code     0  daddsub_clz.o(x$fpl$drsb)
    _drsb                                    0x08004cb1   Thumb Code    22  daddsub_clz.o(x$fpl$drsb)
    __aeabi_dsub                             0x08004cc9   Thumb Code     0  daddsub_clz.o(x$fpl$dsub)
    _dsub                                    0x08004cc9   Thumb Code   464  daddsub_clz.o(x$fpl$dsub)
    _fp_init                                 0x08004e9d   Thumb Code    10  fpinit.o(x$fpl$fpinit)
    __fplib_config_fpu_vfp                   0x08004ea5   Thumb Code     0  fpinit.o(x$fpl$fpinit)
    __fplib_config_pureend_doubles           0x08004ea5   Thumb Code     0  fpinit.o(x$fpl$fpinit)
    __I$use$fp                               0x08004ea6   Number         0  usenofp.o(x$fpl$usenofp)
    Region$$Table$$Base                      0x08004ea8   Number         0  anon$$obj.o(Region$$Table)
    Region$$Table$$Limit                     0x08004ec8   Number         0  anon$$obj.o(Region$$Table)
    RxData                                   0x20000000   Data           1  main.o(.data)
    length                                   0x20000004   Data           4  main.o(.data)
    i                                        0x20000008   Data           4  main.o(.data)
    j                                        0x2000000c   Data           4  main.o(.data)
    Flag                                     0x20000010   Data           4  main.o(.data)
    save                                     0x20000014   Data           4  main.o(.data)
    SystemCoreClock                          0x20000018   Data           4  system_stm32f4xx.o(.data)
    AHBPrescTable                            0x2000001c   Data          16  system_stm32f4xx.o(.data)
    Ra                                       0x2000002c   Data           4  pwmdac.o(.data)
    La                                       0x20000030   Data           4  pwmdac.o(.data)
    choice                                   0x20000034   Data           4  pwmdac.o(.data)
    Lslip                                    0x20000038   Data           4  pwmdac.o(.data)
    Rslip                                    0x2000003c   Data           4  pwmdac.o(.data)
    Ncounter                                 0x20000040   Data           4  pwmdac.o(.data)
    Ncountertarget                           0x20000044   Data           4  pwmdac.o(.data)
    Lcounter                                 0x20000048   Data           4  pwmdac.o(.data)
    Rcounter                                 0x2000004c   Data           4  pwmdac.o(.data)
    flag                                     0x20000050   Data           4  pwmdac.o(.data)
    Step                                     0x20000054   Data           1  motion.o(.data)
    Rstage                                   0x20000058   Data           4  motion.o(.data)
    Lstage                                   0x2000005c   Data           4  motion.o(.data)
    stage                                    0x20000060   Data           4  motion.o(.data)
    center                                   0x20000064   Data           4  motion.o(.data)
    Las                                      0x20000068   Data           4  motion.o(.data)
    Ras                                      0x2000006c   Data           4  motion.o(.data)
    __stdout                                 0x20000074   Data           4  usart.o(.data)
    USART_RX_STA                             0x20000078   Data           2  usart.o(.data)
    serial_RxData                            0x2000007a   Data           1  usart.o(.data)
    serial_RxFlag                            0x2000007b   Data           1  usart.o(.data)
    received_data                            0x2000008c   Data         256  main.o(.bss)
    USART_RX_BUF                             0x2000018c   Data         200  usart.o(.bss)
    __libspace_start                         0x20000254   Data          96  libspace.o(.bss)
    __temporary_stack_top$libspace           0x200002b4   Data           0  libspace.o(.bss)



==============================================================================

Memory Map of the image

  Image Entry point : 0x08000189

  Load Region LR_IROM1 (Base: 0x08000000, Size: 0x00004f54, Max: 0x00100000, ABSOLUTE)

    Execution Region ER_IROM1 (Exec base: 0x08000000, Load base: 0x08000000, Size: 0x00004ec8, Max: 0x00100000, ABSOLUTE)

    Exec Addr    Load Addr    Size         Type   Attr      Idx    E Section Name        Object

    0x08000000   0x08000000   0x00000188   Data   RO          495    RESET               startup_stm32f40_41xxx.o
    0x08000188   0x08000188   0x00000008   Code   RO          691  * !!!main             c_w.l(__main.o)
    0x08000190   0x08000190   0x00000034   Code   RO          873    !!!scatter          c_w.l(__scatter.o)
    0x080001c4   0x080001c4   0x0000001a   Code   RO          875    !!handler_copy      c_w.l(__scatter_copy.o)
    0x080001de   0x080001de   0x00000002   PAD
    0x080001e0   0x080001e0   0x0000001c   Code   RO          877    !!handler_zi        c_w.l(__scatter_zi.o)
    0x080001fc   0x080001fc   0x00000002   Code   RO          747    .ARM.Collect$$libinit$$00000000  c_w.l(libinit.o)
    0x080001fe   0x080001fe   0x00000004   Code   RO          753    .ARM.Collect$$libinit$$00000001  c_w.l(libinit2.o)
    0x08000202   0x08000202   0x00000000   Code   RO          756    .ARM.Collect$$libinit$$00000004  c_w.l(libinit2.o)
    0x08000202   0x08000202   0x00000000   Code   RO          759    .ARM.Collect$$libinit$$0000000A  c_w.l(libinit2.o)
    0x08000202   0x08000202   0x00000000   Code   RO          761    .ARM.Collect$$libinit$$0000000C  c_w.l(libinit2.o)
    0x08000202   0x08000202   0x00000000   Code   RO          763    .ARM.Collect$$libinit$$0000000E  c_w.l(libinit2.o)
    0x08000202   0x08000202   0x00000000   Code   RO          766    .ARM.Collect$$libinit$$00000011  c_w.l(libinit2.o)
    0x08000202   0x08000202   0x00000000   Code   RO          768    .ARM.Collect$$libinit$$00000013  c_w.l(libinit2.o)
    0x08000202   0x08000202   0x00000000   Code   RO          770    .ARM.Collect$$libinit$$00000015  c_w.l(libinit2.o)
    0x08000202   0x08000202   0x00000000   Code   RO          772    .ARM.Collect$$libinit$$00000017  c_w.l(libinit2.o)
    0x08000202   0x08000202   0x00000000   Code   RO          774    .ARM.Collect$$libinit$$00000019  c_w.l(libinit2.o)
    0x08000202   0x08000202   0x00000000   Code   RO          776    .ARM.Collect$$libinit$$0000001B  c_w.l(libinit2.o)
    0x08000202   0x08000202   0x00000000   Code   RO          778    .ARM.Collect$$libinit$$0000001D  c_w.l(libinit2.o)
    0x08000202   0x08000202   0x00000000   Code   RO          780    .ARM.Collect$$libinit$$0000001F  c_w.l(libinit2.o)
    0x08000202   0x08000202   0x00000000   Code   RO          782    .ARM.Collect$$libinit$$00000021  c_w.l(libinit2.o)
    0x08000202   0x08000202   0x00000000   Code   RO          784    .ARM.Collect$$libinit$$00000023  c_w.l(libinit2.o)
    0x08000202   0x08000202   0x00000000   Code   RO          786    .ARM.Collect$$libinit$$00000025  c_w.l(libinit2.o)
    0x08000202   0x08000202   0x00000000   Code   RO          790    .ARM.Collect$$libinit$$0000002C  c_w.l(libinit2.o)
    0x08000202   0x08000202   0x00000000   Code   RO          792    .ARM.Collect$$libinit$$0000002E  c_w.l(libinit2.o)
    0x08000202   0x08000202   0x00000000   Code   RO          794    .ARM.Collect$$libinit$$00000030  c_w.l(libinit2.o)
    0x08000202   0x08000202   0x00000000   Code   RO          796    .ARM.Collect$$libinit$$00000032  c_w.l(libinit2.o)
    0x08000202   0x08000202   0x00000002   Code   RO          797    .ARM.Collect$$libinit$$00000033  c_w.l(libinit2.o)
    0x08000204   0x08000204   0x00000002   Code   RO          815    .ARM.Collect$$libshutdown$$00000000  c_w.l(libshutdown.o)
    0x08000206   0x08000206   0x00000000   Code   RO          825    .ARM.Collect$$libshutdown$$00000002  c_w.l(libshutdown2.o)
    0x08000206   0x08000206   0x00000000   Code   RO          827    .ARM.Collect$$libshutdown$$00000004  c_w.l(libshutdown2.o)
    0x08000206   0x08000206   0x00000000   Code   RO          830    .ARM.Collect$$libshutdown$$00000007  c_w.l(libshutdown2.o)
    0x08000206   0x08000206   0x00000000   Code   RO          833    .ARM.Collect$$libshutdown$$0000000A  c_w.l(libshutdown2.o)
    0x08000206   0x08000206   0x00000000   Code   RO          835    .ARM.Collect$$libshutdown$$0000000C  c_w.l(libshutdown2.o)
    0x08000206   0x08000206   0x00000000   Code   RO          838    .ARM.Collect$$libshutdown$$0000000F  c_w.l(libshutdown2.o)
    0x08000206   0x08000206   0x00000002   Code   RO          839    .ARM.Collect$$libshutdown$$00000010  c_w.l(libshutdown2.o)
    0x08000208   0x08000208   0x00000000   Code   RO          717    .ARM.Collect$$rtentry$$00000000  c_w.l(__rtentry.o)
    0x08000208   0x08000208   0x00000000   Code   RO          724    .ARM.Collect$$rtentry$$00000002  c_w.l(__rtentry2.o)
    0x08000208   0x08000208   0x00000006   Code   RO          736    .ARM.Collect$$rtentry$$00000004  c_w.l(__rtentry4.o)
    0x0800020e   0x0800020e   0x00000000   Code   RO          726    .ARM.Collect$$rtentry$$00000009  c_w.l(__rtentry2.o)
    0x0800020e   0x0800020e   0x00000004   Code   RO          727    .ARM.Collect$$rtentry$$0000000A  c_w.l(__rtentry2.o)
    0x08000212   0x08000212   0x00000000   Code   RO          729    .ARM.Collect$$rtentry$$0000000C  c_w.l(__rtentry2.o)
    0x08000212   0x08000212   0x00000008   Code   RO          730    .ARM.Collect$$rtentry$$0000000D  c_w.l(__rtentry2.o)
    0x0800021a   0x0800021a   0x00000002   Code   RO          751    .ARM.Collect$$rtexit$$00000000  c_w.l(rtexit.o)
    0x0800021c   0x0800021c   0x00000000   Code   RO          799    .ARM.Collect$$rtexit$$00000002  c_w.l(rtexit2.o)
    0x0800021c   0x0800021c   0x00000004   Code   RO          800    .ARM.Collect$$rtexit$$00000003  c_w.l(rtexit2.o)
    0x08000220   0x08000220   0x00000006   Code   RO          801    .ARM.Collect$$rtexit$$00000004  c_w.l(rtexit2.o)
    0x08000226   0x08000226   0x00000002   PAD
    0x08000228   0x08000228   0x00000174   Code   RO            3    .text               main.o
    0x0800039c   0x0800039c   0x0000001a   Code   RO          177    .text               stm32f4xx_it.o
    0x080003b6   0x080003b6   0x00000002   PAD
    0x080003b8   0x080003b8   0x00000210   Code   RO          226    .text               system_stm32f4xx.o
    0x080005c8   0x080005c8   0x00000730   Code   RO          252    .text               pwmdac.o
    0x08000cf8   0x08000cf8   0x0000006c   Code   RO          278    .text               relays.o
    0x08000d64   0x08000d64   0x00000bc8   Code   RO          298    .text               motion.o
    0x0800192c   0x0800192c   0x00000374   Code   RO          324    .text               motion2.o
    0x08001ca0   0x08001ca0   0x00000374   Code   RO          344    .text               motion3.o
    0x08002014   0x08002014   0x00000374   Code   RO          364    .text               motion4.o
    0x08002388   0x08002388   0x00000374   Code   RO          384    .text               motion5.o
    0x080026fc   0x080026fc   0x00000374   Code   RO          404    .text               motion6.o
    0x08002a70   0x08002a70   0x00000104   Code   RO          424    .text               delay.o
    0x08002b74   0x08002b74   0x00000190   Code   RO          464    .text               usart.o
    0x08002d04   0x08002d04   0x00000040   Code   RO          496    .text               startup_stm32f40_41xxx.o
    0x08002d44   0x08002d44   0x000000e0   Code   RO          502    .text               misc.o
    0x08002e24   0x08002e24   0x00000294   Code   RO          542    .text               stm32f4xx_gpio.o
    0x080030b8   0x080030b8   0x00000ca2   Code   RO          605    .text               stm32f4xx_tim.o
    0x08003d5a   0x08003d5a   0x00000002   PAD
    0x08003d5c   0x08003d5c   0x00000454   Code   RO          625    .text               stm32f4xx_usart.o
    0x080041b0   0x080041b0   0x0000065c   Code   RO          665    .text               stm32f4xx_rcc.o
    0x0800480c   0x0800480c   0x00000002   Code   RO          687    .text               c_w.l(use_no_semi_2.o)
    0x0800480e   0x0800480e   0x00000006   Code   RO          689    .text               c_w.l(heapauxi.o)
    0x08004814   0x08004814   0x00000002   Code   RO          715    .text               c_w.l(use_no_semi.o)
    0x08004816   0x08004816   0x0000004a   Code   RO          738    .text               c_w.l(sys_stackheap_outer.o)
    0x08004860   0x08004860   0x00000012   Code   RO          740    .text               c_w.l(exit.o)
    0x08004872   0x08004872   0x00000002   PAD
    0x08004874   0x08004874   0x00000008   Code   RO          748    .text               c_w.l(libspace.o)
    0x0800487c   0x0800487c   0x00000150   Code   RO          693    x$fpl$dadd          fz_wm.l(daddsub_clz.o)
    0x080049cc   0x080049cc   0x0000005e   Code   RO          699    x$fpl$dfix          fz_wm.l(dfix.o)
    0x08004a2a   0x08004a2a   0x00000002   PAD
    0x08004a2c   0x08004a2c   0x0000005a   Code   RO          703    x$fpl$dfixu         fz_wm.l(dfixu.o)
    0x08004a86   0x08004a86   0x0000002e   Code   RO          708    x$fpl$dflt          fz_wm.l(dflt_clz.o)
    0x08004ab4   0x08004ab4   0x00000154   Code   RO          713    x$fpl$dmul          fz_wm.l(dmul.o)
    0x08004c08   0x08004c08   0x0000009c   Code   RO          718    x$fpl$dnaninf       fz_wm.l(dnaninf.o)
    0x08004ca4   0x08004ca4   0x0000000c   Code   RO          720    x$fpl$dretinf       fz_wm.l(dretinf.o)
    0x08004cb0   0x08004cb0   0x00000016   Code   RO          694    x$fpl$drsb          fz_wm.l(daddsub_clz.o)
    0x08004cc6   0x08004cc6   0x00000002   PAD
    0x08004cc8   0x08004cc8   0x000001d4   Code   RO          695    x$fpl$dsub          fz_wm.l(daddsub_clz.o)
    0x08004e9c   0x08004e9c   0x0000000a   Code   RO          807    x$fpl$fpinit        fz_wm.l(fpinit.o)
    0x08004ea6   0x08004ea6   0x00000000   Code   RO          722    x$fpl$usenofp       fz_wm.l(usenofp.o)
    0x08004ea6   0x08004ea6   0x00000002   PAD
    0x08004ea8   0x08004ea8   0x00000020   Data   RO          871    Region$$Table       anon$$obj.o


    Execution Region RW_IRAM1 (Exec base: 0x20000000, Load base: 0x08004ec8, Size: 0x000008b8, Max: 0x00020000, ABSOLUTE)

    Exec Addr    Load Addr    Size         Type   Attr      Idx    E Section Name        Object

    0x20000000   0x08004ec8   0x00000018   Data   RW            5    .data               main.o
    0x20000018   0x08004ee0   0x00000014   Data   RW          227    .data               system_stm32f4xx.o
    0x2000002c   0x08004ef4   0x00000028   Data   RW          253    .data               pwmdac.o
    0x20000054   0x08004f1c   0x0000001c   Data   RW          299    .data               motion.o
    0x20000070   0x08004f38   0x00000004   Data   RW          425    .data               delay.o
    0x20000074   0x08004f3c   0x00000008   Data   RW          466    .data               usart.o
    0x2000007c   0x08004f44   0x00000010   Data   RW          666    .data               stm32f4xx_rcc.o
    0x2000008c        -       0x00000100   Zero   RW            4    .bss                main.o
    0x2000018c        -       0x000000c8   Zero   RW          465    .bss                usart.o
    0x20000254        -       0x00000060   Zero   RW          749    .bss                c_w.l(libspace.o)
    0x200002b4   0x08004f54   0x00000004   PAD
    0x200002b8        -       0x00000200   Zero   RW          494    HEAP                startup_stm32f40_41xxx.o
    0x200004b8        -       0x00000400   Zero   RW          493    STACK               startup_stm32f40_41xxx.o


==============================================================================

Image component sizes


      Code (inc. data)   RO Data    RW Data    ZI Data      Debug   Object Name

       260          8          0          4          0       1453   delay.o
       372         46          0         24        256     282937   main.o
       224         20          0          0          0       1793   misc.o
      3016         78          0         28          0       8420   motion.o
       884         28          0          0          0       1762   motion2.o
       884         28          0          0          0       1758   motion3.o
       884         28          0          0          0       1758   motion4.o
       884         28          0          0          0       1758   motion5.o
       884         28          0          0          0       1758   motion6.o
      1840        152          0         40          0       4348   pwmdac.o
       108          8          0          0          0       1001   relays.o
        64         26        392          0       1536        824   startup_stm32f40_41xxx.o
       660         44          0          0          0       4133   stm32f4xx_gpio.o
        26          0          0          0          0       1210   stm32f4xx_it.o
      1628         52          0         16          0      12996   stm32f4xx_rcc.o
      3234         60          0          0          0      22988   stm32f4xx_tim.o
      1108         34          0          0          0       7856   stm32f4xx_usart.o
       528         46          0         20          0       1739   system_stm32f4xx.o
       400         26          0          8        200       3928   usart.o

    ----------------------------------------------------------------------
     17892        740        424        140       1992     364420   Object Totals
         0          0         32          0          0          0   (incl. Generated)
         4          0          0          0          0          0   (incl. Padding)

    ----------------------------------------------------------------------

      Code (inc. data)   RO Data    RW Data    ZI Data      Debug   Library Member Name

         8          0          0          0          0         68   __main.o
         0          0          0          0          0          0   __rtentry.o
        12          0          0          0          0          0   __rtentry2.o
         6          0          0          0          0          0   __rtentry4.o
        52          8          0          0          0          0   __scatter.o
        26          0          0          0          0          0   __scatter_copy.o
        28          0          0          0          0          0   __scatter_zi.o
        18          0          0          0          0         80   exit.o
         6          0          0          0          0        152   heapauxi.o
         2          0          0          0          0          0   libinit.o
         6          0          0          0          0          0   libinit2.o
         2          0          0          0          0          0   libshutdown.o
         2          0          0          0          0          0   libshutdown2.o
         8          4          0          0         96         68   libspace.o
         2          0          0          0          0          0   rtexit.o
        10          0          0          0          0          0   rtexit2.o
        74          0          0          0          0         80   sys_stackheap_outer.o
         2          0          0          0          0         68   use_no_semi.o
         2          0          0          0          0         68   use_no_semi_2.o
       826         16          0          0          0        492   daddsub_clz.o
        94          4          0          0          0        140   dfix.o
        90          4          0          0          0        140   dfixu.o
        46          0          0          0          0        116   dflt_clz.o
       340         12          0          0          0        152   dmul.o
       156          4          0          0          0        140   dnaninf.o
        12          0          0          0          0        116   dretinf.o
        10          0          0          0          0        116   fpinit.o
         0          0          0          0          0          0   usenofp.o

    ----------------------------------------------------------------------
      1852         52          0          0        100       1996   Library Totals
        12          0          0          0          4          0   (incl. Padding)

    ----------------------------------------------------------------------

      Code (inc. data)   RO Data    RW Data    ZI Data      Debug   Library Name

       266         12          0          0         96        584   c_w.l
      1574         40          0          0          0       1412   fz_wm.l

    ----------------------------------------------------------------------
      1852         52          0          0        100       1996   Library Totals

    ----------------------------------------------------------------------

==============================================================================


      Code (inc. data)   RO Data    RW Data    ZI Data      Debug   

     19744        792        424        140       2092     362060   Grand Totals
     19744        792        424        140       2092     362060   ELF Image Totals
     19744        792        424        140          0          0   ROM Totals

==============================================================================

    Total RO  Size (Code + RO Data)                20168 (  19.70kB)
    Total RW  Size (RW Data + ZI Data)              2232 (   2.18kB)
    Total ROM Size (Code + RO Data + RW Data)      20308 (  19.83kB)

==============================================================================

