<!doctype html public "-//w3c//dtd html 4.0 transitional//en">
<html><head>
<title>Static Call Graph - [.\Objects\001.axf]</title></head>
<body><HR>
<H1>Static Call Graph for image .\Objects\001.axf</H1><HR>
<BR><P>#&#060CALLGRAPH&#062# ARM Linker, 5060528: Last Updated: Mon Dec 25 12:30:47 2023
<BR><P>
<H3>Maximum Stack Usage =        104 bytes + Unknown(Functions without stacksize, Cycles, Untraceable Function Pointers)</H3><H3>
Call chain for Maximum Stack Depth:</H3>
__rt_entry_main &rArr; main &rArr; process_received_data &rArr; invokecenter &rArr; R4coordinate &rArr; cubesolve6 &rArr; Rturn1 &rArr; Rphase &rArr; Rbujincontral &rArr; Rspeed
<P>
<H3>
Functions with no stack information
</H3><UL>
 <LI><a href="#[4c]">__user_initial_stackheap</a>
</UL>
</UL>
<P>
<H3>
Mutually Recursive functions
</H3> <LI><a href="#[20]">ADC1_2_IRQHandler</a>&nbsp;&nbsp;&nbsp;&rArr;&nbsp;&nbsp;&nbsp;<a href="#[20]">ADC1_2_IRQHandler</a><BR>
</UL>
<P>
<H3>
Function Pointers
</H3><UL>
 <LI><a href="#[20]">ADC1_2_IRQHandler</a> from startup_stm32f10x_md.o(.text) referenced from startup_stm32f10x_md.o(RESET)
 <LI><a href="#[8]">BusFault_Handler</a> from stm32f10x_it.o(i.BusFault_Handler) referenced from startup_stm32f10x_md.o(RESET)
 <LI><a href="#[23]">CAN1_RX1_IRQHandler</a> from startup_stm32f10x_md.o(.text) referenced from startup_stm32f10x_md.o(RESET)
 <LI><a href="#[24]">CAN1_SCE_IRQHandler</a> from startup_stm32f10x_md.o(.text) referenced from startup_stm32f10x_md.o(RESET)
 <LI><a href="#[19]">DMA1_Channel1_IRQHandler</a> from startup_stm32f10x_md.o(.text) referenced from startup_stm32f10x_md.o(RESET)
 <LI><a href="#[1a]">DMA1_Channel2_IRQHandler</a> from startup_stm32f10x_md.o(.text) referenced from startup_stm32f10x_md.o(RESET)
 <LI><a href="#[1b]">DMA1_Channel3_IRQHandler</a> from startup_stm32f10x_md.o(.text) referenced from startup_stm32f10x_md.o(RESET)
 <LI><a href="#[1c]">DMA1_Channel4_IRQHandler</a> from startup_stm32f10x_md.o(.text) referenced from startup_stm32f10x_md.o(RESET)
 <LI><a href="#[1d]">DMA1_Channel5_IRQHandler</a> from startup_stm32f10x_md.o(.text) referenced from startup_stm32f10x_md.o(RESET)
 <LI><a href="#[1e]">DMA1_Channel6_IRQHandler</a> from startup_stm32f10x_md.o(.text) referenced from startup_stm32f10x_md.o(RESET)
 <LI><a href="#[1f]">DMA1_Channel7_IRQHandler</a> from startup_stm32f10x_md.o(.text) referenced from startup_stm32f10x_md.o(RESET)
 <LI><a href="#[b]">DebugMon_Handler</a> from stm32f10x_it.o(i.DebugMon_Handler) referenced from startup_stm32f10x_md.o(RESET)
 <LI><a href="#[14]">EXTI0_IRQHandler</a> from startup_stm32f10x_md.o(.text) referenced from startup_stm32f10x_md.o(RESET)
 <LI><a href="#[36]">EXTI15_10_IRQHandler</a> from startup_stm32f10x_md.o(.text) referenced from startup_stm32f10x_md.o(RESET)
 <LI><a href="#[15]">EXTI1_IRQHandler</a> from startup_stm32f10x_md.o(.text) referenced from startup_stm32f10x_md.o(RESET)
 <LI><a href="#[16]">EXTI2_IRQHandler</a> from startup_stm32f10x_md.o(.text) referenced from startup_stm32f10x_md.o(RESET)
 <LI><a href="#[17]">EXTI3_IRQHandler</a> from startup_stm32f10x_md.o(.text) referenced from startup_stm32f10x_md.o(RESET)
 <LI><a href="#[18]">EXTI4_IRQHandler</a> from startup_stm32f10x_md.o(.text) referenced from startup_stm32f10x_md.o(RESET)
 <LI><a href="#[25]">EXTI9_5_IRQHandler</a> from startup_stm32f10x_md.o(.text) referenced from startup_stm32f10x_md.o(RESET)
 <LI><a href="#[12]">FLASH_IRQHandler</a> from startup_stm32f10x_md.o(.text) referenced from startup_stm32f10x_md.o(RESET)
 <LI><a href="#[6]">HardFault_Handler</a> from stm32f10x_it.o(i.HardFault_Handler) referenced from startup_stm32f10x_md.o(RESET)
 <LI><a href="#[2e]">I2C1_ER_IRQHandler</a> from startup_stm32f10x_md.o(.text) referenced from startup_stm32f10x_md.o(RESET)
 <LI><a href="#[2d]">I2C1_EV_IRQHandler</a> from startup_stm32f10x_md.o(.text) referenced from startup_stm32f10x_md.o(RESET)
 <LI><a href="#[30]">I2C2_ER_IRQHandler</a> from startup_stm32f10x_md.o(.text) referenced from startup_stm32f10x_md.o(RESET)
 <LI><a href="#[2f]">I2C2_EV_IRQHandler</a> from startup_stm32f10x_md.o(.text) referenced from startup_stm32f10x_md.o(RESET)
 <LI><a href="#[7]">MemManage_Handler</a> from stm32f10x_it.o(i.MemManage_Handler) referenced from startup_stm32f10x_md.o(RESET)
 <LI><a href="#[5]">NMI_Handler</a> from stm32f10x_it.o(i.NMI_Handler) referenced from startup_stm32f10x_md.o(RESET)
 <LI><a href="#[f]">PVD_IRQHandler</a> from startup_stm32f10x_md.o(.text) referenced from startup_stm32f10x_md.o(RESET)
 <LI><a href="#[c]">PendSV_Handler</a> from stm32f10x_it.o(i.PendSV_Handler) referenced from startup_stm32f10x_md.o(RESET)
 <LI><a href="#[13]">RCC_IRQHandler</a> from startup_stm32f10x_md.o(.text) referenced from startup_stm32f10x_md.o(RESET)
 <LI><a href="#[37]">RTCAlarm_IRQHandler</a> from startup_stm32f10x_md.o(.text) referenced from startup_stm32f10x_md.o(RESET)
 <LI><a href="#[11]">RTC_IRQHandler</a> from startup_stm32f10x_md.o(.text) referenced from startup_stm32f10x_md.o(RESET)
 <LI><a href="#[4]">Reset_Handler</a> from startup_stm32f10x_md.o(.text) referenced from startup_stm32f10x_md.o(RESET)
 <LI><a href="#[31]">SPI1_IRQHandler</a> from startup_stm32f10x_md.o(.text) referenced from startup_stm32f10x_md.o(RESET)
 <LI><a href="#[32]">SPI2_IRQHandler</a> from startup_stm32f10x_md.o(.text) referenced from startup_stm32f10x_md.o(RESET)
 <LI><a href="#[a]">SVC_Handler</a> from stm32f10x_it.o(i.SVC_Handler) referenced from startup_stm32f10x_md.o(RESET)
 <LI><a href="#[d]">SysTick_Handler</a> from stm32f10x_it.o(i.SysTick_Handler) referenced from startup_stm32f10x_md.o(RESET)
 <LI><a href="#[39]">SystemInit</a> from system_stm32f10x.o(i.SystemInit) referenced from startup_stm32f10x_md.o(.text)
 <LI><a href="#[10]">TAMPER_IRQHandler</a> from startup_stm32f10x_md.o(.text) referenced from startup_stm32f10x_md.o(RESET)
 <LI><a href="#[26]">TIM1_BRK_IRQHandler</a> from startup_stm32f10x_md.o(.text) referenced from startup_stm32f10x_md.o(RESET)
 <LI><a href="#[29]">TIM1_CC_IRQHandler</a> from startup_stm32f10x_md.o(.text) referenced from startup_stm32f10x_md.o(RESET)
 <LI><a href="#[28]">TIM1_TRG_COM_IRQHandler</a> from startup_stm32f10x_md.o(.text) referenced from startup_stm32f10x_md.o(RESET)
 <LI><a href="#[27]">TIM1_UP_IRQHandler</a> from startup_stm32f10x_md.o(.text) referenced from startup_stm32f10x_md.o(RESET)
 <LI><a href="#[2a]">TIM2_IRQHandler</a> from startup_stm32f10x_md.o(.text) referenced from startup_stm32f10x_md.o(RESET)
 <LI><a href="#[2b]">TIM3_IRQHandler</a> from stepper.o(i.TIM3_IRQHandler) referenced from startup_stm32f10x_md.o(RESET)
 <LI><a href="#[2c]">TIM4_IRQHandler</a> from stepper.o(i.TIM4_IRQHandler) referenced from startup_stm32f10x_md.o(RESET)
 <LI><a href="#[33]">USART1_IRQHandler</a> from serial.o(i.USART1_IRQHandler) referenced from startup_stm32f10x_md.o(RESET)
 <LI><a href="#[34]">USART2_IRQHandler</a> from startup_stm32f10x_md.o(.text) referenced from startup_stm32f10x_md.o(RESET)
 <LI><a href="#[35]">USART3_IRQHandler</a> from startup_stm32f10x_md.o(.text) referenced from startup_stm32f10x_md.o(RESET)
 <LI><a href="#[38]">USBWakeUp_IRQHandler</a> from startup_stm32f10x_md.o(.text) referenced from startup_stm32f10x_md.o(RESET)
 <LI><a href="#[21]">USB_HP_CAN1_TX_IRQHandler</a> from startup_stm32f10x_md.o(.text) referenced from startup_stm32f10x_md.o(RESET)
 <LI><a href="#[22]">USB_LP_CAN1_RX0_IRQHandler</a> from startup_stm32f10x_md.o(.text) referenced from startup_stm32f10x_md.o(RESET)
 <LI><a href="#[9]">UsageFault_Handler</a> from stm32f10x_it.o(i.UsageFault_Handler) referenced from startup_stm32f10x_md.o(RESET)
 <LI><a href="#[e]">WWDG_IRQHandler</a> from startup_stm32f10x_md.o(.text) referenced from startup_stm32f10x_md.o(RESET)
 <LI><a href="#[3b]">__main</a> from __main.o(!!!main) referenced from startup_stm32f10x_md.o(.text)
</UL>
<P>
<H3>
Global Symbols
</H3>
<P><STRONG><a name="[3b]"></a>__main</STRONG> (Thumb, 8 bytes, Stack size 0 bytes, __main.o(!!!main))
<BR><BR>[Calls]<UL><LI><a href="#[3d]">&gt;&gt;</a>&nbsp;&nbsp;&nbsp;__rt_entry
<LI><a href="#[3c]">&gt;&gt;</a>&nbsp;&nbsp;&nbsp;__scatterload
</UL>

<P><STRONG><a name="[3c]"></a>__scatterload</STRONG> (Thumb, 0 bytes, Stack size unknown bytes, __scatter.o(!!!scatter))
<BR><BR>[Called By]<UL><LI><a href="#[3b]">&gt;&gt;</a>&nbsp;&nbsp;&nbsp;__main
</UL>

<P><STRONG><a name="[3e]"></a>__scatterload_rt2</STRONG> (Thumb, 44 bytes, Stack size unknown bytes, __scatter.o(!!!scatter), UNUSED)
<BR><BR>[Calls]<UL><LI><a href="#[3d]">&gt;&gt;</a>&nbsp;&nbsp;&nbsp;__rt_entry
</UL>

<P><STRONG><a name="[c6]"></a>__scatterload_rt2_thumb_only</STRONG> (Thumb, 0 bytes, Stack size unknown bytes, __scatter.o(!!!scatter), UNUSED)

<P><STRONG><a name="[c7]"></a>__scatterload_null</STRONG> (Thumb, 0 bytes, Stack size unknown bytes, __scatter.o(!!!scatter), UNUSED)

<P><STRONG><a name="[3f]"></a>__scatterload_copy</STRONG> (Thumb, 26 bytes, Stack size unknown bytes, __scatter_copy.o(!!handler_copy), UNUSED)
<BR><BR>[Calls]<UL><LI><a href="#[3f]">&gt;&gt;</a>&nbsp;&nbsp;&nbsp;__scatterload_copy
</UL>
<BR>[Called By]<UL><LI><a href="#[3f]">&gt;&gt;</a>&nbsp;&nbsp;&nbsp;__scatterload_copy
</UL>

<P><STRONG><a name="[c8]"></a>__scatterload_zeroinit</STRONG> (Thumb, 28 bytes, Stack size unknown bytes, __scatter_zi.o(!!handler_zi), UNUSED)

<P><STRONG><a name="[43]"></a>__rt_lib_init</STRONG> (Thumb, 0 bytes, Stack size unknown bytes, libinit.o(.ARM.Collect$$libinit$$00000000))
<BR><BR>[Called By]<UL><LI><a href="#[42]">&gt;&gt;</a>&nbsp;&nbsp;&nbsp;__rt_entry_li
</UL>

<P><STRONG><a name="[c9]"></a>__rt_lib_init_alloca_1</STRONG> (Thumb, 0 bytes, Stack size unknown bytes, libinit2.o(.ARM.Collect$$libinit$$0000002E))

<P><STRONG><a name="[ca]"></a>__rt_lib_init_argv_1</STRONG> (Thumb, 0 bytes, Stack size unknown bytes, libinit2.o(.ARM.Collect$$libinit$$0000002C))

<P><STRONG><a name="[cb]"></a>__rt_lib_init_atexit_1</STRONG> (Thumb, 0 bytes, Stack size unknown bytes, libinit2.o(.ARM.Collect$$libinit$$0000001B))

<P><STRONG><a name="[cc]"></a>__rt_lib_init_clock_1</STRONG> (Thumb, 0 bytes, Stack size unknown bytes, libinit2.o(.ARM.Collect$$libinit$$00000021))

<P><STRONG><a name="[cd]"></a>__rt_lib_init_cpp_1</STRONG> (Thumb, 0 bytes, Stack size unknown bytes, libinit2.o(.ARM.Collect$$libinit$$00000032))

<P><STRONG><a name="[ce]"></a>__rt_lib_init_exceptions_1</STRONG> (Thumb, 0 bytes, Stack size unknown bytes, libinit2.o(.ARM.Collect$$libinit$$00000030))

<P><STRONG><a name="[cf]"></a>__rt_lib_init_fp_1</STRONG> (Thumb, 0 bytes, Stack size unknown bytes, libinit2.o(.ARM.Collect$$libinit$$00000002))

<P><STRONG><a name="[d0]"></a>__rt_lib_init_fp_trap_1</STRONG> (Thumb, 0 bytes, Stack size unknown bytes, libinit2.o(.ARM.Collect$$libinit$$0000001F))

<P><STRONG><a name="[d1]"></a>__rt_lib_init_getenv_1</STRONG> (Thumb, 0 bytes, Stack size unknown bytes, libinit2.o(.ARM.Collect$$libinit$$00000023))

<P><STRONG><a name="[d2]"></a>__rt_lib_init_heap_1</STRONG> (Thumb, 0 bytes, Stack size unknown bytes, libinit2.o(.ARM.Collect$$libinit$$0000000A))

<P><STRONG><a name="[d3]"></a>__rt_lib_init_lc_collate_1</STRONG> (Thumb, 0 bytes, Stack size unknown bytes, libinit2.o(.ARM.Collect$$libinit$$00000011))

<P><STRONG><a name="[d4]"></a>__rt_lib_init_lc_ctype_1</STRONG> (Thumb, 0 bytes, Stack size unknown bytes, libinit2.o(.ARM.Collect$$libinit$$00000013))

<P><STRONG><a name="[d5]"></a>__rt_lib_init_lc_monetary_1</STRONG> (Thumb, 0 bytes, Stack size unknown bytes, libinit2.o(.ARM.Collect$$libinit$$00000015))

<P><STRONG><a name="[d6]"></a>__rt_lib_init_lc_numeric_1</STRONG> (Thumb, 0 bytes, Stack size unknown bytes, libinit2.o(.ARM.Collect$$libinit$$00000017))

<P><STRONG><a name="[d7]"></a>__rt_lib_init_lc_time_1</STRONG> (Thumb, 0 bytes, Stack size unknown bytes, libinit2.o(.ARM.Collect$$libinit$$00000019))

<P><STRONG><a name="[d8]"></a>__rt_lib_init_preinit_1</STRONG> (Thumb, 0 bytes, Stack size unknown bytes, libinit2.o(.ARM.Collect$$libinit$$00000004))

<P><STRONG><a name="[d9]"></a>__rt_lib_init_rand_1</STRONG> (Thumb, 0 bytes, Stack size unknown bytes, libinit2.o(.ARM.Collect$$libinit$$0000000E))

<P><STRONG><a name="[da]"></a>__rt_lib_init_return</STRONG> (Thumb, 0 bytes, Stack size unknown bytes, libinit2.o(.ARM.Collect$$libinit$$00000033))

<P><STRONG><a name="[db]"></a>__rt_lib_init_signal_1</STRONG> (Thumb, 0 bytes, Stack size unknown bytes, libinit2.o(.ARM.Collect$$libinit$$0000001D))

<P><STRONG><a name="[dc]"></a>__rt_lib_init_stdio_1</STRONG> (Thumb, 0 bytes, Stack size unknown bytes, libinit2.o(.ARM.Collect$$libinit$$00000025))

<P><STRONG><a name="[dd]"></a>__rt_lib_init_user_alloc_1</STRONG> (Thumb, 0 bytes, Stack size unknown bytes, libinit2.o(.ARM.Collect$$libinit$$0000000C))

<P><STRONG><a name="[48]"></a>__rt_lib_shutdown</STRONG> (Thumb, 0 bytes, Stack size unknown bytes, libshutdown.o(.ARM.Collect$$libshutdown$$00000000))
<BR><BR>[Called By]<UL><LI><a href="#[47]">&gt;&gt;</a>&nbsp;&nbsp;&nbsp;__rt_exit_ls
</UL>

<P><STRONG><a name="[de]"></a>__rt_lib_shutdown_cpp_1</STRONG> (Thumb, 0 bytes, Stack size unknown bytes, libshutdown2.o(.ARM.Collect$$libshutdown$$00000002))

<P><STRONG><a name="[df]"></a>__rt_lib_shutdown_fp_trap_1</STRONG> (Thumb, 0 bytes, Stack size unknown bytes, libshutdown2.o(.ARM.Collect$$libshutdown$$00000007))

<P><STRONG><a name="[e0]"></a>__rt_lib_shutdown_heap_1</STRONG> (Thumb, 0 bytes, Stack size unknown bytes, libshutdown2.o(.ARM.Collect$$libshutdown$$0000000F))

<P><STRONG><a name="[e1]"></a>__rt_lib_shutdown_return</STRONG> (Thumb, 0 bytes, Stack size unknown bytes, libshutdown2.o(.ARM.Collect$$libshutdown$$00000010))

<P><STRONG><a name="[e2]"></a>__rt_lib_shutdown_signal_1</STRONG> (Thumb, 0 bytes, Stack size unknown bytes, libshutdown2.o(.ARM.Collect$$libshutdown$$0000000A))

<P><STRONG><a name="[e3]"></a>__rt_lib_shutdown_stdio_1</STRONG> (Thumb, 0 bytes, Stack size unknown bytes, libshutdown2.o(.ARM.Collect$$libshutdown$$00000004))

<P><STRONG><a name="[e4]"></a>__rt_lib_shutdown_user_alloc_1</STRONG> (Thumb, 0 bytes, Stack size unknown bytes, libshutdown2.o(.ARM.Collect$$libshutdown$$0000000C))

<P><STRONG><a name="[3d]"></a>__rt_entry</STRONG> (Thumb, 0 bytes, Stack size unknown bytes, __rtentry.o(.ARM.Collect$$rtentry$$00000000))
<BR><BR>[Called By]<UL><LI><a href="#[3b]">&gt;&gt;</a>&nbsp;&nbsp;&nbsp;__main
<LI><a href="#[3e]">&gt;&gt;</a>&nbsp;&nbsp;&nbsp;__scatterload_rt2
</UL>

<P><STRONG><a name="[e5]"></a>__rt_entry_presh_1</STRONG> (Thumb, 0 bytes, Stack size unknown bytes, __rtentry2.o(.ARM.Collect$$rtentry$$00000002))

<P><STRONG><a name="[40]"></a>__rt_entry_sh</STRONG> (Thumb, 0 bytes, Stack size unknown bytes, __rtentry4.o(.ARM.Collect$$rtentry$$00000004))
<BR><BR>[Stack]<UL><LI>Max Depth = 8 + Unknown Stack Size
<LI>Call Chain = __rt_entry_sh &rArr; __user_setup_stackheap
</UL>
<BR>[Calls]<UL><LI><a href="#[41]">&gt;&gt;</a>&nbsp;&nbsp;&nbsp;__user_setup_stackheap
</UL>

<P><STRONG><a name="[42]"></a>__rt_entry_li</STRONG> (Thumb, 0 bytes, Stack size unknown bytes, __rtentry2.o(.ARM.Collect$$rtentry$$0000000A))
<BR><BR>[Calls]<UL><LI><a href="#[43]">&gt;&gt;</a>&nbsp;&nbsp;&nbsp;__rt_lib_init
</UL>

<P><STRONG><a name="[e6]"></a>__rt_entry_postsh_1</STRONG> (Thumb, 0 bytes, Stack size unknown bytes, __rtentry2.o(.ARM.Collect$$rtentry$$00000009))

<P><STRONG><a name="[44]"></a>__rt_entry_main</STRONG> (Thumb, 0 bytes, Stack size unknown bytes, __rtentry2.o(.ARM.Collect$$rtentry$$0000000D))
<BR><BR>[Stack]<UL><LI>Max Depth = 104 + Unknown Stack Size
<LI>Call Chain = __rt_entry_main &rArr; main &rArr; process_received_data &rArr; invokecenter &rArr; R4coordinate &rArr; cubesolve6 &rArr; Rturn1 &rArr; Rphase &rArr; Rbujincontral &rArr; Rspeed
</UL>
<BR>[Calls]<UL><LI><a href="#[45]">&gt;&gt;</a>&nbsp;&nbsp;&nbsp;main
<LI><a href="#[46]">&gt;&gt;</a>&nbsp;&nbsp;&nbsp;exit
</UL>

<P><STRONG><a name="[e7]"></a>__rt_entry_postli_1</STRONG> (Thumb, 0 bytes, Stack size unknown bytes, __rtentry2.o(.ARM.Collect$$rtentry$$0000000C))

<P><STRONG><a name="[4d]"></a>__rt_exit</STRONG> (Thumb, 0 bytes, Stack size unknown bytes, rtexit.o(.ARM.Collect$$rtexit$$00000000))
<BR><BR>[Called By]<UL><LI><a href="#[46]">&gt;&gt;</a>&nbsp;&nbsp;&nbsp;exit
</UL>

<P><STRONG><a name="[47]"></a>__rt_exit_ls</STRONG> (Thumb, 0 bytes, Stack size unknown bytes, rtexit2.o(.ARM.Collect$$rtexit$$00000003))
<BR><BR>[Calls]<UL><LI><a href="#[48]">&gt;&gt;</a>&nbsp;&nbsp;&nbsp;__rt_lib_shutdown
</UL>

<P><STRONG><a name="[e8]"></a>__rt_exit_prels_1</STRONG> (Thumb, 0 bytes, Stack size unknown bytes, rtexit2.o(.ARM.Collect$$rtexit$$00000002))

<P><STRONG><a name="[49]"></a>__rt_exit_exit</STRONG> (Thumb, 0 bytes, Stack size unknown bytes, rtexit2.o(.ARM.Collect$$rtexit$$00000004))
<BR><BR>[Calls]<UL><LI><a href="#[4a]">&gt;&gt;</a>&nbsp;&nbsp;&nbsp;_sys_exit
</UL>

<P><STRONG><a name="[4]"></a>Reset_Handler</STRONG> (Thumb, 8 bytes, Stack size 0 bytes, startup_stm32f10x_md.o(.text))
<BR>[Address Reference Count : 1]<UL><LI> startup_stm32f10x_md.o(RESET)
</UL>
<P><STRONG><a name="[20]"></a>ADC1_2_IRQHandler</STRONG> (Thumb, 0 bytes, Stack size 0 bytes, startup_stm32f10x_md.o(.text))
<BR><BR>[Calls]<UL><LI><a href="#[20]">&gt;&gt;</a>&nbsp;&nbsp;&nbsp;ADC1_2_IRQHandler
</UL>
<BR>[Called By]<UL><LI><a href="#[20]">&gt;&gt;</a>&nbsp;&nbsp;&nbsp;ADC1_2_IRQHandler
</UL>
<BR>[Address Reference Count : 1]<UL><LI> startup_stm32f10x_md.o(RESET)
</UL>
<P><STRONG><a name="[23]"></a>CAN1_RX1_IRQHandler</STRONG> (Thumb, 0 bytes, Stack size 0 bytes, startup_stm32f10x_md.o(.text))
<BR>[Address Reference Count : 1]<UL><LI> startup_stm32f10x_md.o(RESET)
</UL>
<P><STRONG><a name="[24]"></a>CAN1_SCE_IRQHandler</STRONG> (Thumb, 0 bytes, Stack size 0 bytes, startup_stm32f10x_md.o(.text))
<BR>[Address Reference Count : 1]<UL><LI> startup_stm32f10x_md.o(RESET)
</UL>
<P><STRONG><a name="[19]"></a>DMA1_Channel1_IRQHandler</STRONG> (Thumb, 0 bytes, Stack size 0 bytes, startup_stm32f10x_md.o(.text))
<BR>[Address Reference Count : 1]<UL><LI> startup_stm32f10x_md.o(RESET)
</UL>
<P><STRONG><a name="[1a]"></a>DMA1_Channel2_IRQHandler</STRONG> (Thumb, 0 bytes, Stack size 0 bytes, startup_stm32f10x_md.o(.text))
<BR>[Address Reference Count : 1]<UL><LI> startup_stm32f10x_md.o(RESET)
</UL>
<P><STRONG><a name="[1b]"></a>DMA1_Channel3_IRQHandler</STRONG> (Thumb, 0 bytes, Stack size 0 bytes, startup_stm32f10x_md.o(.text))
<BR>[Address Reference Count : 1]<UL><LI> startup_stm32f10x_md.o(RESET)
</UL>
<P><STRONG><a name="[1c]"></a>DMA1_Channel4_IRQHandler</STRONG> (Thumb, 0 bytes, Stack size 0 bytes, startup_stm32f10x_md.o(.text))
<BR>[Address Reference Count : 1]<UL><LI> startup_stm32f10x_md.o(RESET)
</UL>
<P><STRONG><a name="[1d]"></a>DMA1_Channel5_IRQHandler</STRONG> (Thumb, 0 bytes, Stack size 0 bytes, startup_stm32f10x_md.o(.text))
<BR>[Address Reference Count : 1]<UL><LI> startup_stm32f10x_md.o(RESET)
</UL>
<P><STRONG><a name="[1e]"></a>DMA1_Channel6_IRQHandler</STRONG> (Thumb, 0 bytes, Stack size 0 bytes, startup_stm32f10x_md.o(.text))
<BR>[Address Reference Count : 1]<UL><LI> startup_stm32f10x_md.o(RESET)
</UL>
<P><STRONG><a name="[1f]"></a>DMA1_Channel7_IRQHandler</STRONG> (Thumb, 0 bytes, Stack size 0 bytes, startup_stm32f10x_md.o(.text))
<BR>[Address Reference Count : 1]<UL><LI> startup_stm32f10x_md.o(RESET)
</UL>
<P><STRONG><a name="[14]"></a>EXTI0_IRQHandler</STRONG> (Thumb, 0 bytes, Stack size 0 bytes, startup_stm32f10x_md.o(.text))
<BR>[Address Reference Count : 1]<UL><LI> startup_stm32f10x_md.o(RESET)
</UL>
<P><STRONG><a name="[36]"></a>EXTI15_10_IRQHandler</STRONG> (Thumb, 0 bytes, Stack size 0 bytes, startup_stm32f10x_md.o(.text))
<BR>[Address Reference Count : 1]<UL><LI> startup_stm32f10x_md.o(RESET)
</UL>
<P><STRONG><a name="[15]"></a>EXTI1_IRQHandler</STRONG> (Thumb, 0 bytes, Stack size 0 bytes, startup_stm32f10x_md.o(.text))
<BR>[Address Reference Count : 1]<UL><LI> startup_stm32f10x_md.o(RESET)
</UL>
<P><STRONG><a name="[16]"></a>EXTI2_IRQHandler</STRONG> (Thumb, 0 bytes, Stack size 0 bytes, startup_stm32f10x_md.o(.text))
<BR>[Address Reference Count : 1]<UL><LI> startup_stm32f10x_md.o(RESET)
</UL>
<P><STRONG><a name="[17]"></a>EXTI3_IRQHandler</STRONG> (Thumb, 0 bytes, Stack size 0 bytes, startup_stm32f10x_md.o(.text))
<BR>[Address Reference Count : 1]<UL><LI> startup_stm32f10x_md.o(RESET)
</UL>
<P><STRONG><a name="[18]"></a>EXTI4_IRQHandler</STRONG> (Thumb, 0 bytes, Stack size 0 bytes, startup_stm32f10x_md.o(.text))
<BR>[Address Reference Count : 1]<UL><LI> startup_stm32f10x_md.o(RESET)
</UL>
<P><STRONG><a name="[25]"></a>EXTI9_5_IRQHandler</STRONG> (Thumb, 0 bytes, Stack size 0 bytes, startup_stm32f10x_md.o(.text))
<BR>[Address Reference Count : 1]<UL><LI> startup_stm32f10x_md.o(RESET)
</UL>
<P><STRONG><a name="[12]"></a>FLASH_IRQHandler</STRONG> (Thumb, 0 bytes, Stack size 0 bytes, startup_stm32f10x_md.o(.text))
<BR>[Address Reference Count : 1]<UL><LI> startup_stm32f10x_md.o(RESET)
</UL>
<P><STRONG><a name="[2e]"></a>I2C1_ER_IRQHandler</STRONG> (Thumb, 0 bytes, Stack size 0 bytes, startup_stm32f10x_md.o(.text))
<BR>[Address Reference Count : 1]<UL><LI> startup_stm32f10x_md.o(RESET)
</UL>
<P><STRONG><a name="[2d]"></a>I2C1_EV_IRQHandler</STRONG> (Thumb, 0 bytes, Stack size 0 bytes, startup_stm32f10x_md.o(.text))
<BR>[Address Reference Count : 1]<UL><LI> startup_stm32f10x_md.o(RESET)
</UL>
<P><STRONG><a name="[30]"></a>I2C2_ER_IRQHandler</STRONG> (Thumb, 0 bytes, Stack size 0 bytes, startup_stm32f10x_md.o(.text))
<BR>[Address Reference Count : 1]<UL><LI> startup_stm32f10x_md.o(RESET)
</UL>
<P><STRONG><a name="[2f]"></a>I2C2_EV_IRQHandler</STRONG> (Thumb, 0 bytes, Stack size 0 bytes, startup_stm32f10x_md.o(.text))
<BR>[Address Reference Count : 1]<UL><LI> startup_stm32f10x_md.o(RESET)
</UL>
<P><STRONG><a name="[f]"></a>PVD_IRQHandler</STRONG> (Thumb, 0 bytes, Stack size 0 bytes, startup_stm32f10x_md.o(.text))
<BR>[Address Reference Count : 1]<UL><LI> startup_stm32f10x_md.o(RESET)
</UL>
<P><STRONG><a name="[13]"></a>RCC_IRQHandler</STRONG> (Thumb, 0 bytes, Stack size 0 bytes, startup_stm32f10x_md.o(.text))
<BR>[Address Reference Count : 1]<UL><LI> startup_stm32f10x_md.o(RESET)
</UL>
<P><STRONG><a name="[37]"></a>RTCAlarm_IRQHandler</STRONG> (Thumb, 0 bytes, Stack size 0 bytes, startup_stm32f10x_md.o(.text))
<BR>[Address Reference Count : 1]<UL><LI> startup_stm32f10x_md.o(RESET)
</UL>
<P><STRONG><a name="[11]"></a>RTC_IRQHandler</STRONG> (Thumb, 0 bytes, Stack size 0 bytes, startup_stm32f10x_md.o(.text))
<BR>[Address Reference Count : 1]<UL><LI> startup_stm32f10x_md.o(RESET)
</UL>
<P><STRONG><a name="[31]"></a>SPI1_IRQHandler</STRONG> (Thumb, 0 bytes, Stack size 0 bytes, startup_stm32f10x_md.o(.text))
<BR>[Address Reference Count : 1]<UL><LI> startup_stm32f10x_md.o(RESET)
</UL>
<P><STRONG><a name="[32]"></a>SPI2_IRQHandler</STRONG> (Thumb, 0 bytes, Stack size 0 bytes, startup_stm32f10x_md.o(.text))
<BR>[Address Reference Count : 1]<UL><LI> startup_stm32f10x_md.o(RESET)
</UL>
<P><STRONG><a name="[10]"></a>TAMPER_IRQHandler</STRONG> (Thumb, 0 bytes, Stack size 0 bytes, startup_stm32f10x_md.o(.text))
<BR>[Address Reference Count : 1]<UL><LI> startup_stm32f10x_md.o(RESET)
</UL>
<P><STRONG><a name="[26]"></a>TIM1_BRK_IRQHandler</STRONG> (Thumb, 0 bytes, Stack size 0 bytes, startup_stm32f10x_md.o(.text))
<BR>[Address Reference Count : 1]<UL><LI> startup_stm32f10x_md.o(RESET)
</UL>
<P><STRONG><a name="[29]"></a>TIM1_CC_IRQHandler</STRONG> (Thumb, 0 bytes, Stack size 0 bytes, startup_stm32f10x_md.o(.text))
<BR>[Address Reference Count : 1]<UL><LI> startup_stm32f10x_md.o(RESET)
</UL>
<P><STRONG><a name="[28]"></a>TIM1_TRG_COM_IRQHandler</STRONG> (Thumb, 0 bytes, Stack size 0 bytes, startup_stm32f10x_md.o(.text))
<BR>[Address Reference Count : 1]<UL><LI> startup_stm32f10x_md.o(RESET)
</UL>
<P><STRONG><a name="[27]"></a>TIM1_UP_IRQHandler</STRONG> (Thumb, 0 bytes, Stack size 0 bytes, startup_stm32f10x_md.o(.text))
<BR>[Address Reference Count : 1]<UL><LI> startup_stm32f10x_md.o(RESET)
</UL>
<P><STRONG><a name="[2a]"></a>TIM2_IRQHandler</STRONG> (Thumb, 0 bytes, Stack size 0 bytes, startup_stm32f10x_md.o(.text))
<BR>[Address Reference Count : 1]<UL><LI> startup_stm32f10x_md.o(RESET)
</UL>
<P><STRONG><a name="[34]"></a>USART2_IRQHandler</STRONG> (Thumb, 0 bytes, Stack size 0 bytes, startup_stm32f10x_md.o(.text))
<BR>[Address Reference Count : 1]<UL><LI> startup_stm32f10x_md.o(RESET)
</UL>
<P><STRONG><a name="[35]"></a>USART3_IRQHandler</STRONG> (Thumb, 0 bytes, Stack size 0 bytes, startup_stm32f10x_md.o(.text))
<BR>[Address Reference Count : 1]<UL><LI> startup_stm32f10x_md.o(RESET)
</UL>
<P><STRONG><a name="[38]"></a>USBWakeUp_IRQHandler</STRONG> (Thumb, 0 bytes, Stack size 0 bytes, startup_stm32f10x_md.o(.text))
<BR>[Address Reference Count : 1]<UL><LI> startup_stm32f10x_md.o(RESET)
</UL>
<P><STRONG><a name="[21]"></a>USB_HP_CAN1_TX_IRQHandler</STRONG> (Thumb, 0 bytes, Stack size 0 bytes, startup_stm32f10x_md.o(.text))
<BR>[Address Reference Count : 1]<UL><LI> startup_stm32f10x_md.o(RESET)
</UL>
<P><STRONG><a name="[22]"></a>USB_LP_CAN1_RX0_IRQHandler</STRONG> (Thumb, 0 bytes, Stack size 0 bytes, startup_stm32f10x_md.o(.text))
<BR>[Address Reference Count : 1]<UL><LI> startup_stm32f10x_md.o(RESET)
</UL>
<P><STRONG><a name="[e]"></a>WWDG_IRQHandler</STRONG> (Thumb, 0 bytes, Stack size 0 bytes, startup_stm32f10x_md.o(.text))
<BR>[Address Reference Count : 1]<UL><LI> startup_stm32f10x_md.o(RESET)
</UL>
<P><STRONG><a name="[4c]"></a>__user_initial_stackheap</STRONG> (Thumb, 0 bytes, Stack size unknown bytes, startup_stm32f10x_md.o(.text))
<BR><BR>[Called By]<UL><LI><a href="#[41]">&gt;&gt;</a>&nbsp;&nbsp;&nbsp;__user_setup_stackheap
</UL>

<P><STRONG><a name="[e9]"></a>__use_two_region_memory</STRONG> (Thumb, 2 bytes, Stack size 0 bytes, heapauxi.o(.text), UNUSED)

<P><STRONG><a name="[ea]"></a>__rt_heap_escrow$2region</STRONG> (Thumb, 2 bytes, Stack size 0 bytes, heapauxi.o(.text), UNUSED)

<P><STRONG><a name="[eb]"></a>__rt_heap_expand$2region</STRONG> (Thumb, 2 bytes, Stack size 0 bytes, heapauxi.o(.text), UNUSED)

<P><STRONG><a name="[41]"></a>__user_setup_stackheap</STRONG> (Thumb, 74 bytes, Stack size 8 bytes, sys_stackheap_outer.o(.text))
<BR><BR>[Stack]<UL><LI>Max Depth = 8 + Unknown Stack Size
<LI>Call Chain = __user_setup_stackheap
</UL>
<BR>[Calls]<UL><LI><a href="#[4c]">&gt;&gt;</a>&nbsp;&nbsp;&nbsp;__user_initial_stackheap
<LI><a href="#[4b]">&gt;&gt;</a>&nbsp;&nbsp;&nbsp;__user_perproc_libspace
</UL>
<BR>[Called By]<UL><LI><a href="#[40]">&gt;&gt;</a>&nbsp;&nbsp;&nbsp;__rt_entry_sh
</UL>

<P><STRONG><a name="[46]"></a>exit</STRONG> (Thumb, 18 bytes, Stack size 8 bytes, exit.o(.text))
<BR><BR>[Stack]<UL><LI>Max Depth = 8 + Unknown Stack Size
<LI>Call Chain = exit
</UL>
<BR>[Calls]<UL><LI><a href="#[4d]">&gt;&gt;</a>&nbsp;&nbsp;&nbsp;__rt_exit
</UL>
<BR>[Called By]<UL><LI><a href="#[44]">&gt;&gt;</a>&nbsp;&nbsp;&nbsp;__rt_entry_main
</UL>

<P><STRONG><a name="[ec]"></a>__user_libspace</STRONG> (Thumb, 8 bytes, Stack size 0 bytes, libspace.o(.text), UNUSED)

<P><STRONG><a name="[4b]"></a>__user_perproc_libspace</STRONG> (Thumb, 0 bytes, Stack size 0 bytes, libspace.o(.text))
<BR><BR>[Called By]<UL><LI><a href="#[41]">&gt;&gt;</a>&nbsp;&nbsp;&nbsp;__user_setup_stackheap
</UL>

<P><STRONG><a name="[ed]"></a>__user_perthread_libspace</STRONG> (Thumb, 0 bytes, Stack size 0 bytes, libspace.o(.text), UNUSED)

<P><STRONG><a name="[4a]"></a>_sys_exit</STRONG> (Thumb, 8 bytes, Stack size 0 bytes, sys_exit.o(.text))
<BR><BR>[Called By]<UL><LI><a href="#[49]">&gt;&gt;</a>&nbsp;&nbsp;&nbsp;__rt_exit_exit
</UL>

<P><STRONG><a name="[ee]"></a>__I$use$semihosting</STRONG> (Thumb, 0 bytes, Stack size 0 bytes, use_no_semi.o(.text), UNUSED)

<P><STRONG><a name="[ef]"></a>__use_no_semihosting_swi</STRONG> (Thumb, 2 bytes, Stack size 0 bytes, use_no_semi.o(.text), UNUSED)

<P><STRONG><a name="[f0]"></a>__semihosting_library_function</STRONG> (Thumb, 0 bytes, Stack size unknown bytes, indicate_semi.o(.text), UNUSED)

<P><STRONG><a name="[4e]"></a>B1coordinate</STRONG> (Thumb, 230 bytes, Stack size 8 bytes, motion3.o(i.B1coordinate))
<BR><BR>[Stack]<UL><LI>Max Depth = 72<LI>Call Chain = B1coordinate &rArr; cubesolve6 &rArr; Rturn1 &rArr; Rphase &rArr; Rbujincontral &rArr; Rspeed
</UL>
<BR>[Calls]<UL><LI><a href="#[4f]">&gt;&gt;</a>&nbsp;&nbsp;&nbsp;stepconversion
<LI><a href="#[55]">&gt;&gt;</a>&nbsp;&nbsp;&nbsp;cubesolve6
<LI><a href="#[50]">&gt;&gt;</a>&nbsp;&nbsp;&nbsp;cubesolve5
<LI><a href="#[53]">&gt;&gt;</a>&nbsp;&nbsp;&nbsp;cubesolve4
<LI><a href="#[51]">&gt;&gt;</a>&nbsp;&nbsp;&nbsp;cubesolve3
<LI><a href="#[54]">&gt;&gt;</a>&nbsp;&nbsp;&nbsp;cubesolve2
<LI><a href="#[52]">&gt;&gt;</a>&nbsp;&nbsp;&nbsp;cubesolve1
</UL>
<BR>[Called By]<UL><LI><a href="#[b4]">&gt;&gt;</a>&nbsp;&nbsp;&nbsp;invokecenter
</UL>

<P><STRONG><a name="[56]"></a>B2coordinate</STRONG> (Thumb, 230 bytes, Stack size 8 bytes, motion3.o(i.B2coordinate))
<BR><BR>[Stack]<UL><LI>Max Depth = 72<LI>Call Chain = B2coordinate &rArr; cubesolve6 &rArr; Rturn1 &rArr; Rphase &rArr; Rbujincontral &rArr; Rspeed
</UL>
<BR>[Calls]<UL><LI><a href="#[4f]">&gt;&gt;</a>&nbsp;&nbsp;&nbsp;stepconversion
<LI><a href="#[55]">&gt;&gt;</a>&nbsp;&nbsp;&nbsp;cubesolve6
<LI><a href="#[50]">&gt;&gt;</a>&nbsp;&nbsp;&nbsp;cubesolve5
<LI><a href="#[53]">&gt;&gt;</a>&nbsp;&nbsp;&nbsp;cubesolve4
<LI><a href="#[51]">&gt;&gt;</a>&nbsp;&nbsp;&nbsp;cubesolve3
<LI><a href="#[54]">&gt;&gt;</a>&nbsp;&nbsp;&nbsp;cubesolve2
<LI><a href="#[52]">&gt;&gt;</a>&nbsp;&nbsp;&nbsp;cubesolve1
</UL>
<BR>[Called By]<UL><LI><a href="#[b4]">&gt;&gt;</a>&nbsp;&nbsp;&nbsp;invokecenter
</UL>

<P><STRONG><a name="[57]"></a>B3coordinate</STRONG> (Thumb, 230 bytes, Stack size 8 bytes, motion3.o(i.B3coordinate))
<BR><BR>[Stack]<UL><LI>Max Depth = 72<LI>Call Chain = B3coordinate &rArr; cubesolve6 &rArr; Rturn1 &rArr; Rphase &rArr; Rbujincontral &rArr; Rspeed
</UL>
<BR>[Calls]<UL><LI><a href="#[4f]">&gt;&gt;</a>&nbsp;&nbsp;&nbsp;stepconversion
<LI><a href="#[55]">&gt;&gt;</a>&nbsp;&nbsp;&nbsp;cubesolve6
<LI><a href="#[50]">&gt;&gt;</a>&nbsp;&nbsp;&nbsp;cubesolve5
<LI><a href="#[53]">&gt;&gt;</a>&nbsp;&nbsp;&nbsp;cubesolve4
<LI><a href="#[51]">&gt;&gt;</a>&nbsp;&nbsp;&nbsp;cubesolve3
<LI><a href="#[54]">&gt;&gt;</a>&nbsp;&nbsp;&nbsp;cubesolve2
<LI><a href="#[52]">&gt;&gt;</a>&nbsp;&nbsp;&nbsp;cubesolve1
</UL>
<BR>[Called By]<UL><LI><a href="#[b4]">&gt;&gt;</a>&nbsp;&nbsp;&nbsp;invokecenter
</UL>

<P><STRONG><a name="[58]"></a>B4coordinate</STRONG> (Thumb, 230 bytes, Stack size 8 bytes, motion3.o(i.B4coordinate))
<BR><BR>[Stack]<UL><LI>Max Depth = 72<LI>Call Chain = B4coordinate &rArr; cubesolve6 &rArr; Rturn1 &rArr; Rphase &rArr; Rbujincontral &rArr; Rspeed
</UL>
<BR>[Calls]<UL><LI><a href="#[4f]">&gt;&gt;</a>&nbsp;&nbsp;&nbsp;stepconversion
<LI><a href="#[55]">&gt;&gt;</a>&nbsp;&nbsp;&nbsp;cubesolve6
<LI><a href="#[50]">&gt;&gt;</a>&nbsp;&nbsp;&nbsp;cubesolve5
<LI><a href="#[53]">&gt;&gt;</a>&nbsp;&nbsp;&nbsp;cubesolve4
<LI><a href="#[51]">&gt;&gt;</a>&nbsp;&nbsp;&nbsp;cubesolve3
<LI><a href="#[54]">&gt;&gt;</a>&nbsp;&nbsp;&nbsp;cubesolve2
<LI><a href="#[52]">&gt;&gt;</a>&nbsp;&nbsp;&nbsp;cubesolve1
</UL>
<BR>[Called By]<UL><LI><a href="#[b4]">&gt;&gt;</a>&nbsp;&nbsp;&nbsp;invokecenter
</UL>

<P><STRONG><a name="[8]"></a>BusFault_Handler</STRONG> (Thumb, 4 bytes, Stack size 0 bytes, stm32f10x_it.o(i.BusFault_Handler))
<BR>[Address Reference Count : 1]<UL><LI> startup_stm32f10x_md.o(RESET)
</UL>
<P><STRONG><a name="[59]"></a>D1coordinate</STRONG> (Thumb, 230 bytes, Stack size 8 bytes, motion2.o(i.D1coordinate))
<BR><BR>[Stack]<UL><LI>Max Depth = 72<LI>Call Chain = D1coordinate &rArr; cubesolve6 &rArr; Rturn1 &rArr; Rphase &rArr; Rbujincontral &rArr; Rspeed
</UL>
<BR>[Calls]<UL><LI><a href="#[4f]">&gt;&gt;</a>&nbsp;&nbsp;&nbsp;stepconversion
<LI><a href="#[55]">&gt;&gt;</a>&nbsp;&nbsp;&nbsp;cubesolve6
<LI><a href="#[50]">&gt;&gt;</a>&nbsp;&nbsp;&nbsp;cubesolve5
<LI><a href="#[53]">&gt;&gt;</a>&nbsp;&nbsp;&nbsp;cubesolve4
<LI><a href="#[51]">&gt;&gt;</a>&nbsp;&nbsp;&nbsp;cubesolve3
<LI><a href="#[54]">&gt;&gt;</a>&nbsp;&nbsp;&nbsp;cubesolve2
<LI><a href="#[52]">&gt;&gt;</a>&nbsp;&nbsp;&nbsp;cubesolve1
</UL>
<BR>[Called By]<UL><LI><a href="#[b4]">&gt;&gt;</a>&nbsp;&nbsp;&nbsp;invokecenter
</UL>

<P><STRONG><a name="[5a]"></a>D2coordinate</STRONG> (Thumb, 230 bytes, Stack size 8 bytes, motion2.o(i.D2coordinate))
<BR><BR>[Stack]<UL><LI>Max Depth = 72<LI>Call Chain = D2coordinate &rArr; cubesolve6 &rArr; Rturn1 &rArr; Rphase &rArr; Rbujincontral &rArr; Rspeed
</UL>
<BR>[Calls]<UL><LI><a href="#[4f]">&gt;&gt;</a>&nbsp;&nbsp;&nbsp;stepconversion
<LI><a href="#[55]">&gt;&gt;</a>&nbsp;&nbsp;&nbsp;cubesolve6
<LI><a href="#[50]">&gt;&gt;</a>&nbsp;&nbsp;&nbsp;cubesolve5
<LI><a href="#[53]">&gt;&gt;</a>&nbsp;&nbsp;&nbsp;cubesolve4
<LI><a href="#[51]">&gt;&gt;</a>&nbsp;&nbsp;&nbsp;cubesolve3
<LI><a href="#[54]">&gt;&gt;</a>&nbsp;&nbsp;&nbsp;cubesolve2
<LI><a href="#[52]">&gt;&gt;</a>&nbsp;&nbsp;&nbsp;cubesolve1
</UL>
<BR>[Called By]<UL><LI><a href="#[b4]">&gt;&gt;</a>&nbsp;&nbsp;&nbsp;invokecenter
</UL>

<P><STRONG><a name="[5b]"></a>D3coordinate</STRONG> (Thumb, 230 bytes, Stack size 8 bytes, motion2.o(i.D3coordinate))
<BR><BR>[Stack]<UL><LI>Max Depth = 72<LI>Call Chain = D3coordinate &rArr; cubesolve6 &rArr; Rturn1 &rArr; Rphase &rArr; Rbujincontral &rArr; Rspeed
</UL>
<BR>[Calls]<UL><LI><a href="#[4f]">&gt;&gt;</a>&nbsp;&nbsp;&nbsp;stepconversion
<LI><a href="#[55]">&gt;&gt;</a>&nbsp;&nbsp;&nbsp;cubesolve6
<LI><a href="#[50]">&gt;&gt;</a>&nbsp;&nbsp;&nbsp;cubesolve5
<LI><a href="#[53]">&gt;&gt;</a>&nbsp;&nbsp;&nbsp;cubesolve4
<LI><a href="#[51]">&gt;&gt;</a>&nbsp;&nbsp;&nbsp;cubesolve3
<LI><a href="#[54]">&gt;&gt;</a>&nbsp;&nbsp;&nbsp;cubesolve2
<LI><a href="#[52]">&gt;&gt;</a>&nbsp;&nbsp;&nbsp;cubesolve1
</UL>
<BR>[Called By]<UL><LI><a href="#[b4]">&gt;&gt;</a>&nbsp;&nbsp;&nbsp;invokecenter
</UL>

<P><STRONG><a name="[5c]"></a>D4coordinate</STRONG> (Thumb, 230 bytes, Stack size 8 bytes, motion2.o(i.D4coordinate))
<BR><BR>[Stack]<UL><LI>Max Depth = 72<LI>Call Chain = D4coordinate &rArr; cubesolve6 &rArr; Rturn1 &rArr; Rphase &rArr; Rbujincontral &rArr; Rspeed
</UL>
<BR>[Calls]<UL><LI><a href="#[4f]">&gt;&gt;</a>&nbsp;&nbsp;&nbsp;stepconversion
<LI><a href="#[55]">&gt;&gt;</a>&nbsp;&nbsp;&nbsp;cubesolve6
<LI><a href="#[50]">&gt;&gt;</a>&nbsp;&nbsp;&nbsp;cubesolve5
<LI><a href="#[53]">&gt;&gt;</a>&nbsp;&nbsp;&nbsp;cubesolve4
<LI><a href="#[51]">&gt;&gt;</a>&nbsp;&nbsp;&nbsp;cubesolve3
<LI><a href="#[54]">&gt;&gt;</a>&nbsp;&nbsp;&nbsp;cubesolve2
<LI><a href="#[52]">&gt;&gt;</a>&nbsp;&nbsp;&nbsp;cubesolve1
</UL>
<BR>[Called By]<UL><LI><a href="#[b4]">&gt;&gt;</a>&nbsp;&nbsp;&nbsp;invokecenter
</UL>

<P><STRONG><a name="[b]"></a>DebugMon_Handler</STRONG> (Thumb, 2 bytes, Stack size 0 bytes, stm32f10x_it.o(i.DebugMon_Handler))
<BR>[Address Reference Count : 1]<UL><LI> startup_stm32f10x_md.o(RESET)
</UL>
<P><STRONG><a name="[5d]"></a>Delay_ms</STRONG> (Thumb, 24 bytes, Stack size 4 bytes, delay.o(i.Delay_ms))
<BR><BR>[Stack]<UL><LI>Max Depth = 4<LI>Call Chain = Delay_ms
</UL>
<BR>[Calls]<UL><LI><a href="#[5e]">&gt;&gt;</a>&nbsp;&nbsp;&nbsp;Delay_us
</UL>
<BR>[Called By]<UL><LI><a href="#[8a]">&gt;&gt;</a>&nbsp;&nbsp;&nbsp;RoLo
<LI><a href="#[6b]">&gt;&gt;</a>&nbsp;&nbsp;&nbsp;RcLo
<LI><a href="#[6f]">&gt;&gt;</a>&nbsp;&nbsp;&nbsp;LcRo
</UL>

<P><STRONG><a name="[5e]"></a>Delay_us</STRONG> (Thumb, 46 bytes, Stack size 0 bytes, delay.o(i.Delay_us))
<BR><BR>[Called By]<UL><LI><a href="#[2c]">&gt;&gt;</a>&nbsp;&nbsp;&nbsp;TIM4_IRQHandler
<LI><a href="#[2b]">&gt;&gt;</a>&nbsp;&nbsp;&nbsp;TIM3_IRQHandler
<LI><a href="#[5d]">&gt;&gt;</a>&nbsp;&nbsp;&nbsp;Delay_ms
</UL>

<P><STRONG><a name="[5f]"></a>F1coordinate</STRONG> (Thumb, 230 bytes, Stack size 8 bytes, motion5.o(i.F1coordinate))
<BR><BR>[Stack]<UL><LI>Max Depth = 72<LI>Call Chain = F1coordinate &rArr; cubesolve6 &rArr; Rturn1 &rArr; Rphase &rArr; Rbujincontral &rArr; Rspeed
</UL>
<BR>[Calls]<UL><LI><a href="#[4f]">&gt;&gt;</a>&nbsp;&nbsp;&nbsp;stepconversion
<LI><a href="#[55]">&gt;&gt;</a>&nbsp;&nbsp;&nbsp;cubesolve6
<LI><a href="#[50]">&gt;&gt;</a>&nbsp;&nbsp;&nbsp;cubesolve5
<LI><a href="#[53]">&gt;&gt;</a>&nbsp;&nbsp;&nbsp;cubesolve4
<LI><a href="#[51]">&gt;&gt;</a>&nbsp;&nbsp;&nbsp;cubesolve3
<LI><a href="#[54]">&gt;&gt;</a>&nbsp;&nbsp;&nbsp;cubesolve2
<LI><a href="#[52]">&gt;&gt;</a>&nbsp;&nbsp;&nbsp;cubesolve1
</UL>
<BR>[Called By]<UL><LI><a href="#[b4]">&gt;&gt;</a>&nbsp;&nbsp;&nbsp;invokecenter
</UL>

<P><STRONG><a name="[60]"></a>F2coordinate</STRONG> (Thumb, 230 bytes, Stack size 8 bytes, motion5.o(i.F2coordinate))
<BR><BR>[Stack]<UL><LI>Max Depth = 72<LI>Call Chain = F2coordinate &rArr; cubesolve6 &rArr; Rturn1 &rArr; Rphase &rArr; Rbujincontral &rArr; Rspeed
</UL>
<BR>[Calls]<UL><LI><a href="#[4f]">&gt;&gt;</a>&nbsp;&nbsp;&nbsp;stepconversion
<LI><a href="#[55]">&gt;&gt;</a>&nbsp;&nbsp;&nbsp;cubesolve6
<LI><a href="#[50]">&gt;&gt;</a>&nbsp;&nbsp;&nbsp;cubesolve5
<LI><a href="#[53]">&gt;&gt;</a>&nbsp;&nbsp;&nbsp;cubesolve4
<LI><a href="#[51]">&gt;&gt;</a>&nbsp;&nbsp;&nbsp;cubesolve3
<LI><a href="#[54]">&gt;&gt;</a>&nbsp;&nbsp;&nbsp;cubesolve2
<LI><a href="#[52]">&gt;&gt;</a>&nbsp;&nbsp;&nbsp;cubesolve1
</UL>
<BR>[Called By]<UL><LI><a href="#[b4]">&gt;&gt;</a>&nbsp;&nbsp;&nbsp;invokecenter
</UL>

<P><STRONG><a name="[61]"></a>F3coordinate</STRONG> (Thumb, 230 bytes, Stack size 8 bytes, motion5.o(i.F3coordinate))
<BR><BR>[Stack]<UL><LI>Max Depth = 72<LI>Call Chain = F3coordinate &rArr; cubesolve6 &rArr; Rturn1 &rArr; Rphase &rArr; Rbujincontral &rArr; Rspeed
</UL>
<BR>[Calls]<UL><LI><a href="#[4f]">&gt;&gt;</a>&nbsp;&nbsp;&nbsp;stepconversion
<LI><a href="#[55]">&gt;&gt;</a>&nbsp;&nbsp;&nbsp;cubesolve6
<LI><a href="#[50]">&gt;&gt;</a>&nbsp;&nbsp;&nbsp;cubesolve5
<LI><a href="#[53]">&gt;&gt;</a>&nbsp;&nbsp;&nbsp;cubesolve4
<LI><a href="#[51]">&gt;&gt;</a>&nbsp;&nbsp;&nbsp;cubesolve3
<LI><a href="#[54]">&gt;&gt;</a>&nbsp;&nbsp;&nbsp;cubesolve2
<LI><a href="#[52]">&gt;&gt;</a>&nbsp;&nbsp;&nbsp;cubesolve1
</UL>
<BR>[Called By]<UL><LI><a href="#[b4]">&gt;&gt;</a>&nbsp;&nbsp;&nbsp;invokecenter
</UL>

<P><STRONG><a name="[62]"></a>F4coordinate</STRONG> (Thumb, 230 bytes, Stack size 8 bytes, motion5.o(i.F4coordinate))
<BR><BR>[Stack]<UL><LI>Max Depth = 72<LI>Call Chain = F4coordinate &rArr; cubesolve6 &rArr; Rturn1 &rArr; Rphase &rArr; Rbujincontral &rArr; Rspeed
</UL>
<BR>[Calls]<UL><LI><a href="#[4f]">&gt;&gt;</a>&nbsp;&nbsp;&nbsp;stepconversion
<LI><a href="#[55]">&gt;&gt;</a>&nbsp;&nbsp;&nbsp;cubesolve6
<LI><a href="#[50]">&gt;&gt;</a>&nbsp;&nbsp;&nbsp;cubesolve5
<LI><a href="#[53]">&gt;&gt;</a>&nbsp;&nbsp;&nbsp;cubesolve4
<LI><a href="#[51]">&gt;&gt;</a>&nbsp;&nbsp;&nbsp;cubesolve3
<LI><a href="#[54]">&gt;&gt;</a>&nbsp;&nbsp;&nbsp;cubesolve2
<LI><a href="#[52]">&gt;&gt;</a>&nbsp;&nbsp;&nbsp;cubesolve1
</UL>
<BR>[Called By]<UL><LI><a href="#[b4]">&gt;&gt;</a>&nbsp;&nbsp;&nbsp;invokecenter
</UL>

<P><STRONG><a name="[65]"></a>GPIO_Init</STRONG> (Thumb, 278 bytes, Stack size 24 bytes, stm32f10x_gpio.o(i.GPIO_Init))
<BR><BR>[Stack]<UL><LI>Max Depth = 24<LI>Call Chain = GPIO_Init
</UL>
<BR>[Called By]<UL><LI><a href="#[63]">&gt;&gt;</a>&nbsp;&nbsp;&nbsp;JDQ_Init
<LI><a href="#[b2]">&gt;&gt;</a>&nbsp;&nbsp;&nbsp;counter2_Init
<LI><a href="#[a6]">&gt;&gt;</a>&nbsp;&nbsp;&nbsp;counter1_Init
<LI><a href="#[a5]">&gt;&gt;</a>&nbsp;&nbsp;&nbsp;bujin_Init
<LI><a href="#[b5]">&gt;&gt;</a>&nbsp;&nbsp;&nbsp;serial_Init
</UL>

<P><STRONG><a name="[6]"></a>HardFault_Handler</STRONG> (Thumb, 4 bytes, Stack size 0 bytes, stm32f10x_it.o(i.HardFault_Handler))
<BR>[Address Reference Count : 1]<UL><LI> startup_stm32f10x_md.o(RESET)
</UL>
<P><STRONG><a name="[63]"></a>JDQ_Init</STRONG> (Thumb, 38 bytes, Stack size 8 bytes, jdq.o(i.JDQ_Init))
<BR><BR>[Stack]<UL><LI>Max Depth = 32<LI>Call Chain = JDQ_Init &rArr; GPIO_Init
</UL>
<BR>[Calls]<UL><LI><a href="#[65]">&gt;&gt;</a>&nbsp;&nbsp;&nbsp;GPIO_Init
<LI><a href="#[64]">&gt;&gt;</a>&nbsp;&nbsp;&nbsp;RCC_APB2PeriphClockCmd
</UL>
<BR>[Called By]<UL><LI><a href="#[45]">&gt;&gt;</a>&nbsp;&nbsp;&nbsp;main
</UL>

<P><STRONG><a name="[66]"></a>L1coordinate</STRONG> (Thumb, 230 bytes, Stack size 8 bytes, motion4.o(i.L1coordinate))
<BR><BR>[Stack]<UL><LI>Max Depth = 72<LI>Call Chain = L1coordinate &rArr; cubesolve6 &rArr; Rturn1 &rArr; Rphase &rArr; Rbujincontral &rArr; Rspeed
</UL>
<BR>[Calls]<UL><LI><a href="#[4f]">&gt;&gt;</a>&nbsp;&nbsp;&nbsp;stepconversion
<LI><a href="#[55]">&gt;&gt;</a>&nbsp;&nbsp;&nbsp;cubesolve6
<LI><a href="#[50]">&gt;&gt;</a>&nbsp;&nbsp;&nbsp;cubesolve5
<LI><a href="#[53]">&gt;&gt;</a>&nbsp;&nbsp;&nbsp;cubesolve4
<LI><a href="#[51]">&gt;&gt;</a>&nbsp;&nbsp;&nbsp;cubesolve3
<LI><a href="#[54]">&gt;&gt;</a>&nbsp;&nbsp;&nbsp;cubesolve2
<LI><a href="#[52]">&gt;&gt;</a>&nbsp;&nbsp;&nbsp;cubesolve1
</UL>
<BR>[Called By]<UL><LI><a href="#[b4]">&gt;&gt;</a>&nbsp;&nbsp;&nbsp;invokecenter
</UL>

<P><STRONG><a name="[67]"></a>L2coordinate</STRONG> (Thumb, 230 bytes, Stack size 8 bytes, motion4.o(i.L2coordinate))
<BR><BR>[Stack]<UL><LI>Max Depth = 72<LI>Call Chain = L2coordinate &rArr; cubesolve6 &rArr; Rturn1 &rArr; Rphase &rArr; Rbujincontral &rArr; Rspeed
</UL>
<BR>[Calls]<UL><LI><a href="#[4f]">&gt;&gt;</a>&nbsp;&nbsp;&nbsp;stepconversion
<LI><a href="#[55]">&gt;&gt;</a>&nbsp;&nbsp;&nbsp;cubesolve6
<LI><a href="#[50]">&gt;&gt;</a>&nbsp;&nbsp;&nbsp;cubesolve5
<LI><a href="#[53]">&gt;&gt;</a>&nbsp;&nbsp;&nbsp;cubesolve4
<LI><a href="#[51]">&gt;&gt;</a>&nbsp;&nbsp;&nbsp;cubesolve3
<LI><a href="#[54]">&gt;&gt;</a>&nbsp;&nbsp;&nbsp;cubesolve2
<LI><a href="#[52]">&gt;&gt;</a>&nbsp;&nbsp;&nbsp;cubesolve1
</UL>
<BR>[Called By]<UL><LI><a href="#[b4]">&gt;&gt;</a>&nbsp;&nbsp;&nbsp;invokecenter
</UL>

<P><STRONG><a name="[68]"></a>L3coordinate</STRONG> (Thumb, 230 bytes, Stack size 8 bytes, motion4.o(i.L3coordinate))
<BR><BR>[Stack]<UL><LI>Max Depth = 72<LI>Call Chain = L3coordinate &rArr; cubesolve6 &rArr; Rturn1 &rArr; Rphase &rArr; Rbujincontral &rArr; Rspeed
</UL>
<BR>[Calls]<UL><LI><a href="#[4f]">&gt;&gt;</a>&nbsp;&nbsp;&nbsp;stepconversion
<LI><a href="#[55]">&gt;&gt;</a>&nbsp;&nbsp;&nbsp;cubesolve6
<LI><a href="#[50]">&gt;&gt;</a>&nbsp;&nbsp;&nbsp;cubesolve5
<LI><a href="#[53]">&gt;&gt;</a>&nbsp;&nbsp;&nbsp;cubesolve4
<LI><a href="#[51]">&gt;&gt;</a>&nbsp;&nbsp;&nbsp;cubesolve3
<LI><a href="#[54]">&gt;&gt;</a>&nbsp;&nbsp;&nbsp;cubesolve2
<LI><a href="#[52]">&gt;&gt;</a>&nbsp;&nbsp;&nbsp;cubesolve1
</UL>
<BR>[Called By]<UL><LI><a href="#[b4]">&gt;&gt;</a>&nbsp;&nbsp;&nbsp;invokecenter
</UL>

<P><STRONG><a name="[69]"></a>L4coordinate</STRONG> (Thumb, 226 bytes, Stack size 8 bytes, motion4.o(i.L4coordinate))
<BR><BR>[Stack]<UL><LI>Max Depth = 72<LI>Call Chain = L4coordinate &rArr; cubesolve6 &rArr; Rturn1 &rArr; Rphase &rArr; Rbujincontral &rArr; Rspeed
</UL>
<BR>[Calls]<UL><LI><a href="#[4f]">&gt;&gt;</a>&nbsp;&nbsp;&nbsp;stepconversion
<LI><a href="#[55]">&gt;&gt;</a>&nbsp;&nbsp;&nbsp;cubesolve6
<LI><a href="#[50]">&gt;&gt;</a>&nbsp;&nbsp;&nbsp;cubesolve5
<LI><a href="#[53]">&gt;&gt;</a>&nbsp;&nbsp;&nbsp;cubesolve4
<LI><a href="#[51]">&gt;&gt;</a>&nbsp;&nbsp;&nbsp;cubesolve3
<LI><a href="#[54]">&gt;&gt;</a>&nbsp;&nbsp;&nbsp;cubesolve2
<LI><a href="#[52]">&gt;&gt;</a>&nbsp;&nbsp;&nbsp;cubesolve1
</UL>
<BR>[Called By]<UL><LI><a href="#[b4]">&gt;&gt;</a>&nbsp;&nbsp;&nbsp;invokecenter
</UL>

<P><STRONG><a name="[6a]"></a>LHoming</STRONG> (Thumb, 20 bytes, Stack size 8 bytes, motion.o(i.LHoming))
<BR><BR>[Stack]<UL><LI>Max Depth = 40<LI>Call Chain = LHoming &rArr; Lphase &rArr; Lbujincontral &rArr; Lspeed
</UL>
<BR>[Calls]<UL><LI><a href="#[6b]">&gt;&gt;</a>&nbsp;&nbsp;&nbsp;RcLo
<LI><a href="#[6d]">&gt;&gt;</a>&nbsp;&nbsp;&nbsp;RcLc
<LI><a href="#[6c]">&gt;&gt;</a>&nbsp;&nbsp;&nbsp;Lphase
</UL>
<BR>[Called By]<UL><LI><a href="#[51]">&gt;&gt;</a>&nbsp;&nbsp;&nbsp;cubesolve3
</UL>

<P><STRONG><a name="[6e]"></a>LRoute1</STRONG> (Thumb, 30 bytes, Stack size 8 bytes, motion.o(i.LRoute1))
<BR><BR>[Stack]<UL><LI>Max Depth = 40<LI>Call Chain = LRoute1 &rArr; Lphase &rArr; Lbujincontral &rArr; Lspeed
</UL>
<BR>[Calls]<UL><LI><a href="#[6b]">&gt;&gt;</a>&nbsp;&nbsp;&nbsp;RcLo
<LI><a href="#[6d]">&gt;&gt;</a>&nbsp;&nbsp;&nbsp;RcLc
<LI><a href="#[6f]">&gt;&gt;</a>&nbsp;&nbsp;&nbsp;LcRo
<LI><a href="#[6c]">&gt;&gt;</a>&nbsp;&nbsp;&nbsp;Lphase
</UL>
<BR>[Called By]<UL><LI><a href="#[52]">&gt;&gt;</a>&nbsp;&nbsp;&nbsp;cubesolve1
</UL>

<P><STRONG><a name="[70]"></a>LRoute2</STRONG> (Thumb, 18 bytes, Stack size 8 bytes, motion.o(i.LRoute2))
<BR><BR>[Stack]<UL><LI>Max Depth = 40<LI>Call Chain = LRoute2 &rArr; Lphase &rArr; Lbujincontral &rArr; Lspeed
</UL>
<BR>[Calls]<UL><LI><a href="#[6d]">&gt;&gt;</a>&nbsp;&nbsp;&nbsp;RcLc
<LI><a href="#[6f]">&gt;&gt;</a>&nbsp;&nbsp;&nbsp;LcRo
<LI><a href="#[6c]">&gt;&gt;</a>&nbsp;&nbsp;&nbsp;Lphase
</UL>
<BR>[Called By]<UL><LI><a href="#[51]">&gt;&gt;</a>&nbsp;&nbsp;&nbsp;cubesolve3
</UL>

<P><STRONG><a name="[71]"></a>Lbujincontral</STRONG> (Thumb, 78 bytes, Stack size 16 bytes, stepper.o(i.Lbujincontral))
<BR><BR>[Stack]<UL><LI>Max Depth = 24<LI>Call Chain = Lbujincontral &rArr; Lspeed
</UL>
<BR>[Calls]<UL><LI><a href="#[73]">&gt;&gt;</a>&nbsp;&nbsp;&nbsp;Lspeed
<LI><a href="#[72]">&gt;&gt;</a>&nbsp;&nbsp;&nbsp;TIM_Cmd
</UL>
<BR>[Called By]<UL><LI><a href="#[6c]">&gt;&gt;</a>&nbsp;&nbsp;&nbsp;Lphase
</UL>

<P><STRONG><a name="[6f]"></a>LcRo</STRONG> (Thumb, 24 bytes, Stack size 8 bytes, motion.o(i.LcRo))
<BR><BR>[Stack]<UL><LI>Max Depth = 12<LI>Call Chain = LcRo &rArr; Delay_ms
</UL>
<BR>[Calls]<UL><LI><a href="#[75]">&gt;&gt;</a>&nbsp;&nbsp;&nbsp;open_right
<LI><a href="#[74]">&gt;&gt;</a>&nbsp;&nbsp;&nbsp;close_left
<LI><a href="#[5d]">&gt;&gt;</a>&nbsp;&nbsp;&nbsp;Delay_ms
</UL>
<BR>[Called By]<UL><LI><a href="#[83]">&gt;&gt;</a>&nbsp;&nbsp;&nbsp;RRoute1
<LI><a href="#[81]">&gt;&gt;</a>&nbsp;&nbsp;&nbsp;RHoming
<LI><a href="#[78]">&gt;&gt;</a>&nbsp;&nbsp;&nbsp;Lrouter3
<LI><a href="#[77]">&gt;&gt;</a>&nbsp;&nbsp;&nbsp;Lrouter1
<LI><a href="#[70]">&gt;&gt;</a>&nbsp;&nbsp;&nbsp;LRoute2
<LI><a href="#[6e]">&gt;&gt;</a>&nbsp;&nbsp;&nbsp;LRoute1
</UL>

<P><STRONG><a name="[6c]"></a>Lphase</STRONG> (Thumb, 182 bytes, Stack size 8 bytes, stepper.o(i.Lphase))
<BR><BR>[Stack]<UL><LI>Max Depth = 32<LI>Call Chain = Lphase &rArr; Lbujincontral &rArr; Lspeed
</UL>
<BR>[Calls]<UL><LI><a href="#[76]">&gt;&gt;</a>&nbsp;&nbsp;&nbsp;Lpulse_get
<LI><a href="#[71]">&gt;&gt;</a>&nbsp;&nbsp;&nbsp;Lbujincontral
</UL>
<BR>[Called By]<UL><LI><a href="#[7c]">&gt;&gt;</a>&nbsp;&nbsp;&nbsp;Lturn3
<LI><a href="#[7b]">&gt;&gt;</a>&nbsp;&nbsp;&nbsp;Lturn2
<LI><a href="#[7a]">&gt;&gt;</a>&nbsp;&nbsp;&nbsp;Lturn1
<LI><a href="#[78]">&gt;&gt;</a>&nbsp;&nbsp;&nbsp;Lrouter3
<LI><a href="#[77]">&gt;&gt;</a>&nbsp;&nbsp;&nbsp;Lrouter1
<LI><a href="#[70]">&gt;&gt;</a>&nbsp;&nbsp;&nbsp;LRoute2
<LI><a href="#[6e]">&gt;&gt;</a>&nbsp;&nbsp;&nbsp;LRoute1
<LI><a href="#[6a]">&gt;&gt;</a>&nbsp;&nbsp;&nbsp;LHoming
<LI><a href="#[b7]">&gt;&gt;</a>&nbsp;&nbsp;&nbsp;reposition
</UL>

<P><STRONG><a name="[76]"></a>Lpulse_get</STRONG> (Thumb, 32 bytes, Stack size 0 bytes, stepper.o(i.Lpulse_get))
<BR><BR>[Called By]<UL><LI><a href="#[6c]">&gt;&gt;</a>&nbsp;&nbsp;&nbsp;Lphase
</UL>

<P><STRONG><a name="[77]"></a>Lrouter1</STRONG> (Thumb, 18 bytes, Stack size 8 bytes, motion.o(i.Lrouter1))
<BR><BR>[Stack]<UL><LI>Max Depth = 40<LI>Call Chain = Lrouter1 &rArr; Lphase &rArr; Lbujincontral &rArr; Lspeed
</UL>
<BR>[Calls]<UL><LI><a href="#[6d]">&gt;&gt;</a>&nbsp;&nbsp;&nbsp;RcLc
<LI><a href="#[6f]">&gt;&gt;</a>&nbsp;&nbsp;&nbsp;LcRo
<LI><a href="#[6c]">&gt;&gt;</a>&nbsp;&nbsp;&nbsp;Lphase
</UL>
<BR>[Called By]<UL><LI><a href="#[52]">&gt;&gt;</a>&nbsp;&nbsp;&nbsp;cubesolve1
</UL>

<P><STRONG><a name="[78]"></a>Lrouter3</STRONG> (Thumb, 20 bytes, Stack size 8 bytes, motion.o(i.Lrouter3))
<BR><BR>[Stack]<UL><LI>Max Depth = 40<LI>Call Chain = Lrouter3 &rArr; Lphase &rArr; Lbujincontral &rArr; Lspeed
</UL>
<BR>[Calls]<UL><LI><a href="#[6d]">&gt;&gt;</a>&nbsp;&nbsp;&nbsp;RcLc
<LI><a href="#[6f]">&gt;&gt;</a>&nbsp;&nbsp;&nbsp;LcRo
<LI><a href="#[6c]">&gt;&gt;</a>&nbsp;&nbsp;&nbsp;Lphase
</UL>
<BR>[Called By]<UL><LI><a href="#[54]">&gt;&gt;</a>&nbsp;&nbsp;&nbsp;cubesolve2
</UL>

<P><STRONG><a name="[73]"></a>Lspeed</STRONG> (Thumb, 14 bytes, Stack size 8 bytes, stepper.o(i.Lspeed))
<BR><BR>[Stack]<UL><LI>Max Depth = 8<LI>Call Chain = Lspeed
</UL>
<BR>[Calls]<UL><LI><a href="#[79]">&gt;&gt;</a>&nbsp;&nbsp;&nbsp;TIM_SetCompare2
</UL>
<BR>[Called By]<UL><LI><a href="#[71]">&gt;&gt;</a>&nbsp;&nbsp;&nbsp;Lbujincontral
</UL>

<P><STRONG><a name="[7a]"></a>Lturn1</STRONG> (Thumb, 14 bytes, Stack size 8 bytes, motion.o(i.Lturn1))
<BR><BR>[Stack]<UL><LI>Max Depth = 40<LI>Call Chain = Lturn1 &rArr; Lphase &rArr; Lbujincontral &rArr; Lspeed
</UL>
<BR>[Calls]<UL><LI><a href="#[6d]">&gt;&gt;</a>&nbsp;&nbsp;&nbsp;RcLc
<LI><a href="#[6c]">&gt;&gt;</a>&nbsp;&nbsp;&nbsp;Lphase
</UL>
<BR>[Called By]<UL><LI><a href="#[55]">&gt;&gt;</a>&nbsp;&nbsp;&nbsp;cubesolve6
<LI><a href="#[53]">&gt;&gt;</a>&nbsp;&nbsp;&nbsp;cubesolve4
<LI><a href="#[54]">&gt;&gt;</a>&nbsp;&nbsp;&nbsp;cubesolve2
<LI><a href="#[52]">&gt;&gt;</a>&nbsp;&nbsp;&nbsp;cubesolve1
</UL>

<P><STRONG><a name="[7b]"></a>Lturn2</STRONG> (Thumb, 14 bytes, Stack size 8 bytes, motion.o(i.Lturn2))
<BR><BR>[Stack]<UL><LI>Max Depth = 40<LI>Call Chain = Lturn2 &rArr; Lphase &rArr; Lbujincontral &rArr; Lspeed
</UL>
<BR>[Calls]<UL><LI><a href="#[6d]">&gt;&gt;</a>&nbsp;&nbsp;&nbsp;RcLc
<LI><a href="#[6c]">&gt;&gt;</a>&nbsp;&nbsp;&nbsp;Lphase
</UL>
<BR>[Called By]<UL><LI><a href="#[55]">&gt;&gt;</a>&nbsp;&nbsp;&nbsp;cubesolve6
<LI><a href="#[53]">&gt;&gt;</a>&nbsp;&nbsp;&nbsp;cubesolve4
<LI><a href="#[54]">&gt;&gt;</a>&nbsp;&nbsp;&nbsp;cubesolve2
<LI><a href="#[52]">&gt;&gt;</a>&nbsp;&nbsp;&nbsp;cubesolve1
</UL>

<P><STRONG><a name="[7c]"></a>Lturn3</STRONG> (Thumb, 16 bytes, Stack size 8 bytes, motion.o(i.Lturn3))
<BR><BR>[Stack]<UL><LI>Max Depth = 40<LI>Call Chain = Lturn3 &rArr; Lphase &rArr; Lbujincontral &rArr; Lspeed
</UL>
<BR>[Calls]<UL><LI><a href="#[6d]">&gt;&gt;</a>&nbsp;&nbsp;&nbsp;RcLc
<LI><a href="#[6c]">&gt;&gt;</a>&nbsp;&nbsp;&nbsp;Lphase
</UL>
<BR>[Called By]<UL><LI><a href="#[55]">&gt;&gt;</a>&nbsp;&nbsp;&nbsp;cubesolve6
<LI><a href="#[53]">&gt;&gt;</a>&nbsp;&nbsp;&nbsp;cubesolve4
<LI><a href="#[54]">&gt;&gt;</a>&nbsp;&nbsp;&nbsp;cubesolve2
<LI><a href="#[52]">&gt;&gt;</a>&nbsp;&nbsp;&nbsp;cubesolve1
</UL>

<P><STRONG><a name="[7]"></a>MemManage_Handler</STRONG> (Thumb, 4 bytes, Stack size 0 bytes, stm32f10x_it.o(i.MemManage_Handler))
<BR>[Address Reference Count : 1]<UL><LI> startup_stm32f10x_md.o(RESET)
</UL>
<P><STRONG><a name="[5]"></a>NMI_Handler</STRONG> (Thumb, 2 bytes, Stack size 0 bytes, stm32f10x_it.o(i.NMI_Handler))
<BR>[Address Reference Count : 1]<UL><LI> startup_stm32f10x_md.o(RESET)
</UL>
<P><STRONG><a name="[b0]"></a>NVIC_Init</STRONG> (Thumb, 100 bytes, Stack size 16 bytes, misc.o(i.NVIC_Init))
<BR><BR>[Stack]<UL><LI>Max Depth = 16<LI>Call Chain = NVIC_Init
</UL>
<BR>[Called By]<UL><LI><a href="#[b2]">&gt;&gt;</a>&nbsp;&nbsp;&nbsp;counter2_Init
<LI><a href="#[a6]">&gt;&gt;</a>&nbsp;&nbsp;&nbsp;counter1_Init
<LI><a href="#[b5]">&gt;&gt;</a>&nbsp;&nbsp;&nbsp;serial_Init
</UL>

<P><STRONG><a name="[af]"></a>NVIC_PriorityGroupConfig</STRONG> (Thumb, 10 bytes, Stack size 0 bytes, misc.o(i.NVIC_PriorityGroupConfig))
<BR><BR>[Called By]<UL><LI><a href="#[b2]">&gt;&gt;</a>&nbsp;&nbsp;&nbsp;counter2_Init
<LI><a href="#[a6]">&gt;&gt;</a>&nbsp;&nbsp;&nbsp;counter1_Init
<LI><a href="#[b5]">&gt;&gt;</a>&nbsp;&nbsp;&nbsp;serial_Init
</UL>

<P><STRONG><a name="[c]"></a>PendSV_Handler</STRONG> (Thumb, 2 bytes, Stack size 0 bytes, stm32f10x_it.o(i.PendSV_Handler))
<BR>[Address Reference Count : 1]<UL><LI> startup_stm32f10x_md.o(RESET)
</UL>
<P><STRONG><a name="[7d]"></a>R1coordinate</STRONG> (Thumb, 230 bytes, Stack size 8 bytes, motion6.o(i.R1coordinate))
<BR><BR>[Stack]<UL><LI>Max Depth = 72<LI>Call Chain = R1coordinate &rArr; cubesolve6 &rArr; Rturn1 &rArr; Rphase &rArr; Rbujincontral &rArr; Rspeed
</UL>
<BR>[Calls]<UL><LI><a href="#[4f]">&gt;&gt;</a>&nbsp;&nbsp;&nbsp;stepconversion
<LI><a href="#[55]">&gt;&gt;</a>&nbsp;&nbsp;&nbsp;cubesolve6
<LI><a href="#[50]">&gt;&gt;</a>&nbsp;&nbsp;&nbsp;cubesolve5
<LI><a href="#[53]">&gt;&gt;</a>&nbsp;&nbsp;&nbsp;cubesolve4
<LI><a href="#[51]">&gt;&gt;</a>&nbsp;&nbsp;&nbsp;cubesolve3
<LI><a href="#[54]">&gt;&gt;</a>&nbsp;&nbsp;&nbsp;cubesolve2
<LI><a href="#[52]">&gt;&gt;</a>&nbsp;&nbsp;&nbsp;cubesolve1
</UL>
<BR>[Called By]<UL><LI><a href="#[b4]">&gt;&gt;</a>&nbsp;&nbsp;&nbsp;invokecenter
</UL>

<P><STRONG><a name="[7e]"></a>R2coordinate</STRONG> (Thumb, 230 bytes, Stack size 8 bytes, motion6.o(i.R2coordinate))
<BR><BR>[Stack]<UL><LI>Max Depth = 72<LI>Call Chain = R2coordinate &rArr; cubesolve6 &rArr; Rturn1 &rArr; Rphase &rArr; Rbujincontral &rArr; Rspeed
</UL>
<BR>[Calls]<UL><LI><a href="#[4f]">&gt;&gt;</a>&nbsp;&nbsp;&nbsp;stepconversion
<LI><a href="#[55]">&gt;&gt;</a>&nbsp;&nbsp;&nbsp;cubesolve6
<LI><a href="#[50]">&gt;&gt;</a>&nbsp;&nbsp;&nbsp;cubesolve5
<LI><a href="#[53]">&gt;&gt;</a>&nbsp;&nbsp;&nbsp;cubesolve4
<LI><a href="#[51]">&gt;&gt;</a>&nbsp;&nbsp;&nbsp;cubesolve3
<LI><a href="#[54]">&gt;&gt;</a>&nbsp;&nbsp;&nbsp;cubesolve2
<LI><a href="#[52]">&gt;&gt;</a>&nbsp;&nbsp;&nbsp;cubesolve1
</UL>
<BR>[Called By]<UL><LI><a href="#[b4]">&gt;&gt;</a>&nbsp;&nbsp;&nbsp;invokecenter
</UL>

<P><STRONG><a name="[7f]"></a>R3coordinate</STRONG> (Thumb, 230 bytes, Stack size 8 bytes, motion6.o(i.R3coordinate))
<BR><BR>[Stack]<UL><LI>Max Depth = 72<LI>Call Chain = R3coordinate &rArr; cubesolve6 &rArr; Rturn1 &rArr; Rphase &rArr; Rbujincontral &rArr; Rspeed
</UL>
<BR>[Calls]<UL><LI><a href="#[4f]">&gt;&gt;</a>&nbsp;&nbsp;&nbsp;stepconversion
<LI><a href="#[55]">&gt;&gt;</a>&nbsp;&nbsp;&nbsp;cubesolve6
<LI><a href="#[50]">&gt;&gt;</a>&nbsp;&nbsp;&nbsp;cubesolve5
<LI><a href="#[53]">&gt;&gt;</a>&nbsp;&nbsp;&nbsp;cubesolve4
<LI><a href="#[51]">&gt;&gt;</a>&nbsp;&nbsp;&nbsp;cubesolve3
<LI><a href="#[54]">&gt;&gt;</a>&nbsp;&nbsp;&nbsp;cubesolve2
<LI><a href="#[52]">&gt;&gt;</a>&nbsp;&nbsp;&nbsp;cubesolve1
</UL>
<BR>[Called By]<UL><LI><a href="#[b4]">&gt;&gt;</a>&nbsp;&nbsp;&nbsp;invokecenter
</UL>

<P><STRONG><a name="[80]"></a>R4coordinate</STRONG> (Thumb, 230 bytes, Stack size 8 bytes, motion6.o(i.R4coordinate))
<BR><BR>[Stack]<UL><LI>Max Depth = 72<LI>Call Chain = R4coordinate &rArr; cubesolve6 &rArr; Rturn1 &rArr; Rphase &rArr; Rbujincontral &rArr; Rspeed
</UL>
<BR>[Calls]<UL><LI><a href="#[4f]">&gt;&gt;</a>&nbsp;&nbsp;&nbsp;stepconversion
<LI><a href="#[55]">&gt;&gt;</a>&nbsp;&nbsp;&nbsp;cubesolve6
<LI><a href="#[50]">&gt;&gt;</a>&nbsp;&nbsp;&nbsp;cubesolve5
<LI><a href="#[53]">&gt;&gt;</a>&nbsp;&nbsp;&nbsp;cubesolve4
<LI><a href="#[51]">&gt;&gt;</a>&nbsp;&nbsp;&nbsp;cubesolve3
<LI><a href="#[54]">&gt;&gt;</a>&nbsp;&nbsp;&nbsp;cubesolve2
<LI><a href="#[52]">&gt;&gt;</a>&nbsp;&nbsp;&nbsp;cubesolve1
</UL>
<BR>[Called By]<UL><LI><a href="#[b4]">&gt;&gt;</a>&nbsp;&nbsp;&nbsp;invokecenter
</UL>

<P><STRONG><a name="[a7]"></a>RCC_APB1PeriphClockCmd</STRONG> (Thumb, 26 bytes, Stack size 0 bytes, stm32f10x_rcc.o(i.RCC_APB1PeriphClockCmd))
<BR><BR>[Called By]<UL><LI><a href="#[b2]">&gt;&gt;</a>&nbsp;&nbsp;&nbsp;counter2_Init
<LI><a href="#[a6]">&gt;&gt;</a>&nbsp;&nbsp;&nbsp;counter1_Init
</UL>

<P><STRONG><a name="[64]"></a>RCC_APB2PeriphClockCmd</STRONG> (Thumb, 26 bytes, Stack size 0 bytes, stm32f10x_rcc.o(i.RCC_APB2PeriphClockCmd))
<BR><BR>[Called By]<UL><LI><a href="#[63]">&gt;&gt;</a>&nbsp;&nbsp;&nbsp;JDQ_Init
<LI><a href="#[a6]">&gt;&gt;</a>&nbsp;&nbsp;&nbsp;counter1_Init
<LI><a href="#[a5]">&gt;&gt;</a>&nbsp;&nbsp;&nbsp;bujin_Init
<LI><a href="#[b5]">&gt;&gt;</a>&nbsp;&nbsp;&nbsp;serial_Init
</UL>

<P><STRONG><a name="[a4]"></a>RCC_GetClocksFreq</STRONG> (Thumb, 192 bytes, Stack size 12 bytes, stm32f10x_rcc.o(i.RCC_GetClocksFreq))
<BR><BR>[Stack]<UL><LI>Max Depth = 12<LI>Call Chain = RCC_GetClocksFreq
</UL>
<BR>[Called By]<UL><LI><a href="#[a3]">&gt;&gt;</a>&nbsp;&nbsp;&nbsp;USART_Init
</UL>

<P><STRONG><a name="[81]"></a>RHoming</STRONG> (Thumb, 20 bytes, Stack size 8 bytes, motion.o(i.RHoming))
<BR><BR>[Stack]<UL><LI>Max Depth = 40<LI>Call Chain = RHoming &rArr; Rphase &rArr; Rbujincontral &rArr; Rspeed
</UL>
<BR>[Calls]<UL><LI><a href="#[6d]">&gt;&gt;</a>&nbsp;&nbsp;&nbsp;RcLc
<LI><a href="#[6f]">&gt;&gt;</a>&nbsp;&nbsp;&nbsp;LcRo
<LI><a href="#[82]">&gt;&gt;</a>&nbsp;&nbsp;&nbsp;Rphase
</UL>
<BR>[Called By]<UL><LI><a href="#[53]">&gt;&gt;</a>&nbsp;&nbsp;&nbsp;cubesolve4
</UL>

<P><STRONG><a name="[83]"></a>RRoute1</STRONG> (Thumb, 30 bytes, Stack size 8 bytes, motion.o(i.RRoute1))
<BR><BR>[Stack]<UL><LI>Max Depth = 40<LI>Call Chain = RRoute1 &rArr; Rphase &rArr; Rbujincontral &rArr; Rspeed
</UL>
<BR>[Calls]<UL><LI><a href="#[6b]">&gt;&gt;</a>&nbsp;&nbsp;&nbsp;RcLo
<LI><a href="#[6d]">&gt;&gt;</a>&nbsp;&nbsp;&nbsp;RcLc
<LI><a href="#[6f]">&gt;&gt;</a>&nbsp;&nbsp;&nbsp;LcRo
<LI><a href="#[82]">&gt;&gt;</a>&nbsp;&nbsp;&nbsp;Rphase
</UL>
<BR>[Called By]<UL><LI><a href="#[54]">&gt;&gt;</a>&nbsp;&nbsp;&nbsp;cubesolve2
</UL>

<P><STRONG><a name="[84]"></a>RRoute2</STRONG> (Thumb, 18 bytes, Stack size 8 bytes, motion.o(i.RRoute2))
<BR><BR>[Stack]<UL><LI>Max Depth = 40<LI>Call Chain = RRoute2 &rArr; Rphase &rArr; Rbujincontral &rArr; Rspeed
</UL>
<BR>[Calls]<UL><LI><a href="#[6b]">&gt;&gt;</a>&nbsp;&nbsp;&nbsp;RcLo
<LI><a href="#[6d]">&gt;&gt;</a>&nbsp;&nbsp;&nbsp;RcLc
<LI><a href="#[82]">&gt;&gt;</a>&nbsp;&nbsp;&nbsp;Rphase
</UL>
<BR>[Called By]<UL><LI><a href="#[53]">&gt;&gt;</a>&nbsp;&nbsp;&nbsp;cubesolve4
</UL>

<P><STRONG><a name="[85]"></a>Rbujincontral</STRONG> (Thumb, 78 bytes, Stack size 16 bytes, stepper.o(i.Rbujincontral))
<BR><BR>[Stack]<UL><LI>Max Depth = 24<LI>Call Chain = Rbujincontral &rArr; Rspeed
</UL>
<BR>[Calls]<UL><LI><a href="#[86]">&gt;&gt;</a>&nbsp;&nbsp;&nbsp;Rspeed
<LI><a href="#[72]">&gt;&gt;</a>&nbsp;&nbsp;&nbsp;TIM_Cmd
</UL>
<BR>[Called By]<UL><LI><a href="#[82]">&gt;&gt;</a>&nbsp;&nbsp;&nbsp;Rphase
</UL>

<P><STRONG><a name="[6d]"></a>RcLc</STRONG> (Thumb, 18 bytes, Stack size 8 bytes, motion.o(i.RcLc))
<BR><BR>[Stack]<UL><LI>Max Depth = 8<LI>Call Chain = RcLc
</UL>
<BR>[Calls]<UL><LI><a href="#[87]">&gt;&gt;</a>&nbsp;&nbsp;&nbsp;close_right
<LI><a href="#[74]">&gt;&gt;</a>&nbsp;&nbsp;&nbsp;close_left
</UL>
<BR>[Called By]<UL><LI><a href="#[91]">&gt;&gt;</a>&nbsp;&nbsp;&nbsp;Rturn3
<LI><a href="#[90]">&gt;&gt;</a>&nbsp;&nbsp;&nbsp;Rturn2
<LI><a href="#[8f]">&gt;&gt;</a>&nbsp;&nbsp;&nbsp;Rturn1
<LI><a href="#[8d]">&gt;&gt;</a>&nbsp;&nbsp;&nbsp;Rrouter3
<LI><a href="#[8c]">&gt;&gt;</a>&nbsp;&nbsp;&nbsp;Rrouter1
<LI><a href="#[84]">&gt;&gt;</a>&nbsp;&nbsp;&nbsp;RRoute2
<LI><a href="#[83]">&gt;&gt;</a>&nbsp;&nbsp;&nbsp;RRoute1
<LI><a href="#[81]">&gt;&gt;</a>&nbsp;&nbsp;&nbsp;RHoming
<LI><a href="#[7c]">&gt;&gt;</a>&nbsp;&nbsp;&nbsp;Lturn3
<LI><a href="#[7b]">&gt;&gt;</a>&nbsp;&nbsp;&nbsp;Lturn2
<LI><a href="#[7a]">&gt;&gt;</a>&nbsp;&nbsp;&nbsp;Lturn1
<LI><a href="#[78]">&gt;&gt;</a>&nbsp;&nbsp;&nbsp;Lrouter3
<LI><a href="#[77]">&gt;&gt;</a>&nbsp;&nbsp;&nbsp;Lrouter1
<LI><a href="#[70]">&gt;&gt;</a>&nbsp;&nbsp;&nbsp;LRoute2
<LI><a href="#[6e]">&gt;&gt;</a>&nbsp;&nbsp;&nbsp;LRoute1
<LI><a href="#[6a]">&gt;&gt;</a>&nbsp;&nbsp;&nbsp;LHoming
</UL>

<P><STRONG><a name="[88]"></a>RcLc0</STRONG> (Thumb, 18 bytes, Stack size 8 bytes, motion.o(i.RcLc0))
<BR><BR>[Stack]<UL><LI>Max Depth = 8<LI>Call Chain = RcLc0
</UL>
<BR>[Calls]<UL><LI><a href="#[87]">&gt;&gt;</a>&nbsp;&nbsp;&nbsp;close_right
<LI><a href="#[74]">&gt;&gt;</a>&nbsp;&nbsp;&nbsp;close_left
</UL>
<BR>[Called By]<UL><LI><a href="#[45]">&gt;&gt;</a>&nbsp;&nbsp;&nbsp;main
</UL>

<P><STRONG><a name="[6b]"></a>RcLo</STRONG> (Thumb, 24 bytes, Stack size 8 bytes, motion.o(i.RcLo))
<BR><BR>[Stack]<UL><LI>Max Depth = 12<LI>Call Chain = RcLo &rArr; Delay_ms
</UL>
<BR>[Calls]<UL><LI><a href="#[89]">&gt;&gt;</a>&nbsp;&nbsp;&nbsp;open_left
<LI><a href="#[87]">&gt;&gt;</a>&nbsp;&nbsp;&nbsp;close_right
<LI><a href="#[5d]">&gt;&gt;</a>&nbsp;&nbsp;&nbsp;Delay_ms
</UL>
<BR>[Called By]<UL><LI><a href="#[8d]">&gt;&gt;</a>&nbsp;&nbsp;&nbsp;Rrouter3
<LI><a href="#[8c]">&gt;&gt;</a>&nbsp;&nbsp;&nbsp;Rrouter1
<LI><a href="#[84]">&gt;&gt;</a>&nbsp;&nbsp;&nbsp;RRoute2
<LI><a href="#[83]">&gt;&gt;</a>&nbsp;&nbsp;&nbsp;RRoute1
<LI><a href="#[6e]">&gt;&gt;</a>&nbsp;&nbsp;&nbsp;LRoute1
<LI><a href="#[6a]">&gt;&gt;</a>&nbsp;&nbsp;&nbsp;LHoming
</UL>

<P><STRONG><a name="[8a]"></a>RoLo</STRONG> (Thumb, 24 bytes, Stack size 8 bytes, motion.o(i.RoLo))
<BR><BR>[Stack]<UL><LI>Max Depth = 12<LI>Call Chain = RoLo &rArr; Delay_ms
</UL>
<BR>[Calls]<UL><LI><a href="#[75]">&gt;&gt;</a>&nbsp;&nbsp;&nbsp;open_right
<LI><a href="#[89]">&gt;&gt;</a>&nbsp;&nbsp;&nbsp;open_left
<LI><a href="#[5d]">&gt;&gt;</a>&nbsp;&nbsp;&nbsp;Delay_ms
</UL>
<BR>[Called By]<UL><LI><a href="#[b8]">&gt;&gt;</a>&nbsp;&nbsp;&nbsp;process_received_data
</UL>

<P><STRONG><a name="[82]"></a>Rphase</STRONG> (Thumb, 182 bytes, Stack size 8 bytes, stepper.o(i.Rphase))
<BR><BR>[Stack]<UL><LI>Max Depth = 32<LI>Call Chain = Rphase &rArr; Rbujincontral &rArr; Rspeed
</UL>
<BR>[Calls]<UL><LI><a href="#[8b]">&gt;&gt;</a>&nbsp;&nbsp;&nbsp;Rpulse_get
<LI><a href="#[85]">&gt;&gt;</a>&nbsp;&nbsp;&nbsp;Rbujincontral
</UL>
<BR>[Called By]<UL><LI><a href="#[91]">&gt;&gt;</a>&nbsp;&nbsp;&nbsp;Rturn3
<LI><a href="#[90]">&gt;&gt;</a>&nbsp;&nbsp;&nbsp;Rturn2
<LI><a href="#[8f]">&gt;&gt;</a>&nbsp;&nbsp;&nbsp;Rturn1
<LI><a href="#[8d]">&gt;&gt;</a>&nbsp;&nbsp;&nbsp;Rrouter3
<LI><a href="#[8c]">&gt;&gt;</a>&nbsp;&nbsp;&nbsp;Rrouter1
<LI><a href="#[84]">&gt;&gt;</a>&nbsp;&nbsp;&nbsp;RRoute2
<LI><a href="#[83]">&gt;&gt;</a>&nbsp;&nbsp;&nbsp;RRoute1
<LI><a href="#[81]">&gt;&gt;</a>&nbsp;&nbsp;&nbsp;RHoming
<LI><a href="#[b7]">&gt;&gt;</a>&nbsp;&nbsp;&nbsp;reposition
</UL>

<P><STRONG><a name="[8b]"></a>Rpulse_get</STRONG> (Thumb, 32 bytes, Stack size 0 bytes, stepper.o(i.Rpulse_get))
<BR><BR>[Called By]<UL><LI><a href="#[82]">&gt;&gt;</a>&nbsp;&nbsp;&nbsp;Rphase
</UL>

<P><STRONG><a name="[8c]"></a>Rrouter1</STRONG> (Thumb, 18 bytes, Stack size 8 bytes, motion.o(i.Rrouter1))
<BR><BR>[Stack]<UL><LI>Max Depth = 40<LI>Call Chain = Rrouter1 &rArr; Rphase &rArr; Rbujincontral &rArr; Rspeed
</UL>
<BR>[Calls]<UL><LI><a href="#[6b]">&gt;&gt;</a>&nbsp;&nbsp;&nbsp;RcLo
<LI><a href="#[6d]">&gt;&gt;</a>&nbsp;&nbsp;&nbsp;RcLc
<LI><a href="#[82]">&gt;&gt;</a>&nbsp;&nbsp;&nbsp;Rphase
</UL>
<BR>[Called By]<UL><LI><a href="#[54]">&gt;&gt;</a>&nbsp;&nbsp;&nbsp;cubesolve2
</UL>

<P><STRONG><a name="[8d]"></a>Rrouter3</STRONG> (Thumb, 20 bytes, Stack size 8 bytes, motion.o(i.Rrouter3))
<BR><BR>[Stack]<UL><LI>Max Depth = 40<LI>Call Chain = Rrouter3 &rArr; Rphase &rArr; Rbujincontral &rArr; Rspeed
</UL>
<BR>[Calls]<UL><LI><a href="#[6b]">&gt;&gt;</a>&nbsp;&nbsp;&nbsp;RcLo
<LI><a href="#[6d]">&gt;&gt;</a>&nbsp;&nbsp;&nbsp;RcLc
<LI><a href="#[82]">&gt;&gt;</a>&nbsp;&nbsp;&nbsp;Rphase
</UL>
<BR>[Called By]<UL><LI><a href="#[52]">&gt;&gt;</a>&nbsp;&nbsp;&nbsp;cubesolve1
</UL>

<P><STRONG><a name="[86]"></a>Rspeed</STRONG> (Thumb, 14 bytes, Stack size 8 bytes, stepper.o(i.Rspeed))
<BR><BR>[Stack]<UL><LI>Max Depth = 8<LI>Call Chain = Rspeed
</UL>
<BR>[Calls]<UL><LI><a href="#[8e]">&gt;&gt;</a>&nbsp;&nbsp;&nbsp;TIM_SetCompare1
</UL>
<BR>[Called By]<UL><LI><a href="#[85]">&gt;&gt;</a>&nbsp;&nbsp;&nbsp;Rbujincontral
</UL>

<P><STRONG><a name="[8f]"></a>Rturn1</STRONG> (Thumb, 14 bytes, Stack size 8 bytes, motion.o(i.Rturn1))
<BR><BR>[Stack]<UL><LI>Max Depth = 40<LI>Call Chain = Rturn1 &rArr; Rphase &rArr; Rbujincontral &rArr; Rspeed
</UL>
<BR>[Calls]<UL><LI><a href="#[6d]">&gt;&gt;</a>&nbsp;&nbsp;&nbsp;RcLc
<LI><a href="#[82]">&gt;&gt;</a>&nbsp;&nbsp;&nbsp;Rphase
</UL>
<BR>[Called By]<UL><LI><a href="#[55]">&gt;&gt;</a>&nbsp;&nbsp;&nbsp;cubesolve6
<LI><a href="#[50]">&gt;&gt;</a>&nbsp;&nbsp;&nbsp;cubesolve5
<LI><a href="#[51]">&gt;&gt;</a>&nbsp;&nbsp;&nbsp;cubesolve3
<LI><a href="#[54]">&gt;&gt;</a>&nbsp;&nbsp;&nbsp;cubesolve2
<LI><a href="#[52]">&gt;&gt;</a>&nbsp;&nbsp;&nbsp;cubesolve1
</UL>

<P><STRONG><a name="[90]"></a>Rturn2</STRONG> (Thumb, 14 bytes, Stack size 8 bytes, motion.o(i.Rturn2))
<BR><BR>[Stack]<UL><LI>Max Depth = 40<LI>Call Chain = Rturn2 &rArr; Rphase &rArr; Rbujincontral &rArr; Rspeed
</UL>
<BR>[Calls]<UL><LI><a href="#[6d]">&gt;&gt;</a>&nbsp;&nbsp;&nbsp;RcLc
<LI><a href="#[82]">&gt;&gt;</a>&nbsp;&nbsp;&nbsp;Rphase
</UL>
<BR>[Called By]<UL><LI><a href="#[50]">&gt;&gt;</a>&nbsp;&nbsp;&nbsp;cubesolve5
<LI><a href="#[51]">&gt;&gt;</a>&nbsp;&nbsp;&nbsp;cubesolve3
<LI><a href="#[54]">&gt;&gt;</a>&nbsp;&nbsp;&nbsp;cubesolve2
<LI><a href="#[52]">&gt;&gt;</a>&nbsp;&nbsp;&nbsp;cubesolve1
</UL>

<P><STRONG><a name="[91]"></a>Rturn3</STRONG> (Thumb, 16 bytes, Stack size 8 bytes, motion.o(i.Rturn3))
<BR><BR>[Stack]<UL><LI>Max Depth = 40<LI>Call Chain = Rturn3 &rArr; Rphase &rArr; Rbujincontral &rArr; Rspeed
</UL>
<BR>[Calls]<UL><LI><a href="#[6d]">&gt;&gt;</a>&nbsp;&nbsp;&nbsp;RcLc
<LI><a href="#[82]">&gt;&gt;</a>&nbsp;&nbsp;&nbsp;Rphase
</UL>
<BR>[Called By]<UL><LI><a href="#[50]">&gt;&gt;</a>&nbsp;&nbsp;&nbsp;cubesolve5
<LI><a href="#[51]">&gt;&gt;</a>&nbsp;&nbsp;&nbsp;cubesolve3
<LI><a href="#[54]">&gt;&gt;</a>&nbsp;&nbsp;&nbsp;cubesolve2
<LI><a href="#[52]">&gt;&gt;</a>&nbsp;&nbsp;&nbsp;cubesolve1
</UL>

<P><STRONG><a name="[a]"></a>SVC_Handler</STRONG> (Thumb, 2 bytes, Stack size 0 bytes, stm32f10x_it.o(i.SVC_Handler))
<BR>[Address Reference Count : 1]<UL><LI> startup_stm32f10x_md.o(RESET)
</UL>
<P><STRONG><a name="[d]"></a>SysTick_Handler</STRONG> (Thumb, 2 bytes, Stack size 0 bytes, stm32f10x_it.o(i.SysTick_Handler))
<BR>[Address Reference Count : 1]<UL><LI> startup_stm32f10x_md.o(RESET)
</UL>
<P><STRONG><a name="[39]"></a>SystemInit</STRONG> (Thumb, 78 bytes, Stack size 8 bytes, system_stm32f10x.o(i.SystemInit))
<BR><BR>[Stack]<UL><LI>Max Depth = 28<LI>Call Chain = SystemInit &rArr; SetSysClock &rArr; SetSysClockTo72
</UL>
<BR>[Calls]<UL><LI><a href="#[92]">&gt;&gt;</a>&nbsp;&nbsp;&nbsp;SetSysClock
</UL>
<BR>[Address Reference Count : 1]<UL><LI> startup_stm32f10x_md.o(.text)
</UL>
<P><STRONG><a name="[2b]"></a>TIM3_IRQHandler</STRONG> (Thumb, 448 bytes, Stack size 32 bytes, stepper.o(i.TIM3_IRQHandler))
<BR><BR>[Stack]<UL><LI>Max Depth = 64<LI>Call Chain = TIM3_IRQHandler &rArr; __aeabi_dmul
</UL>
<BR>[Calls]<UL><LI><a href="#[96]">&gt;&gt;</a>&nbsp;&nbsp;&nbsp;__aeabi_dmul
<LI><a href="#[95]">&gt;&gt;</a>&nbsp;&nbsp;&nbsp;__aeabi_i2d
<LI><a href="#[98]">&gt;&gt;</a>&nbsp;&nbsp;&nbsp;__aeabi_d2iz
<LI><a href="#[97]">&gt;&gt;</a>&nbsp;&nbsp;&nbsp;__aeabi_drsub
<LI><a href="#[99]">&gt;&gt;</a>&nbsp;&nbsp;&nbsp;__aeabi_dadd
<LI><a href="#[5e]">&gt;&gt;</a>&nbsp;&nbsp;&nbsp;Delay_us
<LI><a href="#[94]">&gt;&gt;</a>&nbsp;&nbsp;&nbsp;TIM_GetITStatus
<LI><a href="#[9a]">&gt;&gt;</a>&nbsp;&nbsp;&nbsp;TIM_ClearITPendingBit
<LI><a href="#[9b]">&gt;&gt;</a>&nbsp;&nbsp;&nbsp;TIM_ClearFlag
</UL>
<BR>[Address Reference Count : 1]<UL><LI> startup_stm32f10x_md.o(RESET)
</UL>
<P><STRONG><a name="[2c]"></a>TIM4_IRQHandler</STRONG> (Thumb, 448 bytes, Stack size 32 bytes, stepper.o(i.TIM4_IRQHandler))
<BR><BR>[Stack]<UL><LI>Max Depth = 64<LI>Call Chain = TIM4_IRQHandler &rArr; __aeabi_dmul
</UL>
<BR>[Calls]<UL><LI><a href="#[96]">&gt;&gt;</a>&nbsp;&nbsp;&nbsp;__aeabi_dmul
<LI><a href="#[95]">&gt;&gt;</a>&nbsp;&nbsp;&nbsp;__aeabi_i2d
<LI><a href="#[98]">&gt;&gt;</a>&nbsp;&nbsp;&nbsp;__aeabi_d2iz
<LI><a href="#[97]">&gt;&gt;</a>&nbsp;&nbsp;&nbsp;__aeabi_drsub
<LI><a href="#[99]">&gt;&gt;</a>&nbsp;&nbsp;&nbsp;__aeabi_dadd
<LI><a href="#[5e]">&gt;&gt;</a>&nbsp;&nbsp;&nbsp;Delay_us
<LI><a href="#[94]">&gt;&gt;</a>&nbsp;&nbsp;&nbsp;TIM_GetITStatus
<LI><a href="#[9a]">&gt;&gt;</a>&nbsp;&nbsp;&nbsp;TIM_ClearITPendingBit
<LI><a href="#[9b]">&gt;&gt;</a>&nbsp;&nbsp;&nbsp;TIM_ClearFlag
</UL>
<BR>[Address Reference Count : 1]<UL><LI> startup_stm32f10x_md.o(RESET)
</UL>
<P><STRONG><a name="[9b]"></a>TIM_ClearFlag</STRONG> (Thumb, 6 bytes, Stack size 0 bytes, stm32f10x_tim.o(i.TIM_ClearFlag))
<BR><BR>[Called By]<UL><LI><a href="#[b2]">&gt;&gt;</a>&nbsp;&nbsp;&nbsp;counter2_Init
<LI><a href="#[a6]">&gt;&gt;</a>&nbsp;&nbsp;&nbsp;counter1_Init
<LI><a href="#[2c]">&gt;&gt;</a>&nbsp;&nbsp;&nbsp;TIM4_IRQHandler
<LI><a href="#[2b]">&gt;&gt;</a>&nbsp;&nbsp;&nbsp;TIM3_IRQHandler
</UL>

<P><STRONG><a name="[9a]"></a>TIM_ClearITPendingBit</STRONG> (Thumb, 6 bytes, Stack size 0 bytes, stm32f10x_tim.o(i.TIM_ClearITPendingBit))
<BR><BR>[Called By]<UL><LI><a href="#[2c]">&gt;&gt;</a>&nbsp;&nbsp;&nbsp;TIM4_IRQHandler
<LI><a href="#[2b]">&gt;&gt;</a>&nbsp;&nbsp;&nbsp;TIM3_IRQHandler
</UL>

<P><STRONG><a name="[72]"></a>TIM_Cmd</STRONG> (Thumb, 24 bytes, Stack size 0 bytes, stm32f10x_tim.o(i.TIM_Cmd))
<BR><BR>[Called By]<UL><LI><a href="#[b2]">&gt;&gt;</a>&nbsp;&nbsp;&nbsp;counter2_Init
<LI><a href="#[a6]">&gt;&gt;</a>&nbsp;&nbsp;&nbsp;counter1_Init
<LI><a href="#[85]">&gt;&gt;</a>&nbsp;&nbsp;&nbsp;Rbujincontral
<LI><a href="#[71]">&gt;&gt;</a>&nbsp;&nbsp;&nbsp;Lbujincontral
</UL>

<P><STRONG><a name="[94]"></a>TIM_GetITStatus</STRONG> (Thumb, 34 bytes, Stack size 12 bytes, stm32f10x_tim.o(i.TIM_GetITStatus))
<BR><BR>[Stack]<UL><LI>Max Depth = 12<LI>Call Chain = TIM_GetITStatus
</UL>
<BR>[Called By]<UL><LI><a href="#[2c]">&gt;&gt;</a>&nbsp;&nbsp;&nbsp;TIM4_IRQHandler
<LI><a href="#[2b]">&gt;&gt;</a>&nbsp;&nbsp;&nbsp;TIM3_IRQHandler
</UL>

<P><STRONG><a name="[b1]"></a>TIM_ITConfig</STRONG> (Thumb, 18 bytes, Stack size 0 bytes, stm32f10x_tim.o(i.TIM_ITConfig))
<BR><BR>[Called By]<UL><LI><a href="#[b2]">&gt;&gt;</a>&nbsp;&nbsp;&nbsp;counter2_Init
<LI><a href="#[a6]">&gt;&gt;</a>&nbsp;&nbsp;&nbsp;counter1_Init
</UL>

<P><STRONG><a name="[a8]"></a>TIM_InternalClockConfig</STRONG> (Thumb, 12 bytes, Stack size 0 bytes, stm32f10x_tim.o(i.TIM_InternalClockConfig))
<BR><BR>[Called By]<UL><LI><a href="#[b2]">&gt;&gt;</a>&nbsp;&nbsp;&nbsp;counter2_Init
<LI><a href="#[a6]">&gt;&gt;</a>&nbsp;&nbsp;&nbsp;counter1_Init
</UL>

<P><STRONG><a name="[ab]"></a>TIM_OC1Init</STRONG> (Thumb, 132 bytes, Stack size 16 bytes, stm32f10x_tim.o(i.TIM_OC1Init))
<BR><BR>[Stack]<UL><LI>Max Depth = 16<LI>Call Chain = TIM_OC1Init
</UL>
<BR>[Called By]<UL><LI><a href="#[b2]">&gt;&gt;</a>&nbsp;&nbsp;&nbsp;counter2_Init
<LI><a href="#[a6]">&gt;&gt;</a>&nbsp;&nbsp;&nbsp;counter1_Init
</UL>

<P><STRONG><a name="[ad]"></a>TIM_OC1PreloadConfig</STRONG> (Thumb, 18 bytes, Stack size 0 bytes, stm32f10x_tim.o(i.TIM_OC1PreloadConfig))
<BR><BR>[Called By]<UL><LI><a href="#[b2]">&gt;&gt;</a>&nbsp;&nbsp;&nbsp;counter2_Init
<LI><a href="#[a6]">&gt;&gt;</a>&nbsp;&nbsp;&nbsp;counter1_Init
</UL>

<P><STRONG><a name="[ac]"></a>TIM_OC2Init</STRONG> (Thumb, 154 bytes, Stack size 16 bytes, stm32f10x_tim.o(i.TIM_OC2Init))
<BR><BR>[Stack]<UL><LI>Max Depth = 16<LI>Call Chain = TIM_OC2Init
</UL>
<BR>[Called By]<UL><LI><a href="#[b2]">&gt;&gt;</a>&nbsp;&nbsp;&nbsp;counter2_Init
<LI><a href="#[a6]">&gt;&gt;</a>&nbsp;&nbsp;&nbsp;counter1_Init
</UL>

<P><STRONG><a name="[ae]"></a>TIM_OC2PreloadConfig</STRONG> (Thumb, 26 bytes, Stack size 0 bytes, stm32f10x_tim.o(i.TIM_OC2PreloadConfig))
<BR><BR>[Called By]<UL><LI><a href="#[b2]">&gt;&gt;</a>&nbsp;&nbsp;&nbsp;counter2_Init
<LI><a href="#[a6]">&gt;&gt;</a>&nbsp;&nbsp;&nbsp;counter1_Init
</UL>

<P><STRONG><a name="[aa]"></a>TIM_OCStructInit</STRONG> (Thumb, 20 bytes, Stack size 0 bytes, stm32f10x_tim.o(i.TIM_OCStructInit))
<BR><BR>[Called By]<UL><LI><a href="#[b2]">&gt;&gt;</a>&nbsp;&nbsp;&nbsp;counter2_Init
<LI><a href="#[a6]">&gt;&gt;</a>&nbsp;&nbsp;&nbsp;counter1_Init
</UL>

<P><STRONG><a name="[8e]"></a>TIM_SetCompare1</STRONG> (Thumb, 4 bytes, Stack size 0 bytes, stm32f10x_tim.o(i.TIM_SetCompare1))
<BR><BR>[Called By]<UL><LI><a href="#[86]">&gt;&gt;</a>&nbsp;&nbsp;&nbsp;Rspeed
</UL>

<P><STRONG><a name="[79]"></a>TIM_SetCompare2</STRONG> (Thumb, 4 bytes, Stack size 0 bytes, stm32f10x_tim.o(i.TIM_SetCompare2))
<BR><BR>[Called By]<UL><LI><a href="#[73]">&gt;&gt;</a>&nbsp;&nbsp;&nbsp;Lspeed
</UL>

<P><STRONG><a name="[a9]"></a>TIM_TimeBaseInit</STRONG> (Thumb, 122 bytes, Stack size 0 bytes, stm32f10x_tim.o(i.TIM_TimeBaseInit))
<BR><BR>[Called By]<UL><LI><a href="#[b2]">&gt;&gt;</a>&nbsp;&nbsp;&nbsp;counter2_Init
<LI><a href="#[a6]">&gt;&gt;</a>&nbsp;&nbsp;&nbsp;counter1_Init
</UL>

<P><STRONG><a name="[9c]"></a>U1coordinate</STRONG> (Thumb, 230 bytes, Stack size 8 bytes, motion.o(i.U1coordinate))
<BR><BR>[Stack]<UL><LI>Max Depth = 72<LI>Call Chain = U1coordinate &rArr; cubesolve6 &rArr; Rturn1 &rArr; Rphase &rArr; Rbujincontral &rArr; Rspeed
</UL>
<BR>[Calls]<UL><LI><a href="#[4f]">&gt;&gt;</a>&nbsp;&nbsp;&nbsp;stepconversion
<LI><a href="#[55]">&gt;&gt;</a>&nbsp;&nbsp;&nbsp;cubesolve6
<LI><a href="#[50]">&gt;&gt;</a>&nbsp;&nbsp;&nbsp;cubesolve5
<LI><a href="#[53]">&gt;&gt;</a>&nbsp;&nbsp;&nbsp;cubesolve4
<LI><a href="#[51]">&gt;&gt;</a>&nbsp;&nbsp;&nbsp;cubesolve3
<LI><a href="#[54]">&gt;&gt;</a>&nbsp;&nbsp;&nbsp;cubesolve2
<LI><a href="#[52]">&gt;&gt;</a>&nbsp;&nbsp;&nbsp;cubesolve1
</UL>
<BR>[Called By]<UL><LI><a href="#[b4]">&gt;&gt;</a>&nbsp;&nbsp;&nbsp;invokecenter
</UL>

<P><STRONG><a name="[9d]"></a>U2coordinate</STRONG> (Thumb, 230 bytes, Stack size 8 bytes, motion.o(i.U2coordinate))
<BR><BR>[Stack]<UL><LI>Max Depth = 72<LI>Call Chain = U2coordinate &rArr; cubesolve6 &rArr; Rturn1 &rArr; Rphase &rArr; Rbujincontral &rArr; Rspeed
</UL>
<BR>[Calls]<UL><LI><a href="#[4f]">&gt;&gt;</a>&nbsp;&nbsp;&nbsp;stepconversion
<LI><a href="#[55]">&gt;&gt;</a>&nbsp;&nbsp;&nbsp;cubesolve6
<LI><a href="#[50]">&gt;&gt;</a>&nbsp;&nbsp;&nbsp;cubesolve5
<LI><a href="#[53]">&gt;&gt;</a>&nbsp;&nbsp;&nbsp;cubesolve4
<LI><a href="#[51]">&gt;&gt;</a>&nbsp;&nbsp;&nbsp;cubesolve3
<LI><a href="#[54]">&gt;&gt;</a>&nbsp;&nbsp;&nbsp;cubesolve2
<LI><a href="#[52]">&gt;&gt;</a>&nbsp;&nbsp;&nbsp;cubesolve1
</UL>
<BR>[Called By]<UL><LI><a href="#[b4]">&gt;&gt;</a>&nbsp;&nbsp;&nbsp;invokecenter
</UL>

<P><STRONG><a name="[9e]"></a>U3coordinate</STRONG> (Thumb, 230 bytes, Stack size 8 bytes, motion.o(i.U3coordinate))
<BR><BR>[Stack]<UL><LI>Max Depth = 72<LI>Call Chain = U3coordinate &rArr; cubesolve6 &rArr; Rturn1 &rArr; Rphase &rArr; Rbujincontral &rArr; Rspeed
</UL>
<BR>[Calls]<UL><LI><a href="#[4f]">&gt;&gt;</a>&nbsp;&nbsp;&nbsp;stepconversion
<LI><a href="#[55]">&gt;&gt;</a>&nbsp;&nbsp;&nbsp;cubesolve6
<LI><a href="#[50]">&gt;&gt;</a>&nbsp;&nbsp;&nbsp;cubesolve5
<LI><a href="#[53]">&gt;&gt;</a>&nbsp;&nbsp;&nbsp;cubesolve4
<LI><a href="#[51]">&gt;&gt;</a>&nbsp;&nbsp;&nbsp;cubesolve3
<LI><a href="#[54]">&gt;&gt;</a>&nbsp;&nbsp;&nbsp;cubesolve2
<LI><a href="#[52]">&gt;&gt;</a>&nbsp;&nbsp;&nbsp;cubesolve1
</UL>
<BR>[Called By]<UL><LI><a href="#[b4]">&gt;&gt;</a>&nbsp;&nbsp;&nbsp;invokecenter
</UL>

<P><STRONG><a name="[9f]"></a>U4coordinate</STRONG> (Thumb, 230 bytes, Stack size 8 bytes, motion.o(i.U4coordinate))
<BR><BR>[Stack]<UL><LI>Max Depth = 72<LI>Call Chain = U4coordinate &rArr; cubesolve6 &rArr; Rturn1 &rArr; Rphase &rArr; Rbujincontral &rArr; Rspeed
</UL>
<BR>[Calls]<UL><LI><a href="#[4f]">&gt;&gt;</a>&nbsp;&nbsp;&nbsp;stepconversion
<LI><a href="#[55]">&gt;&gt;</a>&nbsp;&nbsp;&nbsp;cubesolve6
<LI><a href="#[50]">&gt;&gt;</a>&nbsp;&nbsp;&nbsp;cubesolve5
<LI><a href="#[53]">&gt;&gt;</a>&nbsp;&nbsp;&nbsp;cubesolve4
<LI><a href="#[51]">&gt;&gt;</a>&nbsp;&nbsp;&nbsp;cubesolve3
<LI><a href="#[54]">&gt;&gt;</a>&nbsp;&nbsp;&nbsp;cubesolve2
<LI><a href="#[52]">&gt;&gt;</a>&nbsp;&nbsp;&nbsp;cubesolve1
</UL>
<BR>[Called By]<UL><LI><a href="#[b4]">&gt;&gt;</a>&nbsp;&nbsp;&nbsp;invokecenter
</UL>

<P><STRONG><a name="[33]"></a>USART1_IRQHandler</STRONG> (Thumb, 44 bytes, Stack size 8 bytes, serial.o(i.USART1_IRQHandler))
<BR><BR>[Stack]<UL><LI>Max Depth = 16<LI>Call Chain = USART1_IRQHandler &rArr; USART_ClearITPendingBit
</UL>
<BR>[Calls]<UL><LI><a href="#[a1]">&gt;&gt;</a>&nbsp;&nbsp;&nbsp;USART_ReceiveData
<LI><a href="#[a0]">&gt;&gt;</a>&nbsp;&nbsp;&nbsp;USART_GetFlagStatus
<LI><a href="#[a2]">&gt;&gt;</a>&nbsp;&nbsp;&nbsp;USART_ClearITPendingBit
</UL>
<BR>[Address Reference Count : 1]<UL><LI> startup_stm32f10x_md.o(RESET)
</UL>
<P><STRONG><a name="[a2]"></a>USART_ClearITPendingBit</STRONG> (Thumb, 30 bytes, Stack size 8 bytes, stm32f10x_usart.o(i.USART_ClearITPendingBit))
<BR><BR>[Stack]<UL><LI>Max Depth = 8<LI>Call Chain = USART_ClearITPendingBit
</UL>
<BR>[Called By]<UL><LI><a href="#[33]">&gt;&gt;</a>&nbsp;&nbsp;&nbsp;USART1_IRQHandler
</UL>

<P><STRONG><a name="[bb]"></a>USART_Cmd</STRONG> (Thumb, 24 bytes, Stack size 0 bytes, stm32f10x_usart.o(i.USART_Cmd))
<BR><BR>[Called By]<UL><LI><a href="#[b5]">&gt;&gt;</a>&nbsp;&nbsp;&nbsp;serial_Init
</UL>

<P><STRONG><a name="[a0]"></a>USART_GetFlagStatus</STRONG> (Thumb, 26 bytes, Stack size 0 bytes, stm32f10x_usart.o(i.USART_GetFlagStatus))
<BR><BR>[Called By]<UL><LI><a href="#[b9]">&gt;&gt;</a>&nbsp;&nbsp;&nbsp;serial_Sendbyte
<LI><a href="#[33]">&gt;&gt;</a>&nbsp;&nbsp;&nbsp;USART1_IRQHandler
</UL>

<P><STRONG><a name="[ba]"></a>USART_ITConfig</STRONG> (Thumb, 74 bytes, Stack size 20 bytes, stm32f10x_usart.o(i.USART_ITConfig))
<BR><BR>[Stack]<UL><LI>Max Depth = 20<LI>Call Chain = USART_ITConfig
</UL>
<BR>[Called By]<UL><LI><a href="#[b5]">&gt;&gt;</a>&nbsp;&nbsp;&nbsp;serial_Init
</UL>

<P><STRONG><a name="[a3]"></a>USART_Init</STRONG> (Thumb, 210 bytes, Stack size 56 bytes, stm32f10x_usart.o(i.USART_Init))
<BR><BR>[Stack]<UL><LI>Max Depth = 68<LI>Call Chain = USART_Init &rArr; RCC_GetClocksFreq
</UL>
<BR>[Calls]<UL><LI><a href="#[a4]">&gt;&gt;</a>&nbsp;&nbsp;&nbsp;RCC_GetClocksFreq
</UL>
<BR>[Called By]<UL><LI><a href="#[b5]">&gt;&gt;</a>&nbsp;&nbsp;&nbsp;serial_Init
</UL>

<P><STRONG><a name="[a1]"></a>USART_ReceiveData</STRONG> (Thumb, 10 bytes, Stack size 0 bytes, stm32f10x_usart.o(i.USART_ReceiveData))
<BR><BR>[Called By]<UL><LI><a href="#[45]">&gt;&gt;</a>&nbsp;&nbsp;&nbsp;main
<LI><a href="#[33]">&gt;&gt;</a>&nbsp;&nbsp;&nbsp;USART1_IRQHandler
</UL>

<P><STRONG><a name="[bc]"></a>USART_SendData</STRONG> (Thumb, 8 bytes, Stack size 0 bytes, stm32f10x_usart.o(i.USART_SendData))
<BR><BR>[Called By]<UL><LI><a href="#[b9]">&gt;&gt;</a>&nbsp;&nbsp;&nbsp;serial_Sendbyte
</UL>

<P><STRONG><a name="[9]"></a>UsageFault_Handler</STRONG> (Thumb, 4 bytes, Stack size 0 bytes, stm32f10x_it.o(i.UsageFault_Handler))
<BR>[Address Reference Count : 1]<UL><LI> startup_stm32f10x_md.o(RESET)
</UL>
<P><STRONG><a name="[a5]"></a>bujin_Init</STRONG> (Thumb, 38 bytes, Stack size 8 bytes, stepper.o(i.bujin_Init))
<BR><BR>[Stack]<UL><LI>Max Depth = 32<LI>Call Chain = bujin_Init &rArr; GPIO_Init
</UL>
<BR>[Calls]<UL><LI><a href="#[65]">&gt;&gt;</a>&nbsp;&nbsp;&nbsp;GPIO_Init
<LI><a href="#[64]">&gt;&gt;</a>&nbsp;&nbsp;&nbsp;RCC_APB2PeriphClockCmd
</UL>
<BR>[Called By]<UL><LI><a href="#[b3]">&gt;&gt;</a>&nbsp;&nbsp;&nbsp;en_Init
</UL>

<P><STRONG><a name="[74]"></a>close_left</STRONG> (Thumb, 8 bytes, Stack size 0 bytes, jdq.o(i.close_left))
<BR><BR>[Called By]<UL><LI><a href="#[88]">&gt;&gt;</a>&nbsp;&nbsp;&nbsp;RcLc0
<LI><a href="#[6d]">&gt;&gt;</a>&nbsp;&nbsp;&nbsp;RcLc
<LI><a href="#[6f]">&gt;&gt;</a>&nbsp;&nbsp;&nbsp;LcRo
</UL>

<P><STRONG><a name="[87]"></a>close_right</STRONG> (Thumb, 8 bytes, Stack size 0 bytes, jdq.o(i.close_right))
<BR><BR>[Called By]<UL><LI><a href="#[6b]">&gt;&gt;</a>&nbsp;&nbsp;&nbsp;RcLo
<LI><a href="#[88]">&gt;&gt;</a>&nbsp;&nbsp;&nbsp;RcLc0
<LI><a href="#[6d]">&gt;&gt;</a>&nbsp;&nbsp;&nbsp;RcLc
</UL>

<P><STRONG><a name="[a6]"></a>counter1_Init</STRONG> (Thumb, 218 bytes, Stack size 40 bytes, stepper.o(i.counter1_Init))
<BR><BR>[Stack]<UL><LI>Max Depth = 64<LI>Call Chain = counter1_Init &rArr; GPIO_Init
</UL>
<BR>[Calls]<UL><LI><a href="#[af]">&gt;&gt;</a>&nbsp;&nbsp;&nbsp;NVIC_PriorityGroupConfig
<LI><a href="#[b0]">&gt;&gt;</a>&nbsp;&nbsp;&nbsp;NVIC_Init
<LI><a href="#[65]">&gt;&gt;</a>&nbsp;&nbsp;&nbsp;GPIO_Init
<LI><a href="#[64]">&gt;&gt;</a>&nbsp;&nbsp;&nbsp;RCC_APB2PeriphClockCmd
<LI><a href="#[a7]">&gt;&gt;</a>&nbsp;&nbsp;&nbsp;RCC_APB1PeriphClockCmd
<LI><a href="#[a9]">&gt;&gt;</a>&nbsp;&nbsp;&nbsp;TIM_TimeBaseInit
<LI><a href="#[aa]">&gt;&gt;</a>&nbsp;&nbsp;&nbsp;TIM_OCStructInit
[...]
<LI><a href="#[5a]">&gt;&gt;</a>&nbsp;&nbsp;&nbsp;D2coordinate
<LI><a href="#[59]">&gt;&gt;</a>&nbsp;&nbsp;&nbsp;D1coordinate
<LI><a href="#[58]">&gt;&gt;</a>&nbsp;&nbsp;&nbsp;B4coordinate
<LI><a href="#[57]">&gt;&gt;</a>&nbsp;&nbsp;&nbsp;B3coordinate
<LI><a href="#[56]">&gt;&gt;</a>&nbsp;&nbsp;&nbsp;B2coordinate
<LI><a href="#[4e]">&gt;&gt;</a>&nbsp;&nbsp;&nbsp;B1coordinate
<LI><a href="#[9f]">&gt;&gt;</a>&nbsp;&nbsp;&nbsp;U4coordinate
<LI><a href="#[9e]">&gt;&gt;</a>&nbsp;&nbsp;&nbsp;U3coordinate
<LI><a href="#[9d]">&gt;&gt;</a>&nbsp;&nbsp;&nbsp;U2coordinate
<LI><a href="#[9c]">&gt;&gt;</a>&nbsp;&nbsp;&nbsp;U1coordinate
</UL>

<P><STRONG><a name="[53]"></a>cubesolve4</STRONG> (Thumb, 200 bytes, Stack size 24 bytes, motion.o(i.cubesolve4))
<BR><BR>[Stack]<UL><LI>Max Depth = 64<LI>Call Chain = cubesolve4 &rArr; RRoute2 &rArr; Rphase &rArr; Rbujincontral &rArr; Rspeed
</UL>
<BR>[Calls]<UL><LI><a href="#[84]">&gt;&gt;</a>&nbsp;&nbsp;&nbsp;RRoute2
<LI><a href="#[81]">&gt;&gt;</a>&nbsp;&nbsp;&nbsp;RHoming
<LI><a href="#[7c]">&gt;&gt;</a>&nbsp;&nbsp;&nbsp;Lturn3
<LI><a href="#[7b]">&gt;&gt;</a>&nbsp;&nbsp;&nbsp;Lturn2
<LI><a href="#[7a]">&gt;&gt;</a>&nbsp;&nbsp;&nbsp;Lturn1
</UL>
<BR>[Called By]<UL><LI><a href="#[80]">&gt;&gt;</a>&nbsp;&nbsp;&nbsp;R4coordinate
<LI><a href="#[7f]">&gt;&gt;</a>&nbsp;&nbsp;&nbsp;R3coordinate
<LI><a href="#[7e]">&gt;&gt;</a>&nbsp;&nbsp;&nbsp;R2coordinate
<LI><a href="#[7d]">&gt;&gt;</a>&nbsp;&nbsp;&nbsp;R1coordinate
<LI><a href="#[69]">&gt;&gt;</a>&nbsp;&nbsp;&nbsp;L4coordinate
<LI><a href="#[68]">&gt;&gt;</a>&nbsp;&nbsp;&nbsp;L3coordinate
<LI><a href="#[67]">&gt;&gt;</a>&nbsp;&nbsp;&nbsp;L2coordinate
<LI><a href="#[66]">&gt;&gt;</a>&nbsp;&nbsp;&nbsp;L1coordinate
<LI><a href="#[62]">&gt;&gt;</a>&nbsp;&nbsp;&nbsp;F4coordinate
<LI><a href="#[61]">&gt;&gt;</a>&nbsp;&nbsp;&nbsp;F3coordinate
<LI><a href="#[60]">&gt;&gt;</a>&nbsp;&nbsp;&nbsp;F2coordinate
<LI><a href="#[5f]">&gt;&gt;</a>&nbsp;&nbsp;&nbsp;F1coordinate
<LI><a href="#[5c]">&gt;&gt;</a>&nbsp;&nbsp;&nbsp;D4coordinate
<LI><a href="#[5b]">&gt;&gt;</a>&nbsp;&nbsp;&nbsp;D3coordinate
<LI><a href="#[5a]">&gt;&gt;</a>&nbsp;&nbsp;&nbsp;D2coordinate
<LI><a href="#[59]">&gt;&gt;</a>&nbsp;&nbsp;&nbsp;D1coordinate
<LI><a href="#[58]">&gt;&gt;</a>&nbsp;&nbsp;&nbsp;B4coordinate
<LI><a href="#[57]">&gt;&gt;</a>&nbsp;&nbsp;&nbsp;B3coordinate
<LI><a href="#[56]">&gt;&gt;</a>&nbsp;&nbsp;&nbsp;B2coordinate
<LI><a href="#[4e]">&gt;&gt;</a>&nbsp;&nbsp;&nbsp;B1coordinate
<LI><a href="#[9f]">&gt;&gt;</a>&nbsp;&nbsp;&nbsp;U4coordinate
<LI><a href="#[9e]">&gt;&gt;</a>&nbsp;&nbsp;&nbsp;U3coordinate
<LI><a href="#[9d]">&gt;&gt;</a>&nbsp;&nbsp;&nbsp;U2coordinate
<LI><a href="#[9c]">&gt;&gt;</a>&nbsp;&nbsp;&nbsp;U1coordinate
</UL>

<P><STRONG><a name="[50]"></a>cubesolve5</STRONG> (Thumb, 184 bytes, Stack size 24 bytes, motion.o(i.cubesolve5))
<BR><BR>[Stack]<UL><LI>Max Depth = 64<LI>Call Chain = cubesolve5 &rArr; Rturn3 &rArr; Rphase &rArr; Rbujincontral &rArr; Rspeed
</UL>
<BR>[Calls]<UL><LI><a href="#[91]">&gt;&gt;</a>&nbsp;&nbsp;&nbsp;Rturn3
<LI><a href="#[90]">&gt;&gt;</a>&nbsp;&nbsp;&nbsp;Rturn2
<LI><a href="#[8f]">&gt;&gt;</a>&nbsp;&nbsp;&nbsp;Rturn1
</UL>
<BR>[Called By]<UL><LI><a href="#[80]">&gt;&gt;</a>&nbsp;&nbsp;&nbsp;R4coordinate
<LI><a href="#[7f]">&gt;&gt;</a>&nbsp;&nbsp;&nbsp;R3coordinate
<LI><a href="#[7e]">&gt;&gt;</a>&nbsp;&nbsp;&nbsp;R2coordinate
<LI><a href="#[7d]">&gt;&gt;</a>&nbsp;&nbsp;&nbsp;R1coordinate
<LI><a href="#[69]">&gt;&gt;</a>&nbsp;&nbsp;&nbsp;L4coordinate
<LI><a href="#[68]">&gt;&gt;</a>&nbsp;&nbsp;&nbsp;L3coordinate
<LI><a href="#[67]">&gt;&gt;</a>&nbsp;&nbsp;&nbsp;L2coordinate
<LI><a href="#[66]">&gt;&gt;</a>&nbsp;&nbsp;&nbsp;L1coordinate
<LI><a href="#[62]">&gt;&gt;</a>&nbsp;&nbsp;&nbsp;F4coordinate
<LI><a href="#[61]">&gt;&gt;</a>&nbsp;&nbsp;&nbsp;F3coordinate
<LI><a href="#[60]">&gt;&gt;</a>&nbsp;&nbsp;&nbsp;F2coordinate
<LI><a href="#[5f]">&gt;&gt;</a>&nbsp;&nbsp;&nbsp;F1coordinate
<LI><a href="#[5c]">&gt;&gt;</a>&nbsp;&nbsp;&nbsp;D4coordinate
<LI><a href="#[5b]">&gt;&gt;</a>&nbsp;&nbsp;&nbsp;D3coordinate
<LI><a href="#[5a]">&gt;&gt;</a>&nbsp;&nbsp;&nbsp;D2coordinate
<LI><a href="#[59]">&gt;&gt;</a>&nbsp;&nbsp;&nbsp;D1coordinate
<LI><a href="#[58]">&gt;&gt;</a>&nbsp;&nbsp;&nbsp;B4coordinate
<LI><a href="#[57]">&gt;&gt;</a>&nbsp;&nbsp;&nbsp;B3coordinate
<LI><a href="#[56]">&gt;&gt;</a>&nbsp;&nbsp;&nbsp;B2coordinate
<LI><a href="#[4e]">&gt;&gt;</a>&nbsp;&nbsp;&nbsp;B1coordinate
<LI><a href="#[9f]">&gt;&gt;</a>&nbsp;&nbsp;&nbsp;U4coordinate
<LI><a href="#[9e]">&gt;&gt;</a>&nbsp;&nbsp;&nbsp;U3coordinate
<LI><a href="#[9d]">&gt;&gt;</a>&nbsp;&nbsp;&nbsp;U2coordinate
<LI><a href="#[9c]">&gt;&gt;</a>&nbsp;&nbsp;&nbsp;U1coordinate
</UL>

<P><STRONG><a name="[55]"></a>cubesolve6</STRONG> (Thumb, 184 bytes, Stack size 24 bytes, motion.o(i.cubesolve6))
<BR><BR>[Stack]<UL><LI>Max Depth = 64<LI>Call Chain = cubesolve6 &rArr; Rturn1 &rArr; Rphase &rArr; Rbujincontral &rArr; Rspeed
</UL>
<BR>[Calls]<UL><LI><a href="#[8f]">&gt;&gt;</a>&nbsp;&nbsp;&nbsp;Rturn1
<LI><a href="#[7c]">&gt;&gt;</a>&nbsp;&nbsp;&nbsp;Lturn3
<LI><a href="#[7b]">&gt;&gt;</a>&nbsp;&nbsp;&nbsp;Lturn2
<LI><a href="#[7a]">&gt;&gt;</a>&nbsp;&nbsp;&nbsp;Lturn1
</UL>
<BR>[Called By]<UL><LI><a href="#[80]">&gt;&gt;</a>&nbsp;&nbsp;&nbsp;R4coordinate
<LI><a href="#[7f]">&gt;&gt;</a>&nbsp;&nbsp;&nbsp;R3coordinate
<LI><a href="#[7e]">&gt;&gt;</a>&nbsp;&nbsp;&nbsp;R2coordinate
<LI><a href="#[7d]">&gt;&gt;</a>&nbsp;&nbsp;&nbsp;R1coordinate
<LI><a href="#[69]">&gt;&gt;</a>&nbsp;&nbsp;&nbsp;L4coordinate
<LI><a href="#[68]">&gt;&gt;</a>&nbsp;&nbsp;&nbsp;L3coordinate
<LI><a href="#[67]">&gt;&gt;</a>&nbsp;&nbsp;&nbsp;L2coordinate
<LI><a href="#[66]">&gt;&gt;</a>&nbsp;&nbsp;&nbsp;L1coordinate
<LI><a href="#[62]">&gt;&gt;</a>&nbsp;&nbsp;&nbsp;F4coordinate
<LI><a href="#[61]">&gt;&gt;</a>&nbsp;&nbsp;&nbsp;F3coordinate
<LI><a href="#[60]">&gt;&gt;</a>&nbsp;&nbsp;&nbsp;F2coordinate
<LI><a href="#[5f]">&gt;&gt;</a>&nbsp;&nbsp;&nbsp;F1coordinate
<LI><a href="#[5c]">&gt;&gt;</a>&nbsp;&nbsp;&nbsp;D4coordinate
<LI><a href="#[5b]">&gt;&gt;</a>&nbsp;&nbsp;&nbsp;D3coordinate
<LI><a href="#[5a]">&gt;&gt;</a>&nbsp;&nbsp;&nbsp;D2coordinate
<LI><a href="#[59]">&gt;&gt;</a>&nbsp;&nbsp;&nbsp;D1coordinate
<LI><a href="#[58]">&gt;&gt;</a>&nbsp;&nbsp;&nbsp;B4coordinate
<LI><a href="#[57]">&gt;&gt;</a>&nbsp;&nbsp;&nbsp;B3coordinate
<LI><a href="#[56]">&gt;&gt;</a>&nbsp;&nbsp;&nbsp;B2coordinate
<LI><a href="#[4e]">&gt;&gt;</a>&nbsp;&nbsp;&nbsp;B1coordinate
<LI><a href="#[9f]">&gt;&gt;</a>&nbsp;&nbsp;&nbsp;U4coordinate
<LI><a href="#[9e]">&gt;&gt;</a>&nbsp;&nbsp;&nbsp;U3coordinate
<LI><a href="#[9d]">&gt;&gt;</a>&nbsp;&nbsp;&nbsp;U2coordinate
<LI><a href="#[9c]">&gt;&gt;</a>&nbsp;&nbsp;&nbsp;U1coordinate
</UL>

<P><STRONG><a name="[b3]"></a>en_Init</STRONG> (Thumb, 28 bytes, Stack size 8 bytes, stepper.o(i.en_Init))
<BR><BR>[Stack]<UL><LI>Max Depth = 72<LI>Call Chain = en_Init &rArr; counter2_Init &rArr; GPIO_Init
</UL>
<BR>[Calls]<UL><LI><a href="#[b2]">&gt;&gt;</a>&nbsp;&nbsp;&nbsp;counter2_Init
<LI><a href="#[a6]">&gt;&gt;</a>&nbsp;&nbsp;&nbsp;counter1_Init
<LI><a href="#[a5]">&gt;&gt;</a>&nbsp;&nbsp;&nbsp;bujin_Init
</UL>
<BR>[Called By]<UL><LI><a href="#[45]">&gt;&gt;</a>&nbsp;&nbsp;&nbsp;main
</UL>

<P><STRONG><a name="[b4]"></a>invokecenter</STRONG> (Thumb, 248 bytes, Stack size 16 bytes, motion.o(i.invokecenter))
<BR><BR>[Stack]<UL><LI>Max Depth = 88<LI>Call Chain = invokecenter &rArr; R4coordinate &rArr; cubesolve6 &rArr; Rturn1 &rArr; Rphase &rArr; Rbujincontral &rArr; Rspeed
</UL>
<BR>[Calls]<UL><LI><a href="#[80]">&gt;&gt;</a>&nbsp;&nbsp;&nbsp;R4coordinate
<LI><a href="#[7f]">&gt;&gt;</a>&nbsp;&nbsp;&nbsp;R3coordinate
<LI><a href="#[7e]">&gt;&gt;</a>&nbsp;&nbsp;&nbsp;R2coordinate
<LI><a href="#[7d]">&gt;&gt;</a>&nbsp;&nbsp;&nbsp;R1coordinate
<LI><a href="#[69]">&gt;&gt;</a>&nbsp;&nbsp;&nbsp;L4coordinate
<LI><a href="#[68]">&gt;&gt;</a>&nbsp;&nbsp;&nbsp;L3coordinate
<LI><a href="#[67]">&gt;&gt;</a>&nbsp;&nbsp;&nbsp;L2coordinate
<LI><a href="#[66]">&gt;&gt;</a>&nbsp;&nbsp;&nbsp;L1coordinate
<LI><a href="#[62]">&gt;&gt;</a>&nbsp;&nbsp;&nbsp;F4coordinate
<LI><a href="#[61]">&gt;&gt;</a>&nbsp;&nbsp;&nbsp;F3coordinate
<LI><a href="#[60]">&gt;&gt;</a>&nbsp;&nbsp;&nbsp;F2coordinate
<LI><a href="#[5f]">&gt;&gt;</a>&nbsp;&nbsp;&nbsp;F1coordinate
<LI><a href="#[5c]">&gt;&gt;</a>&nbsp;&nbsp;&nbsp;D4coordinate
<LI><a href="#[5b]">&gt;&gt;</a>&nbsp;&nbsp;&nbsp;D3coordinate
<LI><a href="#[5a]">&gt;&gt;</a>&nbsp;&nbsp;&nbsp;D2coordinate
<LI><a href="#[59]">&gt;&gt;</a>&nbsp;&nbsp;&nbsp;D1coordinate
<LI><a href="#[58]">&gt;&gt;</a>&nbsp;&nbsp;&nbsp;B4coordinate
<LI><a href="#[57]">&gt;&gt;</a>&nbsp;&nbsp;&nbsp;B3coordinate
<LI><a href="#[56]">&gt;&gt;</a>&nbsp;&nbsp;&nbsp;B2coordinate
<LI><a href="#[4e]">&gt;&gt;</a>&nbsp;&nbsp;&nbsp;B1coordinate
<LI><a href="#[9f]">&gt;&gt;</a>&nbsp;&nbsp;&nbsp;U4coordinate
<LI><a href="#[9e]">&gt;&gt;</a>&nbsp;&nbsp;&nbsp;U3coordinate
<LI><a href="#[9d]">&gt;&gt;</a>&nbsp;&nbsp;&nbsp;U2coordinate
<LI><a href="#[9c]">&gt;&gt;</a>&nbsp;&nbsp;&nbsp;U1coordinate
</UL>
<BR>[Called By]<UL><LI><a href="#[b8]">&gt;&gt;</a>&nbsp;&nbsp;&nbsp;process_received_data
</UL>

<P><STRONG><a name="[45]"></a>main</STRONG> (Thumb, 216 bytes, Stack size 0 bytes, main.o(i.main))
<BR><BR>[Stack]<UL><LI>Max Depth = 104<LI>Call Chain = main &rArr; process_received_data &rArr; invokecenter &rArr; R4coordinate &rArr; cubesolve6 &rArr; Rturn1 &rArr; Rphase &rArr; Rbujincontral &rArr; Rspeed
</UL>
<BR>[Calls]<UL><LI><a href="#[b8]">&gt;&gt;</a>&nbsp;&nbsp;&nbsp;process_received_data
<LI><a href="#[88]">&gt;&gt;</a>&nbsp;&nbsp;&nbsp;RcLc0
<LI><a href="#[63]">&gt;&gt;</a>&nbsp;&nbsp;&nbsp;JDQ_Init
<LI><a href="#[b7]">&gt;&gt;</a>&nbsp;&nbsp;&nbsp;reposition
<LI><a href="#[b3]">&gt;&gt;</a>&nbsp;&nbsp;&nbsp;en_Init
<LI><a href="#[b9]">&gt;&gt;</a>&nbsp;&nbsp;&nbsp;serial_Sendbyte
<LI><a href="#[b5]">&gt;&gt;</a>&nbsp;&nbsp;&nbsp;serial_Init
<LI><a href="#[b6]">&gt;&gt;</a>&nbsp;&nbsp;&nbsp;serial_GetRxFlag
<LI><a href="#[a1]">&gt;&gt;</a>&nbsp;&nbsp;&nbsp;USART_ReceiveData
</UL>
<BR>[Called By]<UL><LI><a href="#[44]">&gt;&gt;</a>&nbsp;&nbsp;&nbsp;__rt_entry_main
</UL>

<P><STRONG><a name="[89]"></a>open_left</STRONG> (Thumb, 8 bytes, Stack size 0 bytes, jdq.o(i.open_left))
<BR><BR>[Called By]<UL><LI><a href="#[8a]">&gt;&gt;</a>&nbsp;&nbsp;&nbsp;RoLo
<LI><a href="#[6b]">&gt;&gt;</a>&nbsp;&nbsp;&nbsp;RcLo
</UL>

<P><STRONG><a name="[75]"></a>open_right</STRONG> (Thumb, 8 bytes, Stack size 0 bytes, jdq.o(i.open_right))
<BR><BR>[Called By]<UL><LI><a href="#[8a]">&gt;&gt;</a>&nbsp;&nbsp;&nbsp;RoLo
<LI><a href="#[6f]">&gt;&gt;</a>&nbsp;&nbsp;&nbsp;LcRo
</UL>

<P><STRONG><a name="[b8]"></a>process_received_data</STRONG> (Thumb, 78 bytes, Stack size 16 bytes, main.o(i.process_received_data))
<BR><BR>[Stack]<UL><LI>Max Depth = 104<LI>Call Chain = process_received_data &rArr; invokecenter &rArr; R4coordinate &rArr; cubesolve6 &rArr; Rturn1 &rArr; Rphase &rArr; Rbujincontral &rArr; Rspeed
</UL>
<BR>[Calls]<UL><LI><a href="#[b4]">&gt;&gt;</a>&nbsp;&nbsp;&nbsp;invokecenter
<LI><a href="#[8a]">&gt;&gt;</a>&nbsp;&nbsp;&nbsp;RoLo
</UL>
<BR>[Called By]<UL><LI><a href="#[45]">&gt;&gt;</a>&nbsp;&nbsp;&nbsp;main
</UL>

<P><STRONG><a name="[b7]"></a>reposition</STRONG> (Thumb, 48 bytes, Stack size 8 bytes, stepper.o(i.reposition))
<BR><BR>[Stack]<UL><LI>Max Depth = 40<LI>Call Chain = reposition &rArr; Rphase &rArr; Rbujincontral &rArr; Rspeed
</UL>
<BR>[Calls]<UL><LI><a href="#[82]">&gt;&gt;</a>&nbsp;&nbsp;&nbsp;Rphase
<LI><a href="#[6c]">&gt;&gt;</a>&nbsp;&nbsp;&nbsp;Lphase
</UL>
<BR>[Called By]<UL><LI><a href="#[45]">&gt;&gt;</a>&nbsp;&nbsp;&nbsp;main
</UL>

<P><STRONG><a name="[b6]"></a>serial_GetRxFlag</STRONG> (Thumb, 22 bytes, Stack size 0 bytes, serial.o(i.serial_GetRxFlag))
<BR><BR>[Called By]<UL><LI><a href="#[45]">&gt;&gt;</a>&nbsp;&nbsp;&nbsp;main
</UL>

<P><STRONG><a name="[b5]"></a>serial_Init</STRONG> (Thumb, 174 bytes, Stack size 32 bytes, serial.o(i.serial_Init))
<BR><BR>[Stack]<UL><LI>Max Depth = 100<LI>Call Chain = serial_Init &rArr; USART_Init &rArr; RCC_GetClocksFreq
</UL>
<BR>[Calls]<UL><LI><a href="#[af]">&gt;&gt;</a>&nbsp;&nbsp;&nbsp;NVIC_PriorityGroupConfig
<LI><a href="#[b0]">&gt;&gt;</a>&nbsp;&nbsp;&nbsp;NVIC_Init
<LI><a href="#[65]">&gt;&gt;</a>&nbsp;&nbsp;&nbsp;GPIO_Init
<LI><a href="#[64]">&gt;&gt;</a>&nbsp;&nbsp;&nbsp;RCC_APB2PeriphClockCmd
<LI><a href="#[a3]">&gt;&gt;</a>&nbsp;&nbsp;&nbsp;USART_Init
<LI><a href="#[ba]">&gt;&gt;</a>&nbsp;&nbsp;&nbsp;USART_ITConfig
<LI><a href="#[bb]">&gt;&gt;</a>&nbsp;&nbsp;&nbsp;USART_Cmd
</UL>
<BR>[Called By]<UL><LI><a href="#[45]">&gt;&gt;</a>&nbsp;&nbsp;&nbsp;main
</UL>

<P><STRONG><a name="[b9]"></a>serial_Sendbyte</STRONG> (Thumb, 28 bytes, Stack size 8 bytes, serial.o(i.serial_Sendbyte))
<BR><BR>[Stack]<UL><LI>Max Depth = 8<LI>Call Chain = serial_Sendbyte
</UL>
<BR>[Calls]<UL><LI><a href="#[bc]">&gt;&gt;</a>&nbsp;&nbsp;&nbsp;USART_SendData
<LI><a href="#[a0]">&gt;&gt;</a>&nbsp;&nbsp;&nbsp;USART_GetFlagStatus
</UL>
<BR>[Called By]<UL><LI><a href="#[45]">&gt;&gt;</a>&nbsp;&nbsp;&nbsp;main
</UL>

<P><STRONG><a name="[4f]"></a>stepconversion</STRONG> (Thumb, 220 bytes, Stack size 0 bytes, motion.o(i.stepconversion))
<BR><BR>[Called By]<UL><LI><a href="#[80]">&gt;&gt;</a>&nbsp;&nbsp;&nbsp;R4coordinate
<LI><a href="#[7f]">&gt;&gt;</a>&nbsp;&nbsp;&nbsp;R3coordinate
<LI><a href="#[7e]">&gt;&gt;</a>&nbsp;&nbsp;&nbsp;R2coordinate
<LI><a href="#[7d]">&gt;&gt;</a>&nbsp;&nbsp;&nbsp;R1coordinate
<LI><a href="#[69]">&gt;&gt;</a>&nbsp;&nbsp;&nbsp;L4coordinate
<LI><a href="#[68]">&gt;&gt;</a>&nbsp;&nbsp;&nbsp;L3coordinate
<LI><a href="#[67]">&gt;&gt;</a>&nbsp;&nbsp;&nbsp;L2coordinate
<LI><a href="#[66]">&gt;&gt;</a>&nbsp;&nbsp;&nbsp;L1coordinate
<LI><a href="#[62]">&gt;&gt;</a>&nbsp;&nbsp;&nbsp;F4coordinate
<LI><a href="#[61]">&gt;&gt;</a>&nbsp;&nbsp;&nbsp;F3coordinate
<LI><a href="#[60]">&gt;&gt;</a>&nbsp;&nbsp;&nbsp;F2coordinate
<LI><a href="#[5f]">&gt;&gt;</a>&nbsp;&nbsp;&nbsp;F1coordinate
<LI><a href="#[5c]">&gt;&gt;</a>&nbsp;&nbsp;&nbsp;D4coordinate
<LI><a href="#[5b]">&gt;&gt;</a>&nbsp;&nbsp;&nbsp;D3coordinate
<LI><a href="#[5a]">&gt;&gt;</a>&nbsp;&nbsp;&nbsp;D2coordinate
<LI><a href="#[59]">&gt;&gt;</a>&nbsp;&nbsp;&nbsp;D1coordinate
<LI><a href="#[58]">&gt;&gt;</a>&nbsp;&nbsp;&nbsp;B4coordinate
<LI><a href="#[57]">&gt;&gt;</a>&nbsp;&nbsp;&nbsp;B3coordinate
<LI><a href="#[56]">&gt;&gt;</a>&nbsp;&nbsp;&nbsp;B2coordinate
<LI><a href="#[4e]">&gt;&gt;</a>&nbsp;&nbsp;&nbsp;B1coordinate
<LI><a href="#[9f]">&gt;&gt;</a>&nbsp;&nbsp;&nbsp;U4coordinate
<LI><a href="#[9e]">&gt;&gt;</a>&nbsp;&nbsp;&nbsp;U3coordinate
<LI><a href="#[9d]">&gt;&gt;</a>&nbsp;&nbsp;&nbsp;U2coordinate
<LI><a href="#[9c]">&gt;&gt;</a>&nbsp;&nbsp;&nbsp;U1coordinate
</UL>

<P><STRONG><a name="[99]"></a>__aeabi_dadd</STRONG> (Thumb, 0 bytes, Stack size 16 bytes, daddsub_clz.o(x$fpl$dadd))
<BR><BR>[Stack]<UL><LI>Max Depth = 16<LI>Call Chain = __aeabi_dadd
</UL>
<BR>[Called By]<UL><LI><a href="#[2c]">&gt;&gt;</a>&nbsp;&nbsp;&nbsp;TIM4_IRQHandler
<LI><a href="#[2b]">&gt;&gt;</a>&nbsp;&nbsp;&nbsp;TIM3_IRQHandler
</UL>

<P><STRONG><a name="[bd]"></a>_dadd</STRONG> (Thumb, 332 bytes, Stack size 16 bytes, daddsub_clz.o(x$fpl$dadd), UNUSED)
<BR><BR>[Calls]<UL><LI><a href="#[be]">&gt;&gt;</a>&nbsp;&nbsp;&nbsp;_dsub1
<LI><a href="#[bf]">&gt;&gt;</a>&nbsp;&nbsp;&nbsp;__fpl_dretinf
<LI><a href="#[c0]">&gt;&gt;</a>&nbsp;&nbsp;&nbsp;__fpl_dnaninf
</UL>

<P><STRONG><a name="[98]"></a>__aeabi_d2iz</STRONG> (Thumb, 0 bytes, Stack size 32 bytes, dfix.o(x$fpl$dfix))
<BR><BR>[Stack]<UL><LI>Max Depth = 32<LI>Call Chain = __aeabi_d2iz
</UL>
<BR>[Called By]<UL><LI><a href="#[2c]">&gt;&gt;</a>&nbsp;&nbsp;&nbsp;TIM4_IRQHandler
<LI><a href="#[2b]">&gt;&gt;</a>&nbsp;&nbsp;&nbsp;TIM3_IRQHandler
</UL>

<P><STRONG><a name="[c1]"></a>_dfix</STRONG> (Thumb, 94 bytes, Stack size 32 bytes, dfix.o(x$fpl$dfix), UNUSED)
<BR><BR>[Calls]<UL><LI><a href="#[c0]">&gt;&gt;</a>&nbsp;&nbsp;&nbsp;__fpl_dnaninf
</UL>

<P><STRONG><a name="[95]"></a>__aeabi_i2d</STRONG> (Thumb, 0 bytes, Stack size 0 bytes, dflt_clz.o(x$fpl$dflt))
<BR><BR>[Called By]<UL><LI><a href="#[2c]">&gt;&gt;</a>&nbsp;&nbsp;&nbsp;TIM4_IRQHandler
<LI><a href="#[2b]">&gt;&gt;</a>&nbsp;&nbsp;&nbsp;TIM3_IRQHandler
</UL>

<P><STRONG><a name="[f1]"></a>_dflt</STRONG> (Thumb, 46 bytes, Stack size 0 bytes, dflt_clz.o(x$fpl$dflt), UNUSED)

<P><STRONG><a name="[96]"></a>__aeabi_dmul</STRONG> (Thumb, 0 bytes, Stack size 32 bytes, dmul.o(x$fpl$dmul))
<BR><BR>[Stack]<UL><LI>Max Depth = 32<LI>Call Chain = __aeabi_dmul
</UL>
<BR>[Called By]<UL><LI><a href="#[2c]">&gt;&gt;</a>&nbsp;&nbsp;&nbsp;TIM4_IRQHandler
<LI><a href="#[2b]">&gt;&gt;</a>&nbsp;&nbsp;&nbsp;TIM3_IRQHandler
</UL>

<P><STRONG><a name="[c2]"></a>_dmul</STRONG> (Thumb, 332 bytes, Stack size 32 bytes, dmul.o(x$fpl$dmul), UNUSED)
<BR><BR>[Calls]<UL><LI><a href="#[bf]">&gt;&gt;</a>&nbsp;&nbsp;&nbsp;__fpl_dretinf
<LI><a href="#[c0]">&gt;&gt;</a>&nbsp;&nbsp;&nbsp;__fpl_dnaninf
</UL>

<P><STRONG><a name="[c0]"></a>__fpl_dnaninf</STRONG> (Thumb, 156 bytes, Stack size 16 bytes, dnaninf.o(x$fpl$dnaninf), UNUSED)
<BR><BR>[Called By]<UL><LI><a href="#[c2]">&gt;&gt;</a>&nbsp;&nbsp;&nbsp;_dmul
<LI><a href="#[c1]">&gt;&gt;</a>&nbsp;&nbsp;&nbsp;_dfix
<LI><a href="#[c5]">&gt;&gt;</a>&nbsp;&nbsp;&nbsp;_dsub
<LI><a href="#[bd]">&gt;&gt;</a>&nbsp;&nbsp;&nbsp;_dadd
</UL>

<P><STRONG><a name="[bf]"></a>__fpl_dretinf</STRONG> (Thumb, 12 bytes, Stack size 0 bytes, dretinf.o(x$fpl$dretinf), UNUSED)
<BR><BR>[Called By]<UL><LI><a href="#[c2]">&gt;&gt;</a>&nbsp;&nbsp;&nbsp;_dmul
<LI><a href="#[bd]">&gt;&gt;</a>&nbsp;&nbsp;&nbsp;_dadd
</UL>

<P><STRONG><a name="[97]"></a>__aeabi_drsub</STRONG> (Thumb, 0 bytes, Stack size 8 bytes, daddsub_clz.o(x$fpl$drsb))
<BR><BR>[Stack]<UL><LI>Max Depth = 8<LI>Call Chain = __aeabi_drsub
</UL>
<BR>[Called By]<UL><LI><a href="#[2c]">&gt;&gt;</a>&nbsp;&nbsp;&nbsp;TIM4_IRQHandler
<LI><a href="#[2b]">&gt;&gt;</a>&nbsp;&nbsp;&nbsp;TIM3_IRQHandler
</UL>

<P><STRONG><a name="[c3]"></a>_drsb</STRONG> (Thumb, 22 bytes, Stack size 8 bytes, daddsub_clz.o(x$fpl$drsb), UNUSED)
<BR><BR>[Calls]<UL><LI><a href="#[be]">&gt;&gt;</a>&nbsp;&nbsp;&nbsp;_dsub1
<LI><a href="#[c4]">&gt;&gt;</a>&nbsp;&nbsp;&nbsp;_dadd1
</UL>

<P><STRONG><a name="[f2]"></a>__aeabi_dsub</STRONG> (Thumb, 0 bytes, Stack size 32 bytes, daddsub_clz.o(x$fpl$dsub), UNUSED)

<P><STRONG><a name="[c5]"></a>_dsub</STRONG> (Thumb, 464 bytes, Stack size 32 bytes, daddsub_clz.o(x$fpl$dsub), UNUSED)
<BR><BR>[Calls]<UL><LI><a href="#[c4]">&gt;&gt;</a>&nbsp;&nbsp;&nbsp;_dadd1
<LI><a href="#[c0]">&gt;&gt;</a>&nbsp;&nbsp;&nbsp;__fpl_dnaninf
</UL>
<P>
<H3>
Local Symbols
</H3>
<P><STRONG><a name="[92]"></a>SetSysClock</STRONG> (Thumb, 8 bytes, Stack size 8 bytes, system_stm32f10x.o(i.SetSysClock))
<BR><BR>[Stack]<UL><LI>Max Depth = 20<LI>Call Chain = SetSysClock &rArr; SetSysClockTo72
</UL>
<BR>[Calls]<UL><LI><a href="#[93]">&gt;&gt;</a>&nbsp;&nbsp;&nbsp;SetSysClockTo72
</UL>
<BR>[Called By]<UL><LI><a href="#[39]">&gt;&gt;</a>&nbsp;&nbsp;&nbsp;SystemInit
</UL>

<P><STRONG><a name="[93]"></a>SetSysClockTo72</STRONG> (Thumb, 214 bytes, Stack size 12 bytes, system_stm32f10x.o(i.SetSysClockTo72))
<BR><BR>[Stack]<UL><LI>Max Depth = 12<LI>Call Chain = SetSysClockTo72
</UL>
<BR>[Called By]<UL><LI><a href="#[92]">&gt;&gt;</a>&nbsp;&nbsp;&nbsp;SetSysClock
</UL>

<P><STRONG><a name="[c4]"></a>_dadd1</STRONG> (Thumb, 0 bytes, Stack size unknown bytes, daddsub_clz.o(x$fpl$dadd), UNUSED)
<BR><BR>[Called By]<UL><LI><a href="#[c5]">&gt;&gt;</a>&nbsp;&nbsp;&nbsp;_dsub
<LI><a href="#[c3]">&gt;&gt;</a>&nbsp;&nbsp;&nbsp;_drsb
</UL>

<P><STRONG><a name="[be]"></a>_dsub1</STRONG> (Thumb, 0 bytes, Stack size unknown bytes, daddsub_clz.o(x$fpl$dsub), UNUSED)
<BR><BR>[Called By]<UL><LI><a href="#[c3]">&gt;&gt;</a>&nbsp;&nbsp;&nbsp;_drsb
<LI><a href="#[bd]">&gt;&gt;</a>&nbsp;&nbsp;&nbsp;_dadd
</UL>
<P>
<H3>
Undefined Global Symbols
</H3><HR></body></html>
